******************************************************************************
                  TI ARM Linker PC v20.2.1                     
******************************************************************************
>> Linked Wed Apr 28 20:13:20 2021

OUTPUT FILE NAME:   <FinalProject3.out>
ENTRY POINT SYMBOL: "_c_int00_noargs"  address: 00007399


MEMORY CONFIGURATION

         name            origin    length      used     unused   attr    fill
----------------------  --------  ---------  --------  --------  ----  --------
  FLASH                 00000000   00040000  000079f3  0003860d  R  X
  SRAM                  20000000   00008000  000026c0  00005940  RW X


SEGMENT ALLOCATION MAP

run origin  load origin   length   init length attrs members
----------  ----------- ---------- ----------- ----- -------
00000000    00000000    000079f8   000079f8    r-x
  00000000    00000000    0000026c   0000026c    r-- .intvecs
  0000026c    0000026c    00007434   00007434    r-x .text
  000076a0    000076a0    000002a3   000002a3    r-- .const
  00007948    00007948    000000b0   000000b0    r-- .cinit
20000000    20000000    000026c4   00000000    rw-
  20000000    20000000    0000026c   00000000    rw- .vtable
  20000270    20000270    00001000   00000000    rw- .stack
  20001270    20001270    00001000   00000000    rw- .sysmem
  20002270    20002270    00000238   00000000    rw- .bss
  200024a8    200024a8    0000021c   00000000    rw- .data


SECTION ALLOCATION MAP

 output                                  attributes/
section   page    origin      length       input sections
--------  ----  ----------  ----------   ----------------
.intvecs   0    00000000    0000026c     
                  00000000    0000026c     tm4c123gh6pm_startup_ccs.obj (.intvecs)

.text      0    0000026c    00007434     
                  0000026c    00000c20     open_interface.obj (.text)
                  00000e8c    00000a4e     rtsv7M4_T_le_v4SPD16_eabi.lib : _printfi.c.obj (.text:__TI_printfi)
                  000018da    00000002                                   : _lock.c.obj (.text:_nop)
                  000018dc    000009c0                                   : e_pow.c.obj (.text:pow)
                  0000229c    00000910     final_main.obj (.text)
                  00002bac    00000738     rtsv7M4_T_le_v4SPD16_eabi.lib : k_rem_pio2.c.obj (.text:__kernel_rem_pio2)
                  000032e4    00000630     movement.obj (.text)
                  00003914    000005dc     rtsv7M4_T_le_v4SPD16_eabi.lib : s_cos.c.obj (.text:cos)
                  00003ef0    00000328     lcd.obj (.text)
                  00004218    000002ac     scan.obj (.text)
                  000044c4    00000270     rtsv7M4_T_le_v4SPD16_eabi.lib : _printfi.c.obj (.text:_pconv_a)
                  00004734    0000024c     ping.obj (.text)
                  00004980    00000248     Timer.obj (.text)
                  00004bc8    00000240     uart-interrupt.obj (.text)
                  00004e08    000001d0     rtsv7M4_T_le_v4SPD16_eabi.lib : _printfi.c.obj (.text:_pconv_g)
                  00004fd8    000001b6                                   : fd_add_t2.asm.obj (.text)
                  0000518e    000001a4     CliffDetection.obj (.text)
                  00005332    00000002     rtsv7M4_T_le_v4SPD16_eabi.lib : div0.asm.obj (.text)
                  00005334    00000174                                   : k_sin.c.obj (.text:__kernel_sin)
                  000054a8    0000016c                                   : k_cos.c.obj (.text:__kernel_cos)
                  00005614    00000158                                   : e_sqrt.c.obj (.text:sqrt)
                  0000576c    0000013c                                   : _printfi.c.obj (.text:_pconv_e)
                  000058a8    00000136                                   : fd_div_t2.asm.obj (.text)
                  000059de    00000002     --HOLE-- [fill = 0]
                  000059e0    00000130     servo.obj (.text)
                  00005b10    00000124     rtsv7M4_T_le_v4SPD16_eabi.lib : _printfi.c.obj (.text:fcvt)
                  00005c34    00000120     adc.obj (.text)
                  00005d54    00000114     rtsv7M4_T_le_v4SPD16_eabi.lib : fputs.c.obj (.text:fputs)
                  00005e68    00000110                                   : s_scalbn.c.obj (.text:scalbn)
                  00005f78    00000108                                   : memory.c.obj (.text:aligned_alloc)
                  00006080    000000fc                                   : fd_mul_t2.asm.obj (.text)
                  0000617c    000000f8                                   : s_floor.c.obj (.text:floor)
                  00006274    000000e4                                   : memory.c.obj (.text:free)
                  00006358    000000dc                                   : setvbuf.c.obj (.text:setvbuf)
                  00006434    000000b1                                   : _printfi.c.obj (.text:_ltostr)
                  000064e5    00000001     --HOLE-- [fill = 0]
                  000064e6    0000009c                                   : memcpy_t2.asm.obj (.text)
                  00006582    00000096                                   : ull_div_t2.asm.obj (.text)
                  00006618    0000008c                                   : fputc.c.obj (.text:fputc)
                  000066a4    00000086                                   : fd_cmp_t2.asm.obj (.text:__aeabi_cdcmple)
                  0000672a    00000086                                   : fd_cmp_t2.asm.obj (.text:__aeabi_cdrcmple)
                  000067b0    0000007a                                   : memset_t2.asm.obj (.text)
                  0000682a    00000002     --HOLE-- [fill = 0]
                  0000682c    00000074                                   : fclose.c.obj (.text:__TI_closefile)
                  000068a0    00000070                                   : memory.c.obj (.text:split)
                  00006910    0000006e                                   : _printfi.c.obj (.text:_mcpy)
                  0000697e    0000006e                                   : fd_tos_t2.asm.obj (.text)
                  000069ec    0000006c                                   : hostrename.c.obj (.text:HOSTrename)
                  00006a58    00000068                                   : hostlseek.c.obj (.text:HOSTlseek)
                  00006ac0    00000068                                   : copy_decompress_lzss.c.obj (.text:decompress:lzss:__TI_decompress_lzss)
                  00006b28    00000068                                   : printf.c.obj (.text:printf)
                  00006b90    00000064                                   : s_frexp.c.obj (.text:frexp)
                  00006bf4    00000064                                   : fseek.c.obj (.text:fseek)
                  00006c58    00000062                                   : _io_perm.c.obj (.text:__TI_wrt_ok)
                  00006cba    00000002     --HOLE-- [fill = 0]
                  00006cbc    00000060                                   : hostopen.c.obj (.text:HOSTopen)
                  00006d1c    0000005c                                   : close.c.obj (.text:close)
                  00006d78    00000058                                   : hostread.c.obj (.text:HOSTread)
                  00006dd0    00000058                                   : hostwrite.c.obj (.text:HOSTwrite)
                  00006e28    00000056                                   : _printfi.c.obj (.text:_pconv_f)
                  00006e7e    00000054                                   : _ltoa.c.obj (.text:__TI_ltoa)
                  00006ed2    00000052                                   : _printfi.c.obj (.text:_ecpy)
                  00006f24    0000004c                                   : fflush.c.obj (.text:__TI_doflush)
                  00006f70    0000004c                                   : atoi.c.obj (.text:atoi)
                  00006fbc    00000048                                   : exit.c.obj (.text:exit)
                  00007004    00000048                                   : fd_toi_t2.asm.obj (.text)
                  0000704c    00000044                                   : hostclose.c.obj (.text:HOSTclose)
                  00007090    00000044                                   : hostunlink.c.obj (.text:HOSTunlink)
                  000070d4    00000044                                   : autoinit.c.obj (.text:__TI_auto_init_nobinit_nopinit:__TI_auto_init_nobinit_nopinit)
                  00007118    00000044                                   : getdevice.c.obj (.text:getdevice)
                  0000715c    00000040                                   : sprintf.c.obj (.text:sprintf)
                  0000719c    00000040                                   : vsnprintf.c.obj (.text:vsnprintf)
                  000071dc    0000003e                                   : _printfi.c.obj (.text:_fcpy)
                  0000721a    00000002     --HOLE-- [fill = 0]
                  0000721c    00000038                                   : trgmsg.c.obj (.text:__TI_writemsg)
                  00007254    00000038                                   : memory.c.obj (.text:calloc)
                  0000728c    00000038                                   : fs_tod_t2.asm.obj (.text)
                  000072c4    00000036                                   : strncpy.c.obj (.text:strncpy)
                  000072fa    00000002     --HOLE-- [fill = 0]
                  000072fc    00000034     driverlib.lib : interrupt.obj (.text:IntRegister)
                  00007330    00000034     rtsv7M4_T_le_v4SPD16_eabi.lib : fopen.c.obj (.text:__TI_cleanup)
                  00007364    00000034                                   : trgmsg.c.obj (.text:__TI_readmsg)
                  00007398    00000034                                   : boot_cortex_m.c.obj (.text:_c_int00_noargs:_c_int00_noargs)
                  000073cc    00000030                                   : vsnprintf.c.obj (.text:_outs)
                  000073fc    00000030                                   : getdevice.c.obj (.text:finddevice)
                  0000742c    0000002e                                   : i_tofd_t2.asm.obj (.text)
                  0000745a    00000002     --HOLE-- [fill = 0]
                  0000745c    0000002c                                   : unlink.c.obj (.text:unlink)
                  00007488    00000028                                   : memory.c.obj (.text:free_list_insert)
                  000074b0    00000028                                   : lseek.c.obj (.text:lseek)
                  000074d8    00000028                                   : write.c.obj (.text:write)
                  00007500    00000020                                   : memchr.c.obj (.text:memchr)
                  00007520    0000001c                                   : memory.c.obj (.text:free_list_remove)
                  0000753c    0000001c                                   : memccpy.c.obj (.text:memccpy)
                  00007558    0000001a                                   : s_copysign.c.obj (.text:copysign)
                  00007572    00000018                                   : vsnprintf.c.obj (.text:_outc)
                  0000758a    00000018                                   : sprintf.c.obj (.text:_outs)
                  000075a2    00000018     open_interface.obj (.text:oi_parseInt)
                  000075ba    00000018     rtsv7M4_T_le_v4SPD16_eabi.lib : strcmp.c.obj (.text:strcmp)
                  000075d2    00000016                                   : strchr.c.obj (.text:strchr)
                  000075e8    00000014                                   : strcpy.c.obj (.text:strcpy)
                  000075fc    00000014                                   : strlen.c.obj (.text:strlen)
                  00007610    00000012                                   : wcslen.c.obj (.text:wcslen)
                  00007622    00000010     driverlib.lib : interrupt.obj (.text:IntMasterEnable)
                  00007632    00000010     lcd.obj (.text:lcd_clear)
                  00007642    0000000e     rtsv7M4_T_le_v4SPD16_eabi.lib : copy_decompress_none.c.obj (.text:decompress:none:__TI_decompress_none)
                  00007650    0000000c     driverlib.lib : cpu.obj (.text:CPUcpsie)
                  0000765c    0000000c     rtsv7M4_T_le_v4SPD16_eabi.lib : copy_zero_init.c.obj (.text:decompress:ZI:__TI_zero_init)
                  00007668    0000000c     tm4c123gh6pm_startup_ccs.obj (.text)
                  00007674    0000000a     rtsv7M4_T_le_v4SPD16_eabi.lib : sprintf.c.obj (.text:_outc)
                  0000767e    00000002     --HOLE-- [fill = 0]
                  00007680    00000008                                   : errno.c.obj (.text:__aeabi_errno_addr)
                  00007688    00000008                                   : memory.c.obj (.text:malloc)
                  00007690    00000004                                   : printf.c.obj (.text:_outc)
                  00007694    00000004                                   : printf.c.obj (.text:_outs)
                  00007698    00000004                                   : pre_init.c.obj (.text:_system_pre_init)
                  0000769c    00000004                                   : exit.c.obj (.text:abort:abort)

.const     0    000076a0    000002a3     
                  000076a0    00000158     rtsv7M4_T_le_v4SPD16_eabi.lib : k_rem_pio2.c.obj (.const:$O1$$)
                  000077f8    00000101                                   : ctype.c.obj (.const:.string:_ctypes_)
                  000078f9    00000004     lcd.obj (.const:.string:lineAddress$1)
                  000078fd    00000003     --HOLE-- [fill = 0]
                  00007900    00000030     rtsv7M4_T_le_v4SPD16_eabi.lib : e_pow.c.obj (.const:$O1$$)
                  00007930    0000000f     open_interface.obj (.const:.string:$P$T0$3)
                  0000793f    00000004     lcd.obj (.const:.string:lineAddresses$2)

.cinit     0    00007948    000000b0     
                  00007948    00000078     (.cinit..data.load) [load image, compression = lzss]
                  000079c0    0000000c     (__TI_handler_table)
                  000079cc    00000004     --HOLE-- [fill = 0]
                  000079d0    00000008     (.cinit..bss.load) [load image, compression = zero_init]
                  000079d8    00000008     (.cinit..vtable.load) [load image, compression = zero_init]
                  000079e0    00000018     (__TI_cinit_table)

.init_array 
*          0    00000000    00000000     UNINITIALIZED

.vtable    0    20000000    0000026c     UNINITIALIZED
                  20000000    0000026c     driverlib.lib : interrupt.obj (.vtable)

.stack     0    20000270    00001000     UNINITIALIZED
                  20000270    00000004     rtsv7M4_T_le_v4SPD16_eabi.lib : boot_cortex_m.c.obj (.stack)
                  20000274    00000ffc     --HOLE--

.sysmem    0    20001270    00001000     UNINITIALIZED
                  20001270    00000010     rtsv7M4_T_le_v4SPD16_eabi.lib : memory.c.obj (.sysmem)
                  20001280    00000ff0     --HOLE--

.bss       0    20002270    00000238     UNINITIALIZED
                  20002270    00000120     rtsv7M4_T_le_v4SPD16_eabi.lib : trgmsg.c.obj (.bss:_CIOBUF_)
                  20002390    000000a0     (.common:__TI_tmpnams)
                  20002430    00000054     lcd.obj (.bss:lastbuffer$3)
                  20002484    00000018     open_interface.obj (.bss:firmware$2)
                  2000249c    00000008     (.common:parmbuf)
                  200024a4    00000004     (.common:_timeout_ticks)

.data      0    200024a8    0000021c     UNINITIALIZED
                  200024a8    000000f0     rtsv7M4_T_le_v4SPD16_eabi.lib : defs.c.obj (.data:_ftable)
                  20002598    00000078                                   : host_device.c.obj (.data:_device)
                  20002610    00000050                                   : host_device.c.obj (.data:_stream)
                  20002660    00000020     open_interface.obj (.data)
                  20002680    00000010     rtsv7M4_T_le_v4SPD16_eabi.lib : defs.c.obj (.data)
                  20002690    0000000c                                   : exit.c.obj (.data:$O1$$)
                  2000269c    00000009     ping.obj (.data)
                  200026a5    00000001     Timer.obj (.data)
                  200026a6    00000002     --HOLE--
                  200026a8    00000008     rtsv7M4_T_le_v4SPD16_eabi.lib : _lock.c.obj (.data:$O1$$)
                  200026b0    00000008                                   : memory.c.obj (.data:$O1$$)
                  200026b8    00000008     uart-interrupt.obj (.data)
                  200026c0    00000004     rtsv7M4_T_le_v4SPD16_eabi.lib : errno.c.obj (.data)

__llvm_prf_cnts 
*          0    20000000    00000000     UNINITIALIZED

MODULE SUMMARY

       Module                         code    ro data   rw data
       ------                         ----    -------   -------
    .\
       open_interface.obj             3128    15        56     
       final_main.obj                 2320    0         0      
       movement.obj                   1584    0         0      
       lcd.obj                        824     8         84     
       scan.obj                       684     0         0      
       tm4c123gh6pm_startup_ccs.obj   12      620       0      
       ping.obj                       588     0         9      
       Timer.obj                      584     0         5      
       uart-interrupt.obj             576     0         8      
       CliffDetection.obj             420     0         0      
       servo.obj                      304     0         0      
       adc.obj                        288     0         0      
    +--+------------------------------+-------+---------+---------+
       Total:                         11312   643       162    
                                                               
    C:/ti/TivaWare_C_Series-2.1.4.178/driverlib/ccs/Debug/driverlib.lib
       interrupt.obj                  68      0         620    
       cpu.obj                        12      0         0      
    +--+------------------------------+-------+---------+---------+
       Total:                         80      0         620    
                                                               
    C:\ti\ccs1010\ccs\tools\compiler\ti-cgt-arm_20.2.1.LTS\lib\rtsv7M4_T_le_v4SPD16_eabi.lib
       _printfi.c.obj                 4851    0         0      
       e_pow.c.obj                    2496    48        0      
       k_rem_pio2.c.obj               1848    344       0      
       s_cos.c.obj                    1500    0         0      
       memory.c.obj                   736     0         8      
       fd_add_t2.asm.obj              438     0         0      
       defs.c.obj                     0       0         416    
       trgmsg.c.obj                   108     0         288    
       k_sin.c.obj                    372     0         0      
       k_cos.c.obj                    364     0         0      
       e_sqrt.c.obj                   344     0         0      
       fd_div_t2.asm.obj              310     0         0      
       fputs.c.obj                    276     0         0      
       s_scalbn.c.obj                 272     0         0      
       fd_cmp_t2.asm.obj              268     0         0      
       ctype.c.obj                    0       257       0      
       fd_mul_t2.asm.obj              252     0         0      
       s_floor.c.obj                  248     0         0      
       setvbuf.c.obj                  220     0         0      
       host_device.c.obj              0       0         200    
       memcpy_t2.asm.obj              156     0         0      
       ull_div_t2.asm.obj             150     0         0      
       fputc.c.obj                    140     0         0      
       vsnprintf.c.obj                136     0         0      
       memset_t2.asm.obj              122     0         0      
       fclose.c.obj                   116     0         0      
       getdevice.c.obj                116     0         0      
       printf.c.obj                   112     0         0      
       fd_tos_t2.asm.obj              110     0         0      
       hostrename.c.obj               108     0         0      
       copy_decompress_lzss.c.obj     104     0         0      
       hostlseek.c.obj                104     0         0      
       hostopen.c.obj                 96      0         8      
       fseek.c.obj                    100     0         0      
       s_frexp.c.obj                  100     0         0      
       _io_perm.c.obj                 98      0         0      
       sprintf.c.obj                  98      0         0      
       close.c.obj                    92      0         0      
       exit.c.obj                     76      0         12     
       hostread.c.obj                 88      0         0      
       hostwrite.c.obj                88      0         0      
       _ltoa.c.obj                    84      0         0      
       atoi.c.obj                     76      0         0      
       fflush.c.obj                   76      0         0      
       fd_toi_t2.asm.obj              72      0         0      
       autoinit.c.obj                 68      0         0      
       hostclose.c.obj                68      0         0      
       hostunlink.c.obj               68      0         0      
       fs_tod_t2.asm.obj              56      0         0      
       strncpy.c.obj                  54      0         0      
       boot_cortex_m.c.obj            52      0         0      
       fopen.c.obj                    52      0         0      
       i_tofd_t2.asm.obj              46      0         0      
       unlink.c.obj                   44      0         0      
       lseek.c.obj                    40      0         0      
       write.c.obj                    40      0         0      
       memchr.c.obj                   32      0         0      
       memccpy.c.obj                  28      0         0      
       s_copysign.c.obj               26      0         0      
       strcmp.c.obj                   24      0         0      
       strchr.c.obj                   22      0         0      
       strcpy.c.obj                   20      0         0      
       strlen.c.obj                   20      0         0      
       wcslen.c.obj                   18      0         0      
       copy_decompress_none.c.obj     14      0         0      
       copy_zero_init.c.obj           12      0         0      
       errno.c.obj                    8       0         4      
       _lock.c.obj                    2       0         8      
       pre_init.c.obj                 4       0         0      
       div0.asm.obj                   2       0         0      
    +--+------------------------------+-------+---------+---------+
       Total:                         18341   649       944    
                                                               
       Heap:                          0       0         4096   
       Stack:                         0       0         4096   
       Linker Generated:              0       172       0      
    +--+------------------------------+-------+---------+---------+
       Grand Total:                   29733   1464      9918   


LINKER GENERATED COPY TABLES

__TI_cinit_table @ 000079e0 records: 3, size/record: 8, table size: 24
	.data: load addr=00007948, load size=00000078 bytes, run addr=200024a8, run size=0000021c bytes, compression=lzss
	.bss: load addr=000079d0, load size=00000008 bytes, run addr=20002270, run size=00000238 bytes, compression=zero_init
	.vtable: load addr=000079d8, load size=00000008 bytes, run addr=20000000, run size=0000026c bytes, compression=zero_init


LINKER GENERATED HANDLER TABLE

__TI_handler_table @ 000079c0 records: 3, size/record: 4, table size: 12
	index: 0, handler: __TI_zero_init
	index: 1, handler: __TI_decompress_lzss
	index: 2, handler: __TI_decompress_none


GLOBAL SYMBOLS: SORTED ALPHABETICALLY BY Name 

address   name                           
-------   ----                           
0000769d  C$$EXIT                        
0000724b  C$$IO$$                        
00007651  CPUcpsie                       
000051e5  Cliff45Left                    
00005229  Cliff45Right                   
0000518f  CliffForward                   
000051c3  CliffLeft                      
00005207  CliffRight                     
200026a0  END_TIME                       
00000bc3  GPIOF_Handler                  
0000704d  HOSTclose                      
00006a59  HOSTlseek                      
00006cbd  HOSTopen                       
00006d79  HOSTread                       
000069ed  HOSTrename                     
00007091  HOSTunlink                     
00006dd1  HOSTwrite                      
00007623  IntMasterEnable                
000072fd  IntRegister                    
00007669  ResetISR                       
2000269c  START_TIME                     
200026a4  STATE                          
0000486b  TIMER3B_Handler                
00004d03  UART1_Handler                  
000052e5  Wall45Left                     
00005299  Wall45Right                    
0000530b  WallCorner                     
0000524b  WallForward                    
000052bf  WallLeft                       
00005273  WallRight                      
20002270  __CIOBUF_                      
20001270  __STACK_END                    
00001000  __STACK_SIZE                   
20000470  __STACK_TOP                    
00001000  __SYSMEM_SIZE                  
000079e0  __TI_CINIT_Base                
000079f8  __TI_CINIT_Limit               
000079c0  __TI_Handler_Table_Base        
000079cc  __TI_Handler_Table_Limit       
000070d5  __TI_auto_init_nobinit_nopinit 
00007331  __TI_cleanup                   
20002690  __TI_cleanup_ptr               
0000682d  __TI_closefile                 
00006ac1  __TI_decompress_lzss           
00007643  __TI_decompress_none           
00006f25  __TI_doflush                   
20002694  __TI_dtors_ptr                 
20002698  __TI_enable_exit_profile_output
20002680  __TI_ft_end                    
00006e7f  __TI_ltoa                      
ffffffff  __TI_pprof_out_hndl            
00000e8d  __TI_printfi                   
ffffffff  __TI_prof_data_size            
ffffffff  __TI_prof_data_start           
00007365  __TI_readmsg                   
00000000  __TI_static_base__             
20002390  __TI_tmpnams                   
0000721d  __TI_writemsg                  
00006c59  __TI_wrt_ok                    
0000765d  __TI_zero_init                 
000066a5  __aeabi_cdcmpeq                
000066a5  __aeabi_cdcmple                
0000672b  __aeabi_cdrcmple               
0000697f  __aeabi_d2f                    
00007005  __aeabi_d2iz                   
00004fe3  __aeabi_dadd                   
000058a9  __aeabi_ddiv                   
00006081  __aeabi_dmul                   
00004fd9  __aeabi_dsub                   
00007681  __aeabi_errno_addr             
0000728d  __aeabi_f2d                    
0000742d  __aeabi_i2d                    
00005333  __aeabi_idiv0                  
00005333  __aeabi_ldiv0                  
000067b1  __aeabi_memclr                 
000067b1  __aeabi_memclr4                
000067b1  __aeabi_memclr8                
000064e7  __aeabi_memcpy                 
000064e7  __aeabi_memcpy4                
000064e7  __aeabi_memcpy8                
000067b3  __aeabi_memset                 
000067b3  __aeabi_memset4                
000067b3  __aeabi_memset8                
2000268c  __aeabi_stderr                 
20002684  __aeabi_stdin                  
20002688  __aeabi_stdout                 
00006583  __aeabi_uldivmod               
ffffffff  __binit__                      
ffffffff  __c_args__                     
000054a9  __kernel_cos                   
00002bad  __kernel_rem_pio2              
00005335  __kernel_sin                   
UNDEFED   __mpu_init                     
20000270  __stack                        
20000000  __start___llvm_prf_cnts        
20000000  __stop___llvm_prf_cnts         
00007399  _c_int00_noargs                
000077f8  _ctypes_                       
20002598  _device                        
200024a8  _ftable                        
200026a8  _lock                          
000018db  _nop                           
200026a5  _running                       
20002610  _stream                        
20001270  _sys_memory                    
UNDEFED   _system_post_cinit             
00007699  _system_pre_init               
200024a4  _timeout_ticks                 
200026ac  _unlock                        
0000769d  abort                          
00005c35  adc_init                       
00005cdf  adc_read                       
00005f79  aligned_alloc                  
00006f71  atoi                           
ffffffff  binit                          
00007255  calloc                         
00006d1d  close                          
200026b8  command_byte                   
200026bc  command_flag                   
00007559  copysign                       
00007559  copysignl                      
00003915  cos                            
00003915  cosl                           
200026c0  errno                          
00006fbd  exit                           
000073fd  finddevice                     
0000617d  floor                          
0000617d  floorl                         
00006619  fputc                          
00005d55  fputs                          
00006275  free                           
00006b91  frexp                          
00006b91  frexpl                         
00006bf5  fseek                          
20000000  g_pfnRAMVectors                
00000000  g_pfnVectors                   
00004219  getObjects                     
00007119  getdevice                      
0000097f  go_charge                      
00007633  lcd_clear                      
000040c5  lcd_gotoLine                   
00003f2d  lcd_init                       
0000412b  lcd_printf                     
00003fed  lcd_putc                       
00004025  lcd_puts                       
00003ef1  lcd_reverseNibble              
00004043  lcd_sendCommand                
00004081  lcd_sendNibble                 
000040ed  lcd_setCursorPos               
00005e69  ldexp                          
00005e69  ldexpl                         
000074b1  lseek                          
0000229d  main                           
00007689  malloc                         
00005f79  memalign                       
0000753d  memccpy                        
00007501  memchr                         
000064e7  memcpy                         
000067b9  memset                         
20002660  motor_cal_factor_L             
20002664  motor_cal_factor_R             
000035a1  move_backwards                 
000032e5  move_forward                   
000034a9  move_forwardFinal              
00003689  move_left                      
00003609  move_right                     
0000026d  oi_alloc                       
00000aa9  oi_checkFirmware               
000002c7  oi_close                       
00000279  oi_free                        
00000ded  oi_getMotorCalibrationLeft     
00000e01  oi_getMotorCalibrationRight    
000002b1  oi_init                        
00000289  oi_init_noupdate               
00000915  oi_loadSong                    
000075a3  oi_parseInt                    
0000032b  oi_parsePacket                 
0000096b  oi_play_song                   
0000084b  oi_setLeds                     
00000db1  oi_setMotorCalibration         
0000088f  oi_setWheels                   
00000b51  oi_shutoff_init                
0000098d  oi_uartInit                    
00000a31  oi_uartReceive                 
00000a77  oi_uartSendBuff                
00000a15  oi_uartSendChar                
00000a59  oi_uartSendStr                 
000002d9  oi_update                      
2000249c  parmbuf                        
000048a3  ping_getDistance               
00004735  ping_init                      
00003869  ping_moveWhite                 
000047f7  ping_trigger                   
00003735  ping_turn_left                 
000037fd  ping_turn_right                
000018dd  pow                            
000018dd  powl                           
00006b29  printf                         
00006619  putc                           
0000745d  remove                         
00005e69  scalbn                         
00005e69  scalbnl                        
000059e1  servo_init                     
00005a7f  servo_move                     
00006359  setvbuf                        
0000715d  sprintf                        
00005615  sqrt                           
00005615  sqrtl                          
000075d3  strchr                         
000075bb  strcmp                         
000075e9  strcpy                         
000075fd  strlen                         
000072c5  strncpy                        
00002aa1  testObject                     
00004a9f  timer_getMicros                
00004a47  timer_getMillis                
00004981  timer_init                     
00004a23  timer_pause                    
00004a35  timer_resume                   
000049f9  timer_stop                     
00004af9  timer_waitMicros               
00004b2b  timer_waitMillis               
00004bc9  uart_interrupt_init            
00004cbf  uart_receive                   
00004ca3  uart_sendChar                  
00004ce5  uart_sendStr                   
0000745d  unlink                         
0000719d  vsnprintf                      
00007611  wcslen                         
000074d9  write                          


GLOBAL SYMBOLS: SORTED BY Symbol Address 

address   name                           
-------   ----                           
00000000  __TI_static_base__             
00000000  g_pfnVectors                   
0000026d  oi_alloc                       
00000279  oi_free                        
00000289  oi_init_noupdate               
000002b1  oi_init                        
000002c7  oi_close                       
000002d9  oi_update                      
0000032b  oi_parsePacket                 
0000084b  oi_setLeds                     
0000088f  oi_setWheels                   
00000915  oi_loadSong                    
0000096b  oi_play_song                   
0000097f  go_charge                      
0000098d  oi_uartInit                    
00000a15  oi_uartSendChar                
00000a31  oi_uartReceive                 
00000a59  oi_uartSendStr                 
00000a77  oi_uartSendBuff                
00000aa9  oi_checkFirmware               
00000b51  oi_shutoff_init                
00000bc3  GPIOF_Handler                  
00000db1  oi_setMotorCalibration         
00000ded  oi_getMotorCalibrationLeft     
00000e01  oi_getMotorCalibrationRight    
00000e8d  __TI_printfi                   
00001000  __STACK_SIZE                   
00001000  __SYSMEM_SIZE                  
000018db  _nop                           
000018dd  pow                            
000018dd  powl                           
0000229d  main                           
00002aa1  testObject                     
00002bad  __kernel_rem_pio2              
000032e5  move_forward                   
000034a9  move_forwardFinal              
000035a1  move_backwards                 
00003609  move_right                     
00003689  move_left                      
00003735  ping_turn_left                 
000037fd  ping_turn_right                
00003869  ping_moveWhite                 
00003915  cos                            
00003915  cosl                           
00003ef1  lcd_reverseNibble              
00003f2d  lcd_init                       
00003fed  lcd_putc                       
00004025  lcd_puts                       
00004043  lcd_sendCommand                
00004081  lcd_sendNibble                 
000040c5  lcd_gotoLine                   
000040ed  lcd_setCursorPos               
0000412b  lcd_printf                     
00004219  getObjects                     
00004735  ping_init                      
000047f7  ping_trigger                   
0000486b  TIMER3B_Handler                
000048a3  ping_getDistance               
00004981  timer_init                     
000049f9  timer_stop                     
00004a23  timer_pause                    
00004a35  timer_resume                   
00004a47  timer_getMillis                
00004a9f  timer_getMicros                
00004af9  timer_waitMicros               
00004b2b  timer_waitMillis               
00004bc9  uart_interrupt_init            
00004ca3  uart_sendChar                  
00004cbf  uart_receive                   
00004ce5  uart_sendStr                   
00004d03  UART1_Handler                  
00004fd9  __aeabi_dsub                   
00004fe3  __aeabi_dadd                   
0000518f  CliffForward                   
000051c3  CliffLeft                      
000051e5  Cliff45Left                    
00005207  CliffRight                     
00005229  Cliff45Right                   
0000524b  WallForward                    
00005273  WallRight                      
00005299  Wall45Right                    
000052bf  WallLeft                       
000052e5  Wall45Left                     
0000530b  WallCorner                     
00005333  __aeabi_idiv0                  
00005333  __aeabi_ldiv0                  
00005335  __kernel_sin                   
000054a9  __kernel_cos                   
00005615  sqrt                           
00005615  sqrtl                          
000058a9  __aeabi_ddiv                   
000059e1  servo_init                     
00005a7f  servo_move                     
00005c35  adc_init                       
00005cdf  adc_read                       
00005d55  fputs                          
00005e69  ldexp                          
00005e69  ldexpl                         
00005e69  scalbn                         
00005e69  scalbnl                        
00005f79  aligned_alloc                  
00005f79  memalign                       
00006081  __aeabi_dmul                   
0000617d  floor                          
0000617d  floorl                         
00006275  free                           
00006359  setvbuf                        
000064e7  __aeabi_memcpy                 
000064e7  __aeabi_memcpy4                
000064e7  __aeabi_memcpy8                
000064e7  memcpy                         
00006583  __aeabi_uldivmod               
00006619  fputc                          
00006619  putc                           
000066a5  __aeabi_cdcmpeq                
000066a5  __aeabi_cdcmple                
0000672b  __aeabi_cdrcmple               
000067b1  __aeabi_memclr                 
000067b1  __aeabi_memclr4                
000067b1  __aeabi_memclr8                
000067b3  __aeabi_memset                 
000067b3  __aeabi_memset4                
000067b3  __aeabi_memset8                
000067b9  memset                         
0000682d  __TI_closefile                 
0000697f  __aeabi_d2f                    
000069ed  HOSTrename                     
00006a59  HOSTlseek                      
00006ac1  __TI_decompress_lzss           
00006b29  printf                         
00006b91  frexp                          
00006b91  frexpl                         
00006bf5  fseek                          
00006c59  __TI_wrt_ok                    
00006cbd  HOSTopen                       
00006d1d  close                          
00006d79  HOSTread                       
00006dd1  HOSTwrite                      
00006e7f  __TI_ltoa                      
00006f25  __TI_doflush                   
00006f71  atoi                           
00006fbd  exit                           
00007005  __aeabi_d2iz                   
0000704d  HOSTclose                      
00007091  HOSTunlink                     
000070d5  __TI_auto_init_nobinit_nopinit 
00007119  getdevice                      
0000715d  sprintf                        
0000719d  vsnprintf                      
0000721d  __TI_writemsg                  
0000724b  C$$IO$$                        
00007255  calloc                         
0000728d  __aeabi_f2d                    
000072c5  strncpy                        
000072fd  IntRegister                    
00007331  __TI_cleanup                   
00007365  __TI_readmsg                   
00007399  _c_int00_noargs                
000073fd  finddevice                     
0000742d  __aeabi_i2d                    
0000745d  remove                         
0000745d  unlink                         
000074b1  lseek                          
000074d9  write                          
00007501  memchr                         
0000753d  memccpy                        
00007559  copysign                       
00007559  copysignl                      
000075a3  oi_parseInt                    
000075bb  strcmp                         
000075d3  strchr                         
000075e9  strcpy                         
000075fd  strlen                         
00007611  wcslen                         
00007623  IntMasterEnable                
00007633  lcd_clear                      
00007643  __TI_decompress_none           
00007651  CPUcpsie                       
0000765d  __TI_zero_init                 
00007669  ResetISR                       
00007681  __aeabi_errno_addr             
00007689  malloc                         
00007699  _system_pre_init               
0000769d  C$$EXIT                        
0000769d  abort                          
000077f8  _ctypes_                       
000079c0  __TI_Handler_Table_Base        
000079cc  __TI_Handler_Table_Limit       
000079e0  __TI_CINIT_Base                
000079f8  __TI_CINIT_Limit               
20000000  __start___llvm_prf_cnts        
20000000  __stop___llvm_prf_cnts         
20000000  g_pfnRAMVectors                
20000270  __stack                        
20000470  __STACK_TOP                    
20001270  __STACK_END                    
20001270  _sys_memory                    
20002270  __CIOBUF_                      
20002390  __TI_tmpnams                   
2000249c  parmbuf                        
200024a4  _timeout_ticks                 
200024a8  _ftable                        
20002598  _device                        
20002610  _stream                        
20002660  motor_cal_factor_L             
20002664  motor_cal_factor_R             
20002680  __TI_ft_end                    
20002684  __aeabi_stdin                  
20002688  __aeabi_stdout                 
2000268c  __aeabi_stderr                 
20002690  __TI_cleanup_ptr               
20002694  __TI_dtors_ptr                 
20002698  __TI_enable_exit_profile_output
2000269c  START_TIME                     
200026a0  END_TIME                       
200026a4  STATE                          
200026a5  _running                       
200026a8  _lock                          
200026ac  _unlock                        
200026b8  command_byte                   
200026bc  command_flag                   
200026c0  errno                          
ffffffff  __TI_pprof_out_hndl            
ffffffff  __TI_prof_data_size            
ffffffff  __TI_prof_data_start           
ffffffff  __binit__                      
ffffffff  __c_args__                     
ffffffff  binit                          
UNDEFED   __mpu_init                     
UNDEFED   _system_post_cinit             

[230 symbols]
