******************************************************************************
                  TI ARM Linker PC v20.2.1                     
******************************************************************************
>> Linked Tue Apr 27 18:52:05 2021

OUTPUT FILE NAME:   <FinalProject.out>
ENTRY POINT SYMBOL: "_c_int00_noargs"  address: 00004105


MEMORY CONFIGURATION

         name            origin    length      used     unused   attr    fill
----------------------  --------  ---------  --------  --------  ----  --------
  FLASH                 00000000   00040000  00004590  0003ba70  R  X
  SRAM                  20000000   00008000  00002675  0000598b  RW X


SEGMENT ALLOCATION MAP

run origin  load origin   length   init length attrs members
----------  ----------- ---------- ----------- ----- -------
00000000    00000000    00004598   00004598    r-x
  00000000    00000000    0000026c   0000026c    r-- .intvecs
  0000026c    0000026c    00004148   00004148    r-x .text
  000043b8    000043b8    0000013c   0000013c    r-- .const
  000044f8    000044f8    000000a0   000000a0    r-- .cinit
20000000    20000000    00002679   00000000    rw-
  20000000    20000000    0000026c   00000000    rw- .vtable
  20000270    20000270    00001000   00000000    rw- .stack
  20001270    20001270    00001000   00000000    rw- .sysmem
  20002270    20002270    00000220   00000000    rw- .bss
  20002490    20002490    000001e9   00000000    rw- .data


SECTION ALLOCATION MAP

 output                                  attributes/
section   page    origin      length       input sections
--------  ----  ----------  ----------   ----------------
.intvecs   0    00000000    0000026c     
                  00000000    0000026c     tm4c123gh6pm_startup_ccs.obj (.intvecs)

.text      0    0000026c    00004148     
                  0000026c    00000a4e     rtsv7M4_T_le_v4SPD16_eabi.lib : _printfi.c.obj (.text:__TI_printfi)
                  00000cba    00000002                                   : _lock.c.obj (.text:_nop)
                  00000cbc    000009c0                                   : e_pow.c.obj (.text:pow)
                  0000167c    00000328     lcd.obj (.text)
                  000019a4    00000270     rtsv7M4_T_le_v4SPD16_eabi.lib : _printfi.c.obj (.text:_pconv_a)
                  00001c14    00000258     scan.obj (.text)
                  00001e6c    00000248     Timer.obj (.text)
                  000020b4    000001d0     rtsv7M4_T_le_v4SPD16_eabi.lib : _printfi.c.obj (.text:_pconv_g)
                  00002284    000001b6                                   : fd_add_t2.asm.obj (.text)
                  0000243a    00000002                                   : div0.asm.obj (.text)
                  0000243c    00000158                                   : e_sqrt.c.obj (.text:sqrt)
                  00002594    0000013c                                   : _printfi.c.obj (.text:_pconv_e)
                  000026d0    00000136                                   : fd_div_t2.asm.obj (.text)
                  00002806    00000002     --HOLE-- [fill = 0]
                  00002808    00000130     servo.obj (.text)
                  00002938    00000124     rtsv7M4_T_le_v4SPD16_eabi.lib : _printfi.c.obj (.text:fcvt)
                  00002a5c    00000120     adc.obj (.text)
                  00002b7c    00000114     rtsv7M4_T_le_v4SPD16_eabi.lib : fputs.c.obj (.text:fputs)
                  00002c90    00000110                                   : s_scalbn.c.obj (.text:scalbn)
                  00002da0    00000108                                   : memory.c.obj (.text:aligned_alloc)
                  00002ea8    000000fc                                   : fd_mul_t2.asm.obj (.text)
                  00002fa4    000000e4                                   : memory.c.obj (.text:free)
                  00003088    000000dc                                   : setvbuf.c.obj (.text:setvbuf)
                  00003164    000000b1                                   : _printfi.c.obj (.text:_ltostr)
                  00003215    00000003     --HOLE-- [fill = 0]
                  00003218    000000b0     final_main.obj (.text)
                  000032c8    0000009c     rtsv7M4_T_le_v4SPD16_eabi.lib : memcpy_t2.asm.obj (.text)
                  00003364    00000096                                   : ull_div_t2.asm.obj (.text)
                  000033fa    00000002     --HOLE-- [fill = 0]
                  000033fc    0000008c                                   : fputc.c.obj (.text:fputc)
                  00003488    00000086                                   : fd_cmp_t2.asm.obj (.text:__aeabi_cdcmple)
                  0000350e    00000086                                   : fd_cmp_t2.asm.obj (.text:__aeabi_cdrcmple)
                  00003594    0000007a                                   : memset_t2.asm.obj (.text)
                  0000360e    00000002     --HOLE-- [fill = 0]
                  00003610    00000074                                   : fclose.c.obj (.text:__TI_closefile)
                  00003684    00000070                                   : memory.c.obj (.text:split)
                  000036f4    0000006e                                   : _printfi.c.obj (.text:_mcpy)
                  00003762    0000006e                                   : fd_tos_t2.asm.obj (.text)
                  000037d0    0000006c                                   : hostrename.c.obj (.text:HOSTrename)
                  0000383c    00000068                                   : hostlseek.c.obj (.text:HOSTlseek)
                  000038a4    00000068                                   : copy_decompress_lzss.c.obj (.text:decompress:lzss:__TI_decompress_lzss)
                  0000390c    00000068                                   : printf.c.obj (.text:printf)
                  00003974    00000064                                   : s_frexp.c.obj (.text:frexp)
                  000039d8    00000064                                   : fseek.c.obj (.text:fseek)
                  00003a3c    00000062                                   : _io_perm.c.obj (.text:__TI_wrt_ok)
                  00003a9e    00000002     --HOLE-- [fill = 0]
                  00003aa0    00000060                                   : hostopen.c.obj (.text:HOSTopen)
                  00003b00    0000005c                                   : close.c.obj (.text:close)
                  00003b5c    00000058                                   : hostread.c.obj (.text:HOSTread)
                  00003bb4    00000058                                   : hostwrite.c.obj (.text:HOSTwrite)
                  00003c0c    00000056                                   : _printfi.c.obj (.text:_pconv_f)
                  00003c62    00000054                                   : _ltoa.c.obj (.text:__TI_ltoa)
                  00003cb6    00000052                                   : _printfi.c.obj (.text:_ecpy)
                  00003d08    0000004c                                   : fflush.c.obj (.text:__TI_doflush)
                  00003d54    0000004c                                   : atoi.c.obj (.text:atoi)
                  00003da0    00000048                                   : exit.c.obj (.text:exit)
                  00003de8    00000048                                   : fd_toi_t2.asm.obj (.text)
                  00003e30    00000044                                   : hostclose.c.obj (.text:HOSTclose)
                  00003e74    00000044                                   : hostunlink.c.obj (.text:HOSTunlink)
                  00003eb8    00000044                                   : autoinit.c.obj (.text:__TI_auto_init_nobinit_nopinit:__TI_auto_init_nobinit_nopinit)
                  00003efc    00000044                                   : getdevice.c.obj (.text:getdevice)
                  00003f40    00000040                                   : vsnprintf.c.obj (.text:vsnprintf)
                  00003f80    0000003e                                   : _printfi.c.obj (.text:_fcpy)
                  00003fbe    00000002     --HOLE-- [fill = 0]
                  00003fc0    00000038                                   : trgmsg.c.obj (.text:__TI_writemsg)
                  00003ff8    00000038                                   : fs_tod_t2.asm.obj (.text)
                  00004030    00000036                                   : strncpy.c.obj (.text:strncpy)
                  00004066    00000002     --HOLE-- [fill = 0]
                  00004068    00000034     driverlib.lib : interrupt.obj (.text:IntRegister)
                  0000409c    00000034     rtsv7M4_T_le_v4SPD16_eabi.lib : fopen.c.obj (.text:__TI_cleanup)
                  000040d0    00000034                                   : trgmsg.c.obj (.text:__TI_readmsg)
                  00004104    00000034                                   : boot_cortex_m.c.obj (.text:_c_int00_noargs:_c_int00_noargs)
                  00004138    00000030                                   : vsnprintf.c.obj (.text:_outs)
                  00004168    00000030                                   : getdevice.c.obj (.text:finddevice)
                  00004198    0000002e                                   : i_tofd_t2.asm.obj (.text)
                  000041c6    00000002     --HOLE-- [fill = 0]
                  000041c8    0000002c                                   : unlink.c.obj (.text:unlink)
                  000041f4    00000028                                   : memory.c.obj (.text:free_list_insert)
                  0000421c    00000028                                   : lseek.c.obj (.text:lseek)
                  00004244    00000028                                   : write.c.obj (.text:write)
                  0000426c    00000020                                   : memchr.c.obj (.text:memchr)
                  0000428c    0000001c                                   : memory.c.obj (.text:free_list_remove)
                  000042a8    0000001c                                   : memccpy.c.obj (.text:memccpy)
                  000042c4    0000001a                                   : s_copysign.c.obj (.text:copysign)
                  000042de    00000018                                   : vsnprintf.c.obj (.text:_outc)
                  000042f6    00000018                                   : strcmp.c.obj (.text:strcmp)
                  0000430e    00000016                                   : strchr.c.obj (.text:strchr)
                  00004324    00000014                                   : strcpy.c.obj (.text:strcpy)
                  00004338    00000014                                   : strlen.c.obj (.text:strlen)
                  0000434c    00000012                                   : wcslen.c.obj (.text:wcslen)
                  0000435e    00000010     lcd.obj (.text:lcd_clear)
                  0000436e    0000000e     rtsv7M4_T_le_v4SPD16_eabi.lib : copy_decompress_none.c.obj (.text:decompress:none:__TI_decompress_none)
                  0000437c    0000000c                                   : copy_zero_init.c.obj (.text:decompress:ZI:__TI_zero_init)
                  00004388    0000000c     tm4c123gh6pm_startup_ccs.obj (.text)
                  00004394    00000008     rtsv7M4_T_le_v4SPD16_eabi.lib : errno.c.obj (.text:__aeabi_errno_addr)
                  0000439c    00000008                                   : memory.c.obj (.text:malloc)
                  000043a4    00000004                                   : printf.c.obj (.text:_outc)
                  000043a8    00000004                                   : printf.c.obj (.text:_outs)
                  000043ac    00000004                                   : pre_init.c.obj (.text:_system_pre_init)
                  000043b0    00000004                                   : exit.c.obj (.text:abort:abort)

.const     0    000043b8    0000013c     
                  000043b8    00000101     rtsv7M4_T_le_v4SPD16_eabi.lib : ctype.c.obj (.const:.string:_ctypes_)
                  000044b9    00000004     lcd.obj (.const:.string:lineAddress$1)
                  000044bd    00000003     --HOLE-- [fill = 0]
                  000044c0    00000030     rtsv7M4_T_le_v4SPD16_eabi.lib : e_pow.c.obj (.const:$O1$$)
                  000044f0    00000004     lcd.obj (.const:.string:lineAddresses$2)

.cinit     0    000044f8    000000a0     
                  000044f8    00000069     (.cinit..data.load) [load image, compression = lzss]
                  00004561    00000003     --HOLE-- [fill = 0]
                  00004564    0000000c     (__TI_handler_table)
                  00004570    00000008     (.cinit..bss.load) [load image, compression = zero_init]
                  00004578    00000008     (.cinit..vtable.load) [load image, compression = zero_init]
                  00004580    00000018     (__TI_cinit_table)

.init_array 
*          0    00000000    00000000     UNINITIALIZED

.vtable    0    20000000    0000026c     UNINITIALIZED
                  20000000    0000026c     driverlib.lib : interrupt.obj (.vtable)

.stack     0    20000270    00001000     UNINITIALIZED
                  20000270    00000004     rtsv7M4_T_le_v4SPD16_eabi.lib : boot_cortex_m.c.obj (.stack)
                  20000274    00000ffc     --HOLE--

.sysmem    0    20001270    00001000     UNINITIALIZED
                  20001270    00000010     rtsv7M4_T_le_v4SPD16_eabi.lib : memory.c.obj (.sysmem)
                  20001280    00000ff0     --HOLE--

.bss       0    20002270    00000220     UNINITIALIZED
                  20002270    00000120     rtsv7M4_T_le_v4SPD16_eabi.lib : trgmsg.c.obj (.bss:_CIOBUF_)
                  20002390    000000a0     (.common:__TI_tmpnams)
                  20002430    00000054     lcd.obj (.bss:lastbuffer$3)
                  20002484    00000008     (.common:parmbuf)
                  2000248c    00000004     (.common:_timeout_ticks)

.data      0    20002490    000001e9     UNINITIALIZED
                  20002490    000000f0     rtsv7M4_T_le_v4SPD16_eabi.lib : defs.c.obj (.data:_ftable)
                  20002580    00000078                                   : host_device.c.obj (.data:_device)
                  200025f8    00000050                                   : host_device.c.obj (.data:_stream)
                  20002648    00000010                                   : defs.c.obj (.data)
                  20002658    0000000c                                   : exit.c.obj (.data:$O1$$)
                  20002664    00000008                                   : _lock.c.obj (.data:$O1$$)
                  2000266c    00000008                                   : memory.c.obj (.data:$O1$$)
                  20002674    00000004                                   : errno.c.obj (.data)
                  20002678    00000001     Timer.obj (.data)

__llvm_prf_cnts 
*          0    20000000    00000000     UNINITIALIZED

MODULE SUMMARY

       Module                         code    ro data   rw data
       ------                         ----    -------   -------
    .\
       lcd.obj                        824     8         84     
       tm4c123gh6pm_startup_ccs.obj   12      620       0      
       scan.obj                       600     0         0      
       Timer.obj                      584     0         5      
       servo.obj                      304     0         0      
       adc.obj                        288     0         0      
       final_main.obj                 176     0         0      
    +--+------------------------------+-------+---------+---------+
       Total:                         2788    628       89     
                                                               
    C:/ti/TivaWare_C_Series-2.1.4.178/driverlib/ccs/Debug/driverlib.lib
       interrupt.obj                  52      0         620    
    +--+------------------------------+-------+---------+---------+
       Total:                         52      0         620    
                                                               
    C:\ti\ccs1010\ccs\tools\compiler\ti-cgt-arm_20.2.1.LTS\lib\rtsv7M4_T_le_v4SPD16_eabi.lib
       _printfi.c.obj                 4851    0         0      
       e_pow.c.obj                    2496    48        0      
       memory.c.obj                   680     0         8      
       fd_add_t2.asm.obj              438     0         0      
       defs.c.obj                     0       0         416    
       trgmsg.c.obj                   108     0         288    
       e_sqrt.c.obj                   344     0         0      
       fd_div_t2.asm.obj              310     0         0      
       fputs.c.obj                    276     0         0      
       s_scalbn.c.obj                 272     0         0      
       fd_cmp_t2.asm.obj              268     0         0      
       ctype.c.obj                    0       257       0      
       fd_mul_t2.asm.obj              252     0         0      
       setvbuf.c.obj                  220     0         0      
       host_device.c.obj              0       0         200    
       memcpy_t2.asm.obj              156     0         0      
       ull_div_t2.asm.obj             150     0         0      
       fputc.c.obj                    140     0         0      
       vsnprintf.c.obj                136     0         0      
       memset_t2.asm.obj              122     0         0      
       fclose.c.obj                   116     0         0      
       getdevice.c.obj                116     0         0      
       printf.c.obj                   112     0         0      
       fd_tos_t2.asm.obj              110     0         0      
       hostrename.c.obj               108     0         0      
       copy_decompress_lzss.c.obj     104     0         0      
       hostlseek.c.obj                104     0         0      
       hostopen.c.obj                 96      0         8      
       fseek.c.obj                    100     0         0      
       s_frexp.c.obj                  100     0         0      
       _io_perm.c.obj                 98      0         0      
       close.c.obj                    92      0         0      
       exit.c.obj                     76      0         12     
       hostread.c.obj                 88      0         0      
       hostwrite.c.obj                88      0         0      
       _ltoa.c.obj                    84      0         0      
       atoi.c.obj                     76      0         0      
       fflush.c.obj                   76      0         0      
       fd_toi_t2.asm.obj              72      0         0      
       autoinit.c.obj                 68      0         0      
       hostclose.c.obj                68      0         0      
       hostunlink.c.obj               68      0         0      
       fs_tod_t2.asm.obj              56      0         0      
       strncpy.c.obj                  54      0         0      
       boot_cortex_m.c.obj            52      0         0      
       fopen.c.obj                    52      0         0      
       i_tofd_t2.asm.obj              46      0         0      
       unlink.c.obj                   44      0         0      
       lseek.c.obj                    40      0         0      
       write.c.obj                    40      0         0      
       memchr.c.obj                   32      0         0      
       memccpy.c.obj                  28      0         0      
       s_copysign.c.obj               26      0         0      
       strcmp.c.obj                   24      0         0      
       strchr.c.obj                   22      0         0      
       strcpy.c.obj                   20      0         0      
       strlen.c.obj                   20      0         0      
       wcslen.c.obj                   18      0         0      
       copy_decompress_none.c.obj     14      0         0      
       copy_zero_init.c.obj           12      0         0      
       errno.c.obj                    8       0         4      
       _lock.c.obj                    2       0         8      
       pre_init.c.obj                 4       0         0      
       div0.asm.obj                   2       0         0      
    +--+------------------------------+-------+---------+---------+
       Total:                         13855   305       944    
                                                               
       Heap:                          0       0         4096   
       Stack:                         0       0         4096   
       Linker Generated:              0       157       0      
    +--+------------------------------+-------+---------+---------+
       Grand Total:                   16695   1090      9845   


LINKER GENERATED COPY TABLES

__TI_cinit_table @ 00004580 records: 3, size/record: 8, table size: 24
	.data: load addr=000044f8, load size=00000069 bytes, run addr=20002490, run size=000001e9 bytes, compression=lzss
	.bss: load addr=00004570, load size=00000008 bytes, run addr=20002270, run size=00000220 bytes, compression=zero_init
	.vtable: load addr=00004578, load size=00000008 bytes, run addr=20000000, run size=0000026c bytes, compression=zero_init


LINKER GENERATED HANDLER TABLE

__TI_handler_table @ 00004564 records: 3, size/record: 4, table size: 12
	index: 0, handler: __TI_zero_init
	index: 1, handler: __TI_decompress_lzss
	index: 2, handler: __TI_decompress_none


GLOBAL SYMBOLS: SORTED ALPHABETICALLY BY Name 

address   name                           
-------   ----                           
000043b1  C$$EXIT                        
00003fef  C$$IO$$                        
00003e31  HOSTclose                      
0000383d  HOSTlseek                      
00003aa1  HOSTopen                       
00003b5d  HOSTread                       
000037d1  HOSTrename                     
00003e75  HOSTunlink                     
00003bb5  HOSTwrite                      
00004069  IntRegister                    
00004389  ResetISR                       
20002270  __CIOBUF_                      
20001270  __STACK_END                    
00001000  __STACK_SIZE                   
20000470  __STACK_TOP                    
00001000  __SYSMEM_SIZE                  
00004580  __TI_CINIT_Base                
00004598  __TI_CINIT_Limit               
00004564  __TI_Handler_Table_Base        
00004570  __TI_Handler_Table_Limit       
00003eb9  __TI_auto_init_nobinit_nopinit 
0000409d  __TI_cleanup                   
20002658  __TI_cleanup_ptr               
00003611  __TI_closefile                 
000038a5  __TI_decompress_lzss           
0000436f  __TI_decompress_none           
00003d09  __TI_doflush                   
2000265c  __TI_dtors_ptr                 
20002660  __TI_enable_exit_profile_output
20002648  __TI_ft_end                    
00003c63  __TI_ltoa                      
ffffffff  __TI_pprof_out_hndl            
0000026d  __TI_printfi                   
ffffffff  __TI_prof_data_size            
ffffffff  __TI_prof_data_start           
000040d1  __TI_readmsg                   
00000000  __TI_static_base__             
20002390  __TI_tmpnams                   
00003fc1  __TI_writemsg                  
00003a3d  __TI_wrt_ok                    
0000437d  __TI_zero_init                 
00003489  __aeabi_cdcmpeq                
00003489  __aeabi_cdcmple                
0000350f  __aeabi_cdrcmple               
00003763  __aeabi_d2f                    
00003de9  __aeabi_d2iz                   
0000228f  __aeabi_dadd                   
000026d1  __aeabi_ddiv                   
00002ea9  __aeabi_dmul                   
00002285  __aeabi_dsub                   
00004395  __aeabi_errno_addr             
00003ff9  __aeabi_f2d                    
00004199  __aeabi_i2d                    
0000243b  __aeabi_idiv0                  
0000243b  __aeabi_ldiv0                  
00003595  __aeabi_memclr                 
00003595  __aeabi_memclr4                
00003595  __aeabi_memclr8                
000032c9  __aeabi_memcpy                 
000032c9  __aeabi_memcpy4                
000032c9  __aeabi_memcpy8                
00003597  __aeabi_memset                 
00003597  __aeabi_memset4                
00003597  __aeabi_memset8                
20002654  __aeabi_stderr                 
2000264c  __aeabi_stdin                  
20002650  __aeabi_stdout                 
00003365  __aeabi_uldivmod               
ffffffff  __binit__                      
ffffffff  __c_args__                     
UNDEFED   __mpu_init                     
20000270  __stack                        
20000000  __start___llvm_prf_cnts        
20000000  __stop___llvm_prf_cnts         
00004105  _c_int00_noargs                
000043b8  _ctypes_                       
20002580  _device                        
20002490  _ftable                        
20002664  _lock                          
00000cbb  _nop                           
20002678  _running                       
200025f8  _stream                        
20001270  _sys_memory                    
UNDEFED   _system_post_cinit             
000043ad  _system_pre_init               
2000248c  _timeout_ticks                 
20002668  _unlock                        
000043b1  abort                          
00002a5d  adc_init                       
00002b07  adc_read                       
00002da1  aligned_alloc                  
00003d55  atoi                           
ffffffff  binit                          
00003b01  close                          
000042c5  copysign                       
000042c5  copysignl                      
20002674  errno                          
00003da1  exit                           
00004169  finddevice                     
000033fd  fputc                          
00002b7d  fputs                          
00002fa5  free                           
00003975  frexp                          
00003975  frexpl                         
000039d9  fseek                          
20000000  g_pfnRAMVectors                
00000000  g_pfnVectors                   
00001c15  getObjects                     
00003efd  getdevice                      
0000435f  lcd_clear                      
00001851  lcd_gotoLine                   
000016b9  lcd_init                       
000018b7  lcd_printf                     
00001779  lcd_putc                       
000017b1  lcd_puts                       
0000167d  lcd_reverseNibble              
000017cf  lcd_sendCommand                
0000180d  lcd_sendNibble                 
00001879  lcd_setCursorPos               
00002c91  ldexp                          
00002c91  ldexpl                         
0000421d  lseek                          
00003219  main                           
0000327b  main2                          
0000439d  malloc                         
00002da1  memalign                       
000042a9  memccpy                        
0000426d  memchr                         
000032c9  memcpy                         
0000359d  memset                         
0000328d  moveMidPoint                   
20002484  parmbuf                        
00000cbd  pow                            
00000cbd  powl                           
0000390d  printf                         
000033fd  putc                           
000041c9  remove                         
00002c91  scalbn                         
00002c91  scalbnl                        
00002809  servo_init                     
000028a7  servo_move                     
00003089  setvbuf                        
0000243d  sqrt                           
0000243d  sqrtl                          
0000430f  strchr                         
000042f7  strcmp                         
00004325  strcpy                         
00004339  strlen                         
00004031  strncpy                        
00001f8b  timer_getMicros                
00001f33  timer_getMillis                
00001e6d  timer_init                     
00001f0f  timer_pause                    
00001f21  timer_resume                   
00001ee5  timer_stop                     
00001fe5  timer_waitMicros               
00002017  timer_waitMillis               
000041c9  unlink                         
00003f41  vsnprintf                      
0000434d  wcslen                         
00004245  write                          


GLOBAL SYMBOLS: SORTED BY Symbol Address 

address   name                           
-------   ----                           
00000000  __TI_static_base__             
00000000  g_pfnVectors                   
0000026d  __TI_printfi                   
00000cbb  _nop                           
00000cbd  pow                            
00000cbd  powl                           
00001000  __STACK_SIZE                   
00001000  __SYSMEM_SIZE                  
0000167d  lcd_reverseNibble              
000016b9  lcd_init                       
00001779  lcd_putc                       
000017b1  lcd_puts                       
000017cf  lcd_sendCommand                
0000180d  lcd_sendNibble                 
00001851  lcd_gotoLine                   
00001879  lcd_setCursorPos               
000018b7  lcd_printf                     
00001c15  getObjects                     
00001e6d  timer_init                     
00001ee5  timer_stop                     
00001f0f  timer_pause                    
00001f21  timer_resume                   
00001f33  timer_getMillis                
00001f8b  timer_getMicros                
00001fe5  timer_waitMicros               
00002017  timer_waitMillis               
00002285  __aeabi_dsub                   
0000228f  __aeabi_dadd                   
0000243b  __aeabi_idiv0                  
0000243b  __aeabi_ldiv0                  
0000243d  sqrt                           
0000243d  sqrtl                          
000026d1  __aeabi_ddiv                   
00002809  servo_init                     
000028a7  servo_move                     
00002a5d  adc_init                       
00002b07  adc_read                       
00002b7d  fputs                          
00002c91  ldexp                          
00002c91  ldexpl                         
00002c91  scalbn                         
00002c91  scalbnl                        
00002da1  aligned_alloc                  
00002da1  memalign                       
00002ea9  __aeabi_dmul                   
00002fa5  free                           
00003089  setvbuf                        
00003219  main                           
0000327b  main2                          
0000328d  moveMidPoint                   
000032c9  __aeabi_memcpy                 
000032c9  __aeabi_memcpy4                
000032c9  __aeabi_memcpy8                
000032c9  memcpy                         
00003365  __aeabi_uldivmod               
000033fd  fputc                          
000033fd  putc                           
00003489  __aeabi_cdcmpeq                
00003489  __aeabi_cdcmple                
0000350f  __aeabi_cdrcmple               
00003595  __aeabi_memclr                 
00003595  __aeabi_memclr4                
00003595  __aeabi_memclr8                
00003597  __aeabi_memset                 
00003597  __aeabi_memset4                
00003597  __aeabi_memset8                
0000359d  memset                         
00003611  __TI_closefile                 
00003763  __aeabi_d2f                    
000037d1  HOSTrename                     
0000383d  HOSTlseek                      
000038a5  __TI_decompress_lzss           
0000390d  printf                         
00003975  frexp                          
00003975  frexpl                         
000039d9  fseek                          
00003a3d  __TI_wrt_ok                    
00003aa1  HOSTopen                       
00003b01  close                          
00003b5d  HOSTread                       
00003bb5  HOSTwrite                      
00003c63  __TI_ltoa                      
00003d09  __TI_doflush                   
00003d55  atoi                           
00003da1  exit                           
00003de9  __aeabi_d2iz                   
00003e31  HOSTclose                      
00003e75  HOSTunlink                     
00003eb9  __TI_auto_init_nobinit_nopinit 
00003efd  getdevice                      
00003f41  vsnprintf                      
00003fc1  __TI_writemsg                  
00003fef  C$$IO$$                        
00003ff9  __aeabi_f2d                    
00004031  strncpy                        
00004069  IntRegister                    
0000409d  __TI_cleanup                   
000040d1  __TI_readmsg                   
00004105  _c_int00_noargs                
00004169  finddevice                     
00004199  __aeabi_i2d                    
000041c9  remove                         
000041c9  unlink                         
0000421d  lseek                          
00004245  write                          
0000426d  memchr                         
000042a9  memccpy                        
000042c5  copysign                       
000042c5  copysignl                      
000042f7  strcmp                         
0000430f  strchr                         
00004325  strcpy                         
00004339  strlen                         
0000434d  wcslen                         
0000435f  lcd_clear                      
0000436f  __TI_decompress_none           
0000437d  __TI_zero_init                 
00004389  ResetISR                       
00004395  __aeabi_errno_addr             
0000439d  malloc                         
000043ad  _system_pre_init               
000043b1  C$$EXIT                        
000043b1  abort                          
000043b8  _ctypes_                       
00004564  __TI_Handler_Table_Base        
00004570  __TI_Handler_Table_Limit       
00004580  __TI_CINIT_Base                
00004598  __TI_CINIT_Limit               
20000000  __start___llvm_prf_cnts        
20000000  __stop___llvm_prf_cnts         
20000000  g_pfnRAMVectors                
20000270  __stack                        
20000470  __STACK_TOP                    
20001270  __STACK_END                    
20001270  _sys_memory                    
20002270  __CIOBUF_                      
20002390  __TI_tmpnams                   
20002484  parmbuf                        
2000248c  _timeout_ticks                 
20002490  _ftable                        
20002580  _device                        
200025f8  _stream                        
20002648  __TI_ft_end                    
2000264c  __aeabi_stdin                  
20002650  __aeabi_stdout                 
20002654  __aeabi_stderr                 
20002658  __TI_cleanup_ptr               
2000265c  __TI_dtors_ptr                 
20002660  __TI_enable_exit_profile_output
20002664  _lock                          
20002668  _unlock                        
20002674  errno                          
20002678  _running                       
ffffffff  __TI_pprof_out_hndl            
ffffffff  __TI_prof_data_size            
ffffffff  __TI_prof_data_start           
ffffffff  __binit__                      
ffffffff  __c_args__                     
ffffffff  binit                          
UNDEFED   __mpu_init                     
UNDEFED   _system_post_cinit             

[161 symbols]
