<?xml version="1.0" encoding="ISO-8859-1" ?>
<link_info>
   <banner>TI ARM Linker PC v20.2.1.LTS</banner>
   <copyright>Copyright (c) 1996-2018 Texas Instruments Incorporated</copyright>
   <link_time>0x608a0830</link_time>
   <link_errors>0x0</link_errors>
   <output_file>FinalProject3.out</output_file>
   <entry_point>
      <name>_c_int00_noargs</name>
      <address>0x7399</address>
   </entry_point>
   <input_file_list>
      <input_file id="fl-2">
         <path>.\</path>
         <kind>object</kind>
         <file>CliffDetection.obj</file>
         <name>CliffDetection.obj</name>
      </input_file>
      <input_file id="fl-3">
         <path>.\</path>
         <kind>object</kind>
         <file>Timer.obj</file>
         <name>Timer.obj</name>
      </input_file>
      <input_file id="fl-4">
         <path>.\</path>
         <kind>object</kind>
         <file>adc.obj</file>
         <name>adc.obj</name>
      </input_file>
      <input_file id="fl-5">
         <path>.\</path>
         <kind>object</kind>
         <file>final_main.obj</file>
         <name>final_main.obj</name>
      </input_file>
      <input_file id="fl-6">
         <path>.\</path>
         <kind>object</kind>
         <file>lcd.obj</file>
         <name>lcd.obj</name>
      </input_file>
      <input_file id="fl-7">
         <path>.\</path>
         <kind>object</kind>
         <file>movement.obj</file>
         <name>movement.obj</name>
      </input_file>
      <input_file id="fl-8">
         <path>.\</path>
         <kind>object</kind>
         <file>open_interface.obj</file>
         <name>open_interface.obj</name>
      </input_file>
      <input_file id="fl-9">
         <path>.\</path>
         <kind>object</kind>
         <file>ping.obj</file>
         <name>ping.obj</name>
      </input_file>
      <input_file id="fl-a">
         <path>.\</path>
         <kind>object</kind>
         <file>resetSimulation.obj</file>
         <name>resetSimulation.obj</name>
      </input_file>
      <input_file id="fl-b">
         <path>.\</path>
         <kind>object</kind>
         <file>scan.obj</file>
         <name>scan.obj</name>
      </input_file>
      <input_file id="fl-c">
         <path>.\</path>
         <kind>object</kind>
         <file>servo.obj</file>
         <name>servo.obj</name>
      </input_file>
      <input_file id="fl-d">
         <path>.\</path>
         <kind>object</kind>
         <file>tm4c123gh6pm_startup_ccs.obj</file>
         <name>tm4c123gh6pm_startup_ccs.obj</name>
      </input_file>
      <input_file id="fl-e">
         <path>.\</path>
         <kind>object</kind>
         <file>uart-interrupt.obj</file>
         <name>uart-interrupt.obj</name>
      </input_file>
      <input_file id="fl-13">
         <kind>object</kind>
         <file>&lt;internal&gt;</file>
         <name>&lt;internal&gt;</name>
      </input_file>
      <input_file id="fl-c9">
         <path>C:\ti\ccs1010\ccs\tools\compiler\ti-cgt-arm_20.2.1.LTS\lib\</path>
         <kind>archive</kind>
         <file>rtsv7M4_T_le_v4SPD16_eabi.lib</file>
         <name>e_pow.c.obj</name>
      </input_file>
      <input_file id="fl-ca">
         <path>C:\ti\ccs1010\ccs\tools\compiler\ti-cgt-arm_20.2.1.LTS\lib\</path>
         <kind>archive</kind>
         <file>rtsv7M4_T_le_v4SPD16_eabi.lib</file>
         <name>e_sqrt.c.obj</name>
      </input_file>
      <input_file id="fl-cb">
         <path>C:\ti\ccs1010\ccs\tools\compiler\ti-cgt-arm_20.2.1.LTS\lib\</path>
         <kind>archive</kind>
         <file>rtsv7M4_T_le_v4SPD16_eabi.lib</file>
         <name>s_cos.c.obj</name>
      </input_file>
      <input_file id="fl-cc">
         <path>C:\ti\ccs1010\ccs\tools\compiler\ti-cgt-arm_20.2.1.LTS\lib\</path>
         <kind>archive</kind>
         <file>rtsv7M4_T_le_v4SPD16_eabi.lib</file>
         <name>s_scalbn.c.obj</name>
      </input_file>
      <input_file id="fl-cd">
         <path>C:\ti\ccs1010\ccs\tools\compiler\ti-cgt-arm_20.2.1.LTS\lib\</path>
         <kind>archive</kind>
         <file>rtsv7M4_T_le_v4SPD16_eabi.lib</file>
         <name>printf.c.obj</name>
      </input_file>
      <input_file id="fl-ce">
         <path>C:\ti\ccs1010\ccs\tools\compiler\ti-cgt-arm_20.2.1.LTS\lib\</path>
         <kind>archive</kind>
         <file>rtsv7M4_T_le_v4SPD16_eabi.lib</file>
         <name>_printfi.c.obj</name>
      </input_file>
      <input_file id="fl-cf">
         <path>C:\ti\ccs1010\ccs\tools\compiler\ti-cgt-arm_20.2.1.LTS\lib\</path>
         <kind>archive</kind>
         <file>rtsv7M4_T_le_v4SPD16_eabi.lib</file>
         <name>sprintf.c.obj</name>
      </input_file>
      <input_file id="fl-d0">
         <path>C:\ti\ccs1010\ccs\tools\compiler\ti-cgt-arm_20.2.1.LTS\lib\</path>
         <kind>archive</kind>
         <file>rtsv7M4_T_le_v4SPD16_eabi.lib</file>
         <name>vsnprintf.c.obj</name>
      </input_file>
      <input_file id="fl-d1">
         <path>C:\ti\ccs1010\ccs\tools\compiler\ti-cgt-arm_20.2.1.LTS\lib\</path>
         <kind>archive</kind>
         <file>rtsv7M4_T_le_v4SPD16_eabi.lib</file>
         <name>fputc.c.obj</name>
      </input_file>
      <input_file id="fl-d2">
         <path>C:\ti\ccs1010\ccs\tools\compiler\ti-cgt-arm_20.2.1.LTS\lib\</path>
         <kind>archive</kind>
         <file>rtsv7M4_T_le_v4SPD16_eabi.lib</file>
         <name>fputs.c.obj</name>
      </input_file>
      <input_file id="fl-d3">
         <path>C:\ti\ccs1010\ccs\tools\compiler\ti-cgt-arm_20.2.1.LTS\lib\</path>
         <kind>archive</kind>
         <file>rtsv7M4_T_le_v4SPD16_eabi.lib</file>
         <name>_io_perm.c.obj</name>
      </input_file>
      <input_file id="fl-d4">
         <path>C:\ti\ccs1010\ccs\tools\compiler\ti-cgt-arm_20.2.1.LTS\lib\</path>
         <kind>archive</kind>
         <file>rtsv7M4_T_le_v4SPD16_eabi.lib</file>
         <name>setvbuf.c.obj</name>
      </input_file>
      <input_file id="fl-d5">
         <path>C:\ti\ccs1010\ccs\tools\compiler\ti-cgt-arm_20.2.1.LTS\lib\</path>
         <kind>archive</kind>
         <file>rtsv7M4_T_le_v4SPD16_eabi.lib</file>
         <name>memset_t2.asm.obj</name>
      </input_file>
      <input_file id="fl-d6">
         <path>C:\ti\ccs1010\ccs\tools\compiler\ti-cgt-arm_20.2.1.LTS\lib\</path>
         <kind>archive</kind>
         <file>rtsv7M4_T_le_v4SPD16_eabi.lib</file>
         <name>fd_add_t2.asm.obj</name>
      </input_file>
      <input_file id="fl-d7">
         <path>C:\ti\ccs1010\ccs\tools\compiler\ti-cgt-arm_20.2.1.LTS\lib\</path>
         <kind>archive</kind>
         <file>rtsv7M4_T_le_v4SPD16_eabi.lib</file>
         <name>fd_cmp_t2.asm.obj</name>
      </input_file>
      <input_file id="fl-d8">
         <path>C:\ti\ccs1010\ccs\tools\compiler\ti-cgt-arm_20.2.1.LTS\lib\</path>
         <kind>archive</kind>
         <file>rtsv7M4_T_le_v4SPD16_eabi.lib</file>
         <name>fd_div_t2.asm.obj</name>
      </input_file>
      <input_file id="fl-d9">
         <path>C:\ti\ccs1010\ccs\tools\compiler\ti-cgt-arm_20.2.1.LTS\lib\</path>
         <kind>archive</kind>
         <file>rtsv7M4_T_le_v4SPD16_eabi.lib</file>
         <name>fd_mul_t2.asm.obj</name>
      </input_file>
      <input_file id="fl-da">
         <path>C:\ti\ccs1010\ccs\tools\compiler\ti-cgt-arm_20.2.1.LTS\lib\</path>
         <kind>archive</kind>
         <file>rtsv7M4_T_le_v4SPD16_eabi.lib</file>
         <name>fd_toi_t2.asm.obj</name>
      </input_file>
      <input_file id="fl-db">
         <path>C:\ti\ccs1010\ccs\tools\compiler\ti-cgt-arm_20.2.1.LTS\lib\</path>
         <kind>archive</kind>
         <file>rtsv7M4_T_le_v4SPD16_eabi.lib</file>
         <name>fd_tos_t2.asm.obj</name>
      </input_file>
      <input_file id="fl-dc">
         <path>C:\ti\ccs1010\ccs\tools\compiler\ti-cgt-arm_20.2.1.LTS\lib\</path>
         <kind>archive</kind>
         <file>rtsv7M4_T_le_v4SPD16_eabi.lib</file>
         <name>fs_tod_t2.asm.obj</name>
      </input_file>
      <input_file id="fl-dd">
         <path>C:\ti\ccs1010\ccs\tools\compiler\ti-cgt-arm_20.2.1.LTS\lib\</path>
         <kind>archive</kind>
         <file>rtsv7M4_T_le_v4SPD16_eabi.lib</file>
         <name>i_tofd_t2.asm.obj</name>
      </input_file>
      <input_file id="fl-de">
         <path>C:\ti\ccs1010\ccs\tools\compiler\ti-cgt-arm_20.2.1.LTS\lib\</path>
         <kind>archive</kind>
         <file>rtsv7M4_T_le_v4SPD16_eabi.lib</file>
         <name>memcpy_t2.asm.obj</name>
      </input_file>
      <input_file id="fl-df">
         <path>C:\ti\ccs1010\ccs\tools\compiler\ti-cgt-arm_20.2.1.LTS\lib\</path>
         <kind>archive</kind>
         <file>rtsv7M4_T_le_v4SPD16_eabi.lib</file>
         <name>ull_div_t2.asm.obj</name>
      </input_file>
      <input_file id="fl-e0">
         <path>C:\ti\ccs1010\ccs\tools\compiler\ti-cgt-arm_20.2.1.LTS\lib\</path>
         <kind>archive</kind>
         <file>rtsv7M4_T_le_v4SPD16_eabi.lib</file>
         <name>copy_zero_init.c.obj</name>
      </input_file>
      <input_file id="fl-e1">
         <path>C:\ti\ccs1010\ccs\tools\compiler\ti-cgt-arm_20.2.1.LTS\lib\</path>
         <kind>archive</kind>
         <file>rtsv7M4_T_le_v4SPD16_eabi.lib</file>
         <name>copy_decompress_none.c.obj</name>
      </input_file>
      <input_file id="fl-e2">
         <path>C:\ti\ccs1010\ccs\tools\compiler\ti-cgt-arm_20.2.1.LTS\lib\</path>
         <kind>archive</kind>
         <file>rtsv7M4_T_le_v4SPD16_eabi.lib</file>
         <name>copy_decompress_lzss.c.obj</name>
      </input_file>
      <input_file id="fl-e3">
         <path>C:\ti\ccs1010\ccs\tools\compiler\ti-cgt-arm_20.2.1.LTS\lib\</path>
         <kind>archive</kind>
         <file>rtsv7M4_T_le_v4SPD16_eabi.lib</file>
         <name>exit.c.obj</name>
      </input_file>
      <input_file id="fl-e4">
         <path>C:\ti\ccs1010\ccs\tools\compiler\ti-cgt-arm_20.2.1.LTS\lib\</path>
         <kind>archive</kind>
         <file>rtsv7M4_T_le_v4SPD16_eabi.lib</file>
         <name>_lock.c.obj</name>
      </input_file>
      <input_file id="fl-e5">
         <path>C:\ti\ccs1010\ccs\tools\compiler\ti-cgt-arm_20.2.1.LTS\lib\</path>
         <kind>archive</kind>
         <file>rtsv7M4_T_le_v4SPD16_eabi.lib</file>
         <name>_ltoa.c.obj</name>
      </input_file>
      <input_file id="fl-e6">
         <path>C:\ti\ccs1010\ccs\tools\compiler\ti-cgt-arm_20.2.1.LTS\lib\</path>
         <kind>archive</kind>
         <file>rtsv7M4_T_le_v4SPD16_eabi.lib</file>
         <name>atoi.c.obj</name>
      </input_file>
      <input_file id="fl-e7">
         <path>C:\ti\ccs1010\ccs\tools\compiler\ti-cgt-arm_20.2.1.LTS\lib\</path>
         <kind>archive</kind>
         <file>rtsv7M4_T_le_v4SPD16_eabi.lib</file>
         <name>ctype.c.obj</name>
      </input_file>
      <input_file id="fl-e8">
         <path>C:\ti\ccs1010\ccs\tools\compiler\ti-cgt-arm_20.2.1.LTS\lib\</path>
         <kind>archive</kind>
         <file>rtsv7M4_T_le_v4SPD16_eabi.lib</file>
         <name>defs.c.obj</name>
      </input_file>
      <input_file id="fl-e9">
         <path>C:\ti\ccs1010\ccs\tools\compiler\ti-cgt-arm_20.2.1.LTS\lib\</path>
         <kind>archive</kind>
         <file>rtsv7M4_T_le_v4SPD16_eabi.lib</file>
         <name>memccpy.c.obj</name>
      </input_file>
      <input_file id="fl-ea">
         <path>C:\ti\ccs1010\ccs\tools\compiler\ti-cgt-arm_20.2.1.LTS\lib\</path>
         <kind>archive</kind>
         <file>rtsv7M4_T_le_v4SPD16_eabi.lib</file>
         <name>memchr.c.obj</name>
      </input_file>
      <input_file id="fl-eb">
         <path>C:\ti\ccs1010\ccs\tools\compiler\ti-cgt-arm_20.2.1.LTS\lib\</path>
         <kind>archive</kind>
         <file>rtsv7M4_T_le_v4SPD16_eabi.lib</file>
         <name>memory.c.obj</name>
      </input_file>
      <input_file id="fl-ec">
         <path>C:\ti\ccs1010\ccs\tools\compiler\ti-cgt-arm_20.2.1.LTS\lib\</path>
         <kind>archive</kind>
         <file>rtsv7M4_T_le_v4SPD16_eabi.lib</file>
         <name>strchr.c.obj</name>
      </input_file>
      <input_file id="fl-ed">
         <path>C:\ti\ccs1010\ccs\tools\compiler\ti-cgt-arm_20.2.1.LTS\lib\</path>
         <kind>archive</kind>
         <file>rtsv7M4_T_le_v4SPD16_eabi.lib</file>
         <name>strcmp.c.obj</name>
      </input_file>
      <input_file id="fl-ee">
         <path>C:\ti\ccs1010\ccs\tools\compiler\ti-cgt-arm_20.2.1.LTS\lib\</path>
         <kind>archive</kind>
         <file>rtsv7M4_T_le_v4SPD16_eabi.lib</file>
         <name>strcpy.c.obj</name>
      </input_file>
      <input_file id="fl-ef">
         <path>C:\ti\ccs1010\ccs\tools\compiler\ti-cgt-arm_20.2.1.LTS\lib\</path>
         <kind>archive</kind>
         <file>rtsv7M4_T_le_v4SPD16_eabi.lib</file>
         <name>strlen.c.obj</name>
      </input_file>
      <input_file id="fl-f0">
         <path>C:\ti\ccs1010\ccs\tools\compiler\ti-cgt-arm_20.2.1.LTS\lib\</path>
         <kind>archive</kind>
         <file>rtsv7M4_T_le_v4SPD16_eabi.lib</file>
         <name>k_rem_pio2.c.obj</name>
      </input_file>
      <input_file id="fl-f1">
         <path>C:\ti\ccs1010\ccs\tools\compiler\ti-cgt-arm_20.2.1.LTS\lib\</path>
         <kind>archive</kind>
         <file>rtsv7M4_T_le_v4SPD16_eabi.lib</file>
         <name>write.c.obj</name>
      </input_file>
      <input_file id="fl-f2">
         <path>C:\ti\ccs1010\ccs\tools\compiler\ti-cgt-arm_20.2.1.LTS\lib\</path>
         <kind>archive</kind>
         <file>rtsv7M4_T_le_v4SPD16_eabi.lib</file>
         <name>host_device.c.obj</name>
      </input_file>
      <input_file id="fl-f3">
         <path>C:\ti\ccs1010\ccs\tools\compiler\ti-cgt-arm_20.2.1.LTS\lib\</path>
         <kind>archive</kind>
         <file>rtsv7M4_T_le_v4SPD16_eabi.lib</file>
         <name>errno.c.obj</name>
      </input_file>
      <input_file id="fl-f4">
         <path>C:\ti\ccs1010\ccs\tools\compiler\ti-cgt-arm_20.2.1.LTS\lib\</path>
         <kind>archive</kind>
         <file>rtsv7M4_T_le_v4SPD16_eabi.lib</file>
         <name>boot_cortex_m.c.obj</name>
      </input_file>
      <input_file id="fl-f5">
         <path>C:\ti\ccs1010\ccs\tools\compiler\ti-cgt-arm_20.2.1.LTS\lib\</path>
         <kind>archive</kind>
         <file>rtsv7M4_T_le_v4SPD16_eabi.lib</file>
         <name>s_copysign.c.obj</name>
      </input_file>
      <input_file id="fl-f6">
         <path>C:\ti\ccs1010\ccs\tools\compiler\ti-cgt-arm_20.2.1.LTS\lib\</path>
         <kind>archive</kind>
         <file>rtsv7M4_T_le_v4SPD16_eabi.lib</file>
         <name>k_cos.c.obj</name>
      </input_file>
      <input_file id="fl-f7">
         <path>C:\ti\ccs1010\ccs\tools\compiler\ti-cgt-arm_20.2.1.LTS\lib\</path>
         <kind>archive</kind>
         <file>rtsv7M4_T_le_v4SPD16_eabi.lib</file>
         <name>k_sin.c.obj</name>
      </input_file>
      <input_file id="fl-f8">
         <path>C:\ti\ccs1010\ccs\tools\compiler\ti-cgt-arm_20.2.1.LTS\lib\</path>
         <kind>archive</kind>
         <file>rtsv7M4_T_le_v4SPD16_eabi.lib</file>
         <name>s_floor.c.obj</name>
      </input_file>
      <input_file id="fl-f9">
         <path>C:\ti\ccs1010\ccs\tools\compiler\ti-cgt-arm_20.2.1.LTS\lib\</path>
         <kind>archive</kind>
         <file>rtsv7M4_T_le_v4SPD16_eabi.lib</file>
         <name>s_frexp.c.obj</name>
      </input_file>
      <input_file id="fl-fa">
         <path>C:\ti\ccs1010\ccs\tools\compiler\ti-cgt-arm_20.2.1.LTS\lib\</path>
         <kind>archive</kind>
         <file>rtsv7M4_T_le_v4SPD16_eabi.lib</file>
         <name>wcslen.c.obj</name>
      </input_file>
      <input_file id="fl-fb">
         <path>C:\ti\ccs1010\ccs\tools\compiler\ti-cgt-arm_20.2.1.LTS\lib\</path>
         <kind>archive</kind>
         <file>rtsv7M4_T_le_v4SPD16_eabi.lib</file>
         <name>fflush.c.obj</name>
      </input_file>
      <input_file id="fl-fc">
         <path>C:\ti\ccs1010\ccs\tools\compiler\ti-cgt-arm_20.2.1.LTS\lib\</path>
         <kind>archive</kind>
         <file>rtsv7M4_T_le_v4SPD16_eabi.lib</file>
         <name>fopen.c.obj</name>
      </input_file>
      <input_file id="fl-fd">
         <path>C:\ti\ccs1010\ccs\tools\compiler\ti-cgt-arm_20.2.1.LTS\lib\</path>
         <kind>archive</kind>
         <file>rtsv7M4_T_le_v4SPD16_eabi.lib</file>
         <name>fseek.c.obj</name>
      </input_file>
      <input_file id="fl-fe">
         <path>C:\ti\ccs1010\ccs\tools\compiler\ti-cgt-arm_20.2.1.LTS\lib\</path>
         <kind>archive</kind>
         <file>rtsv7M4_T_le_v4SPD16_eabi.lib</file>
         <name>div0.asm.obj</name>
      </input_file>
      <input_file id="fl-ff">
         <path>C:\ti\ccs1010\ccs\tools\compiler\ti-cgt-arm_20.2.1.LTS\lib\</path>
         <kind>archive</kind>
         <file>rtsv7M4_T_le_v4SPD16_eabi.lib</file>
         <name>autoinit.c.obj</name>
      </input_file>
      <input_file id="fl-100">
         <path>C:\ti\ccs1010\ccs\tools\compiler\ti-cgt-arm_20.2.1.LTS\lib\</path>
         <kind>archive</kind>
         <file>rtsv7M4_T_le_v4SPD16_eabi.lib</file>
         <name>pre_init.c.obj</name>
      </input_file>
      <input_file id="fl-101">
         <path>C:\ti\ccs1010\ccs\tools\compiler\ti-cgt-arm_20.2.1.LTS\lib\</path>
         <kind>archive</kind>
         <file>rtsv7M4_T_le_v4SPD16_eabi.lib</file>
         <name>cpy_tbl.c.obj</name>
      </input_file>
      <input_file id="fl-102">
         <path>C:\ti\ccs1010\ccs\tools\compiler\ti-cgt-arm_20.2.1.LTS\lib\</path>
         <kind>archive</kind>
         <file>rtsv7M4_T_le_v4SPD16_eabi.lib</file>
         <name>args_main.c.obj</name>
      </input_file>
      <input_file id="fl-103">
         <path>C:\ti\ccs1010\ccs\tools\compiler\ti-cgt-arm_20.2.1.LTS\lib\</path>
         <kind>archive</kind>
         <file>rtsv7M4_T_le_v4SPD16_eabi.lib</file>
         <name>hostclose.c.obj</name>
      </input_file>
      <input_file id="fl-104">
         <path>C:\ti\ccs1010\ccs\tools\compiler\ti-cgt-arm_20.2.1.LTS\lib\</path>
         <kind>archive</kind>
         <file>rtsv7M4_T_le_v4SPD16_eabi.lib</file>
         <name>hostlseek.c.obj</name>
      </input_file>
      <input_file id="fl-105">
         <path>C:\ti\ccs1010\ccs\tools\compiler\ti-cgt-arm_20.2.1.LTS\lib\</path>
         <kind>archive</kind>
         <file>rtsv7M4_T_le_v4SPD16_eabi.lib</file>
         <name>hostopen.c.obj</name>
      </input_file>
      <input_file id="fl-106">
         <path>C:\ti\ccs1010\ccs\tools\compiler\ti-cgt-arm_20.2.1.LTS\lib\</path>
         <kind>archive</kind>
         <file>rtsv7M4_T_le_v4SPD16_eabi.lib</file>
         <name>hostread.c.obj</name>
      </input_file>
      <input_file id="fl-107">
         <path>C:\ti\ccs1010\ccs\tools\compiler\ti-cgt-arm_20.2.1.LTS\lib\</path>
         <kind>archive</kind>
         <file>rtsv7M4_T_le_v4SPD16_eabi.lib</file>
         <name>hostrename.c.obj</name>
      </input_file>
      <input_file id="fl-108">
         <path>C:\ti\ccs1010\ccs\tools\compiler\ti-cgt-arm_20.2.1.LTS\lib\</path>
         <kind>archive</kind>
         <file>rtsv7M4_T_le_v4SPD16_eabi.lib</file>
         <name>hostunlink.c.obj</name>
      </input_file>
      <input_file id="fl-109">
         <path>C:\ti\ccs1010\ccs\tools\compiler\ti-cgt-arm_20.2.1.LTS\lib\</path>
         <kind>archive</kind>
         <file>rtsv7M4_T_le_v4SPD16_eabi.lib</file>
         <name>hostwrite.c.obj</name>
      </input_file>
      <input_file id="fl-10a">
         <path>C:\ti\ccs1010\ccs\tools\compiler\ti-cgt-arm_20.2.1.LTS\lib\</path>
         <kind>archive</kind>
         <file>rtsv7M4_T_le_v4SPD16_eabi.lib</file>
         <name>trgmsg.c.obj</name>
      </input_file>
      <input_file id="fl-10b">
         <path>C:\ti\ccs1010\ccs\tools\compiler\ti-cgt-arm_20.2.1.LTS\lib\</path>
         <kind>archive</kind>
         <file>rtsv7M4_T_le_v4SPD16_eabi.lib</file>
         <name>open.c.obj</name>
      </input_file>
      <input_file id="fl-10c">
         <path>C:\ti\ccs1010\ccs\tools\compiler\ti-cgt-arm_20.2.1.LTS\lib\</path>
         <kind>archive</kind>
         <file>rtsv7M4_T_le_v4SPD16_eabi.lib</file>
         <name>lseek.c.obj</name>
      </input_file>
      <input_file id="fl-10d">
         <path>C:\ti\ccs1010\ccs\tools\compiler\ti-cgt-arm_20.2.1.LTS\lib\</path>
         <kind>archive</kind>
         <file>rtsv7M4_T_le_v4SPD16_eabi.lib</file>
         <name>fclose.c.obj</name>
      </input_file>
      <input_file id="fl-10e">
         <path>C:\ti\ccs1010\ccs\tools\compiler\ti-cgt-arm_20.2.1.LTS\lib\</path>
         <kind>archive</kind>
         <file>rtsv7M4_T_le_v4SPD16_eabi.lib</file>
         <name>getdevice.c.obj</name>
      </input_file>
      <input_file id="fl-10f">
         <path>C:\ti\ccs1010\ccs\tools\compiler\ti-cgt-arm_20.2.1.LTS\lib\</path>
         <kind>archive</kind>
         <file>rtsv7M4_T_le_v4SPD16_eabi.lib</file>
         <name>strncpy.c.obj</name>
      </input_file>
      <input_file id="fl-110">
         <path>C:\ti\ccs1010\ccs\tools\compiler\ti-cgt-arm_20.2.1.LTS\lib\</path>
         <kind>archive</kind>
         <file>rtsv7M4_T_le_v4SPD16_eabi.lib</file>
         <name>remove.c.obj</name>
      </input_file>
      <input_file id="fl-111">
         <path>C:\ti\ccs1010\ccs\tools\compiler\ti-cgt-arm_20.2.1.LTS\lib\</path>
         <kind>archive</kind>
         <file>rtsv7M4_T_le_v4SPD16_eabi.lib</file>
         <name>close.c.obj</name>
      </input_file>
      <input_file id="fl-112">
         <path>C:\ti\ccs1010\ccs\tools\compiler\ti-cgt-arm_20.2.1.LTS\lib\</path>
         <kind>archive</kind>
         <file>rtsv7M4_T_le_v4SPD16_eabi.lib</file>
         <name>unlink.c.obj</name>
      </input_file>
      <input_file id="fl-113">
         <path>C:\ti\TivaWare_C_Series-2.1.4.178\driverlib\ccs\Debug\</path>
         <kind>archive</kind>
         <file>driverlib.lib</file>
         <name>interrupt.obj</name>
      </input_file>
      <input_file id="fl-114">
         <path>C:\ti\TivaWare_C_Series-2.1.4.178\driverlib\ccs\Debug\</path>
         <kind>archive</kind>
         <file>driverlib.lib</file>
         <name>cpu.obj</name>
      </input_file>
   </input_file_list>
   <object_component_list>
      <object_component id="oc-12">
         <name>.intvecs</name>
         <load_address>0x0</load_address>
         <run_address>0x0</run_address>
         <size>0x26c</size>
         <input_file_ref idref="fl-d"/>
      </object_component>
      <object_component id="oc-fa">
         <name>.text</name>
         <load_address>0x26c</load_address>
         <run_address>0x26c</run_address>
         <size>0xc20</size>
         <input_file_ref idref="fl-8"/>
      </object_component>
      <object_component id="oc-201">
         <name>.text:__TI_printfi</name>
         <load_address>0xe8c</load_address>
         <run_address>0xe8c</run_address>
         <size>0xa4e</size>
         <input_file_ref idref="fl-ce"/>
      </object_component>
      <object_component id="oc-34a">
         <name>.text:_nop</name>
         <load_address>0x18da</load_address>
         <run_address>0x18da</run_address>
         <size>0x2</size>
         <input_file_ref idref="fl-e4"/>
      </object_component>
      <object_component id="oc-1f4">
         <name>.text:pow</name>
         <load_address>0x18dc</load_address>
         <run_address>0x18dc</run_address>
         <size>0x9c0</size>
         <input_file_ref idref="fl-c9"/>
      </object_component>
      <object_component id="oc-a2">
         <name>.text</name>
         <load_address>0x229c</load_address>
         <run_address>0x229c</run_address>
         <size>0x910</size>
         <input_file_ref idref="fl-5"/>
      </object_component>
      <object_component id="oc-22b">
         <name>.text:__kernel_rem_pio2</name>
         <load_address>0x2bac</load_address>
         <run_address>0x2bac</run_address>
         <size>0x738</size>
         <input_file_ref idref="fl-f0"/>
      </object_component>
      <object_component id="oc-111">
         <name>.text</name>
         <load_address>0x32e4</load_address>
         <run_address>0x32e4</run_address>
         <size>0x630</size>
         <input_file_ref idref="fl-7"/>
      </object_component>
      <object_component id="oc-133">
         <name>.text:cos</name>
         <load_address>0x3914</load_address>
         <run_address>0x3914</run_address>
         <size>0x5dc</size>
         <input_file_ref idref="fl-cb"/>
      </object_component>
      <object_component id="oc-dc">
         <name>.text</name>
         <load_address>0x3ef0</load_address>
         <run_address>0x3ef0</run_address>
         <size>0x328</size>
         <input_file_ref idref="fl-6"/>
      </object_component>
      <object_component id="oc-100">
         <name>.text</name>
         <load_address>0x4218</load_address>
         <run_address>0x4218</run_address>
         <size>0x2ac</size>
         <input_file_ref idref="fl-b"/>
      </object_component>
      <object_component id="oc-309">
         <name>.text:_pconv_a</name>
         <load_address>0x44c4</load_address>
         <run_address>0x44c4</run_address>
         <size>0x270</size>
         <input_file_ref idref="fl-ce"/>
      </object_component>
      <object_component id="oc-ee">
         <name>.text</name>
         <load_address>0x4734</load_address>
         <run_address>0x4734</run_address>
         <size>0x24c</size>
         <input_file_ref idref="fl-9"/>
      </object_component>
      <object_component id="oc-d6">
         <name>.text</name>
         <load_address>0x4980</load_address>
         <run_address>0x4980</run_address>
         <size>0x248</size>
         <input_file_ref idref="fl-3"/>
      </object_component>
      <object_component id="oc-f4">
         <name>.text</name>
         <load_address>0x4bc8</load_address>
         <run_address>0x4bc8</run_address>
         <size>0x240</size>
         <input_file_ref idref="fl-e"/>
      </object_component>
      <object_component id="oc-2f7">
         <name>.text:_pconv_g</name>
         <load_address>0x4e08</load_address>
         <run_address>0x4e08</run_address>
         <size>0x1d0</size>
         <input_file_ref idref="fl-ce"/>
      </object_component>
      <object_component id="oc-1e4">
         <name>.text</name>
         <load_address>0x4fd8</load_address>
         <run_address>0x4fd8</run_address>
         <size>0x1b6</size>
         <input_file_ref idref="fl-d6"/>
      </object_component>
      <object_component id="oc-216">
         <name>.text</name>
         <load_address>0x518e</load_address>
         <run_address>0x518e</run_address>
         <size>0x1a4</size>
         <input_file_ref idref="fl-2"/>
      </object_component>
      <object_component id="oc-45b">
         <name>.text</name>
         <load_address>0x5332</load_address>
         <run_address>0x5332</run_address>
         <size>0x2</size>
         <input_file_ref idref="fl-fe"/>
      </object_component>
      <object_component id="oc-231">
         <name>.text:__kernel_sin</name>
         <load_address>0x5334</load_address>
         <run_address>0x5334</run_address>
         <size>0x174</size>
         <input_file_ref idref="fl-f7"/>
      </object_component>
      <object_component id="oc-225">
         <name>.text:__kernel_cos</name>
         <load_address>0x54a8</load_address>
         <run_address>0x54a8</run_address>
         <size>0x16c</size>
         <input_file_ref idref="fl-f6"/>
      </object_component>
      <object_component id="oc-2ca">
         <name>.text:sqrt</name>
         <load_address>0x5614</load_address>
         <run_address>0x5614</run_address>
         <size>0x158</size>
         <input_file_ref idref="fl-ca"/>
      </object_component>
      <object_component id="oc-303">
         <name>.text:_pconv_e</name>
         <load_address>0x576c</load_address>
         <run_address>0x576c</run_address>
         <size>0x13c</size>
         <input_file_ref idref="fl-ce"/>
      </object_component>
      <object_component id="oc-129">
         <name>.text</name>
         <load_address>0x58a8</load_address>
         <run_address>0x58a8</run_address>
         <size>0x136</size>
         <input_file_ref idref="fl-d8"/>
      </object_component>
      <object_component id="oc-e2">
         <name>.text</name>
         <load_address>0x59e0</load_address>
         <run_address>0x59e0</run_address>
         <size>0x130</size>
         <input_file_ref idref="fl-c"/>
      </object_component>
      <object_component id="oc-3d6">
         <name>.text:fcvt</name>
         <load_address>0x5b10</load_address>
         <run_address>0x5b10</run_address>
         <size>0x124</size>
         <input_file_ref idref="fl-ce"/>
      </object_component>
      <object_component id="oc-e8">
         <name>.text</name>
         <load_address>0x5c34</load_address>
         <run_address>0x5c34</run_address>
         <size>0x120</size>
         <input_file_ref idref="fl-4"/>
      </object_component>
      <object_component id="oc-358">
         <name>.text:fputs</name>
         <load_address>0x5d54</load_address>
         <run_address>0x5d54</run_address>
         <size>0x114</size>
         <input_file_ref idref="fl-d2"/>
      </object_component>
      <object_component id="oc-2d9">
         <name>.text:scalbn</name>
         <load_address>0x5e68</load_address>
         <run_address>0x5e68</run_address>
         <size>0x110</size>
         <input_file_ref idref="fl-cc"/>
      </object_component>
      <object_component id="oc-397">
         <name>.text:aligned_alloc</name>
         <load_address>0x5f78</load_address>
         <run_address>0x5f78</run_address>
         <size>0x108</size>
         <input_file_ref idref="fl-eb"/>
      </object_component>
      <object_component id="oc-117">
         <name>.text</name>
         <load_address>0x6080</load_address>
         <run_address>0x6080</run_address>
         <size>0xfc</size>
         <input_file_ref idref="fl-d9"/>
      </object_component>
      <object_component id="oc-330">
         <name>.text:floor</name>
         <load_address>0x617c</load_address>
         <run_address>0x617c</run_address>
         <size>0xf8</size>
         <input_file_ref idref="fl-f8"/>
      </object_component>
      <object_component id="oc-1d4">
         <name>.text:free</name>
         <load_address>0x6274</load_address>
         <run_address>0x6274</run_address>
         <size>0xe4</size>
         <input_file_ref idref="fl-eb"/>
      </object_component>
      <object_component id="oc-481">
         <name>.text:setvbuf</name>
         <load_address>0x6358</load_address>
         <run_address>0x6358</run_address>
         <size>0xdc</size>
         <input_file_ref idref="fl-d4"/>
      </object_component>
      <object_component id="oc-2f1">
         <name>.text:_ltostr</name>
         <load_address>0x6434</load_address>
         <run_address>0x6434</run_address>
         <size>0xb1</size>
         <input_file_ref idref="fl-ce"/>
      </object_component>
      <object_component id="oc-3e">
         <name>.text</name>
         <load_address>0x64e6</load_address>
         <run_address>0x64e6</run_address>
         <size>0x9c</size>
         <input_file_ref idref="fl-de"/>
      </object_component>
      <object_component id="oc-3bd">
         <name>.text</name>
         <load_address>0x6582</load_address>
         <run_address>0x6582</run_address>
         <size>0x96</size>
         <input_file_ref idref="fl-df"/>
      </object_component>
      <object_component id="oc-35f">
         <name>.text:fputc</name>
         <load_address>0x6618</load_address>
         <run_address>0x6618</run_address>
         <size>0x8c</size>
         <input_file_ref idref="fl-d1"/>
      </object_component>
      <object_component id="oc-12e">
         <name>.text:__aeabi_cdcmple</name>
         <load_address>0x66a4</load_address>
         <run_address>0x66a4</run_address>
         <size>0x86</size>
         <input_file_ref idref="fl-d7"/>
      </object_component>
      <object_component id="oc-1fa">
         <name>.text:__aeabi_cdrcmple</name>
         <load_address>0x672a</load_address>
         <run_address>0x672a</run_address>
         <size>0x86</size>
         <input_file_ref idref="fl-d7"/>
      </object_component>
      <object_component id="oc-96">
         <name>.text</name>
         <load_address>0x67b0</load_address>
         <run_address>0x67b0</run_address>
         <size>0x7a</size>
         <input_file_ref idref="fl-d5"/>
      </object_component>
      <object_component id="oc-4d1">
         <name>.text:__TI_closefile</name>
         <load_address>0x682c</load_address>
         <run_address>0x682c</run_address>
         <size>0x74</size>
         <input_file_ref idref="fl-10d"/>
      </object_component>
      <object_component id="oc-442">
         <name>.text:split</name>
         <load_address>0x68a0</load_address>
         <run_address>0x68a0</run_address>
         <size>0x70</size>
         <input_file_ref idref="fl-eb"/>
      </object_component>
      <object_component id="oc-3cf">
         <name>.text:_mcpy</name>
         <load_address>0x6910</load_address>
         <run_address>0x6910</run_address>
         <size>0x6e</size>
         <input_file_ref idref="fl-ce"/>
      </object_component>
      <object_component id="oc-1ec">
         <name>.text</name>
         <load_address>0x697e</load_address>
         <run_address>0x697e</run_address>
         <size>0x6e</size>
         <input_file_ref idref="fl-db"/>
      </object_component>
      <object_component id="oc-501">
         <name>.text:HOSTrename</name>
         <load_address>0x69ec</load_address>
         <run_address>0x69ec</run_address>
         <size>0x6c</size>
         <input_file_ref idref="fl-107"/>
      </object_component>
      <object_component id="oc-4f5">
         <name>.text:HOSTlseek</name>
         <load_address>0x6a58</load_address>
         <run_address>0x6a58</run_address>
         <size>0x68</size>
         <input_file_ref idref="fl-104"/>
      </object_component>
      <object_component id="oc-15">
         <name>.text:decompress:lzss:__TI_decompress_lzss</name>
         <load_address>0x6ac0</load_address>
         <run_address>0x6ac0</run_address>
         <size>0x68</size>
         <input_file_ref idref="fl-e2"/>
      </object_component>
      <object_component id="oc-139">
         <name>.text:printf</name>
         <load_address>0x6b28</load_address>
         <run_address>0x6b28</run_address>
         <size>0x68</size>
         <input_file_ref idref="fl-cd"/>
      </object_component>
      <object_component id="oc-3e4">
         <name>.text:frexp</name>
         <load_address>0x6b90</load_address>
         <run_address>0x6b90</run_address>
         <size>0x64</size>
         <input_file_ref idref="fl-f9"/>
      </object_component>
      <object_component id="oc-47b">
         <name>.text:fseek</name>
         <load_address>0x6bf4</load_address>
         <run_address>0x6bf4</run_address>
         <size>0x64</size>
         <input_file_ref idref="fl-fd"/>
      </object_component>
      <object_component id="oc-41a">
         <name>.text:__TI_wrt_ok</name>
         <load_address>0x6c58</load_address>
         <run_address>0x6c58</run_address>
         <size>0x62</size>
         <input_file_ref idref="fl-d3"/>
      </object_component>
      <object_component id="oc-4dd">
         <name>.text:HOSTopen</name>
         <load_address>0x6cbc</load_address>
         <run_address>0x6cbc</run_address>
         <size>0x60</size>
         <input_file_ref idref="fl-105"/>
      </object_component>
      <object_component id="oc-50d">
         <name>.text:close</name>
         <load_address>0x6d1c</load_address>
         <run_address>0x6d1c</run_address>
         <size>0x5c</size>
         <input_file_ref idref="fl-111"/>
      </object_component>
      <object_component id="oc-4e9">
         <name>.text:HOSTread</name>
         <load_address>0x6d78</load_address>
         <run_address>0x6d78</run_address>
         <size>0x58</size>
         <input_file_ref idref="fl-106"/>
      </object_component>
      <object_component id="oc-4ef">
         <name>.text:HOSTwrite</name>
         <load_address>0x6dd0</load_address>
         <run_address>0x6dd0</run_address>
         <size>0x58</size>
         <input_file_ref idref="fl-109"/>
      </object_component>
      <object_component id="oc-2fd">
         <name>.text:_pconv_f</name>
         <load_address>0x6e28</load_address>
         <run_address>0x6e28</run_address>
         <size>0x56</size>
         <input_file_ref idref="fl-ce"/>
      </object_component>
      <object_component id="oc-3c3">
         <name>.text:__TI_ltoa</name>
         <load_address>0x6e7e</load_address>
         <run_address>0x6e7e</run_address>
         <size>0x54</size>
         <input_file_ref idref="fl-e5"/>
      </object_component>
      <object_component id="oc-3c9">
         <name>.text:_ecpy</name>
         <load_address>0x6ed2</load_address>
         <run_address>0x6ed2</run_address>
         <size>0x52</size>
         <input_file_ref idref="fl-ce"/>
      </object_component>
      <object_component id="oc-426">
         <name>.text:__TI_doflush</name>
         <load_address>0x6f24</load_address>
         <run_address>0x6f24</run_address>
         <size>0x4c</size>
         <input_file_ref idref="fl-fb"/>
      </object_component>
      <object_component id="oc-2eb">
         <name>.text:atoi</name>
         <load_address>0x6f70</load_address>
         <run_address>0x6f70</run_address>
         <size>0x4c</size>
         <input_file_ref idref="fl-e6"/>
      </object_component>
      <object_component id="oc-14c">
         <name>.text:exit</name>
         <load_address>0x6fbc</load_address>
         <run_address>0x6fbc</run_address>
         <size>0x48</size>
         <input_file_ref idref="fl-e3"/>
      </object_component>
      <object_component id="oc-11c">
         <name>.text</name>
         <load_address>0x7004</load_address>
         <run_address>0x7004</run_address>
         <size>0x48</size>
         <input_file_ref idref="fl-da"/>
      </object_component>
      <object_component id="oc-4e3">
         <name>.text:HOSTclose</name>
         <load_address>0x704c</load_address>
         <run_address>0x704c</run_address>
         <size>0x44</size>
         <input_file_ref idref="fl-103"/>
      </object_component>
      <object_component id="oc-4fb">
         <name>.text:HOSTunlink</name>
         <load_address>0x7090</load_address>
         <run_address>0x7090</run_address>
         <size>0x44</size>
         <input_file_ref idref="fl-108"/>
      </object_component>
      <object_component id="oc-152">
         <name>.text:__TI_auto_init_nobinit_nopinit:__TI_auto_init_nobinit_nopinit</name>
         <load_address>0x70d4</load_address>
         <run_address>0x70d4</run_address>
         <size>0x44</size>
         <input_file_ref idref="fl-ff"/>
      </object_component>
      <object_component id="oc-53c">
         <name>.text:getdevice</name>
         <load_address>0x7118</load_address>
         <run_address>0x7118</run_address>
         <size>0x44</size>
         <input_file_ref idref="fl-10e"/>
      </object_component>
      <object_component id="oc-106">
         <name>.text:sprintf</name>
         <load_address>0x715c</load_address>
         <run_address>0x715c</run_address>
         <size>0x40</size>
         <input_file_ref idref="fl-cf"/>
      </object_component>
      <object_component id="oc-19f">
         <name>.text:vsnprintf</name>
         <load_address>0x719c</load_address>
         <run_address>0x719c</run_address>
         <size>0x40</size>
         <input_file_ref idref="fl-d0"/>
      </object_component>
      <object_component id="oc-3dc">
         <name>.text:_fcpy</name>
         <load_address>0x71dc</load_address>
         <run_address>0x71dc</run_address>
         <size>0x3e</size>
         <input_file_ref idref="fl-ce"/>
      </object_component>
      <object_component id="oc-51e">
         <name>.text:__TI_writemsg</name>
         <load_address>0x721c</load_address>
         <run_address>0x721c</run_address>
         <size>0x38</size>
         <input_file_ref idref="fl-10a"/>
      </object_component>
      <object_component id="oc-1ce">
         <name>.text:calloc</name>
         <load_address>0x7254</load_address>
         <run_address>0x7254</run_address>
         <size>0x38</size>
         <input_file_ref idref="fl-eb"/>
      </object_component>
      <object_component id="oc-121">
         <name>.text</name>
         <load_address>0x728c</load_address>
         <run_address>0x728c</run_address>
         <size>0x38</size>
         <input_file_ref idref="fl-dc"/>
      </object_component>
      <object_component id="oc-55c">
         <name>.text:strncpy</name>
         <load_address>0x72c4</load_address>
         <run_address>0x72c4</run_address>
         <size>0x36</size>
         <input_file_ref idref="fl-10f"/>
      </object_component>
      <object_component id="oc-18b">
         <name>.text:IntRegister</name>
         <load_address>0x72fc</load_address>
         <run_address>0x72fc</run_address>
         <size>0x34</size>
         <input_file_ref idref="fl-113"/>
      </object_component>
      <object_component id="oc-4a8">
         <name>.text:__TI_cleanup</name>
         <load_address>0x7330</load_address>
         <run_address>0x7330</run_address>
         <size>0x34</size>
         <input_file_ref idref="fl-fc"/>
      </object_component>
      <object_component id="oc-524">
         <name>.text:__TI_readmsg</name>
         <load_address>0x7364</load_address>
         <run_address>0x7364</run_address>
         <size>0x34</size>
         <input_file_ref idref="fl-10a"/>
      </object_component>
      <object_component id="oc-5c">
         <name>.text:_c_int00_noargs:_c_int00_noargs</name>
         <load_address>0x7398</load_address>
         <run_address>0x7398</run_address>
         <size>0x34</size>
         <input_file_ref idref="fl-f4"/>
      </object_component>
      <object_component id="oc-27f">
         <name>.text:_outs</name>
         <load_address>0x73cc</load_address>
         <run_address>0x73cc</run_address>
         <size>0x30</size>
         <input_file_ref idref="fl-d0"/>
      </object_component>
      <object_component id="oc-562">
         <name>.text:finddevice</name>
         <load_address>0x73fc</load_address>
         <run_address>0x73fc</run_address>
         <size>0x30</size>
         <input_file_ref idref="fl-10e"/>
      </object_component>
      <object_component id="oc-10c">
         <name>.text</name>
         <load_address>0x742c</load_address>
         <run_address>0x742c</run_address>
         <size>0x2e</size>
         <input_file_ref idref="fl-dd"/>
      </object_component>
      <object_component id="oc-513">
         <name>.text:unlink</name>
         <load_address>0x745c</load_address>
         <run_address>0x745c</run_address>
         <size>0x2c</size>
         <input_file_ref idref="fl-112"/>
      </object_component>
      <object_component id="oc-2bb">
         <name>.text:free_list_insert</name>
         <load_address>0x7488</load_address>
         <run_address>0x7488</run_address>
         <size>0x28</size>
         <input_file_ref idref="fl-eb"/>
      </object_component>
      <object_component id="oc-4a0">
         <name>.text:lseek</name>
         <load_address>0x74b0</load_address>
         <run_address>0x74b0</run_address>
         <size>0x28</size>
         <input_file_ref idref="fl-10c"/>
      </object_component>
      <object_component id="oc-42c">
         <name>.text:write</name>
         <load_address>0x74d8</load_address>
         <run_address>0x74d8</run_address>
         <size>0x28</size>
         <input_file_ref idref="fl-f1"/>
      </object_component>
      <object_component id="oc-420">
         <name>.text:memchr</name>
         <load_address>0x7500</load_address>
         <run_address>0x7500</run_address>
         <size>0x20</size>
         <input_file_ref idref="fl-ea"/>
      </object_component>
      <object_component id="oc-2b5">
         <name>.text:free_list_remove</name>
         <load_address>0x7520</load_address>
         <run_address>0x7520</run_address>
         <size>0x1c</size>
         <input_file_ref idref="fl-eb"/>
      </object_component>
      <object_component id="oc-30f">
         <name>.text:memccpy</name>
         <load_address>0x753c</load_address>
         <run_address>0x753c</run_address>
         <size>0x1c</size>
         <input_file_ref idref="fl-e9"/>
      </object_component>
      <object_component id="oc-3ac">
         <name>.text:copysign</name>
         <load_address>0x7558</load_address>
         <run_address>0x7558</run_address>
         <size>0x1a</size>
         <input_file_ref idref="fl-f5"/>
      </object_component>
      <object_component id="oc-285">
         <name>.text:_outc</name>
         <load_address>0x7572</load_address>
         <run_address>0x7572</run_address>
         <size>0x18</size>
         <input_file_ref idref="fl-d0"/>
      </object_component>
      <object_component id="oc-207">
         <name>.text:_outs</name>
         <load_address>0x758a</load_address>
         <run_address>0x758a</run_address>
         <size>0x18</size>
         <input_file_ref idref="fl-cf"/>
      </object_component>
      <object_component id="oc-1da">
         <name>.text:oi_parseInt</name>
         <load_address>0x75a2</load_address>
         <run_address>0x75a2</run_address>
         <size>0x18</size>
         <input_file_ref idref="fl-8"/>
      </object_component>
      <object_component id="oc-1a5">
         <name>.text:strcmp</name>
         <load_address>0x75ba</load_address>
         <run_address>0x75ba</run_address>
         <size>0x18</size>
         <input_file_ref idref="fl-ed"/>
      </object_component>
      <object_component id="oc-3ea">
         <name>.text:strchr</name>
         <load_address>0x75d2</load_address>
         <run_address>0x75d2</run_address>
         <size>0x16</size>
         <input_file_ref idref="fl-ec"/>
      </object_component>
      <object_component id="oc-1ab">
         <name>.text:strcpy</name>
         <load_address>0x75e8</load_address>
         <run_address>0x75e8</run_address>
         <size>0x14</size>
         <input_file_ref idref="fl-ee"/>
      </object_component>
      <object_component id="oc-2e5">
         <name>.text:strlen</name>
         <load_address>0x75fc</load_address>
         <run_address>0x75fc</run_address>
         <size>0x14</size>
         <input_file_ref idref="fl-ef"/>
      </object_component>
      <object_component id="oc-315">
         <name>.text:wcslen</name>
         <load_address>0x7610</load_address>
         <run_address>0x7610</run_address>
         <size>0x12</size>
         <input_file_ref idref="fl-fa"/>
      </object_component>
      <object_component id="oc-1bd">
         <name>.text:IntMasterEnable</name>
         <load_address>0x7622</load_address>
         <run_address>0x7622</run_address>
         <size>0x10</size>
         <input_file_ref idref="fl-113"/>
      </object_component>
      <object_component id="oc-198">
         <name>.text:lcd_clear</name>
         <load_address>0x7632</load_address>
         <run_address>0x7632</run_address>
         <size>0x10</size>
         <input_file_ref idref="fl-6"/>
      </object_component>
      <object_component id="oc-1b">
         <name>.text:decompress:none:__TI_decompress_none</name>
         <load_address>0x7642</load_address>
         <run_address>0x7642</run_address>
         <size>0xe</size>
         <input_file_ref idref="fl-e1"/>
      </object_component>
      <object_component id="oc-2a2">
         <name>.text:CPUcpsie</name>
         <load_address>0x7650</load_address>
         <run_address>0x7650</run_address>
         <size>0xc</size>
         <input_file_ref idref="fl-114"/>
      </object_component>
      <object_component id="oc-50">
         <name>.text:decompress:ZI:__TI_zero_init</name>
         <load_address>0x765c</load_address>
         <run_address>0x765c</run_address>
         <size>0xc</size>
         <input_file_ref idref="fl-e0"/>
      </object_component>
      <object_component id="oc-2a">
         <name>.text</name>
         <load_address>0x7668</load_address>
         <run_address>0x7668</run_address>
         <size>0xc</size>
         <input_file_ref idref="fl-d"/>
      </object_component>
      <object_component id="oc-20d">
         <name>.text:_outc</name>
         <load_address>0x7674</load_address>
         <run_address>0x7674</run_address>
         <size>0xa</size>
         <input_file_ref idref="fl-cf"/>
      </object_component>
      <object_component id="oc-2d0">
         <name>.text:__aeabi_errno_addr</name>
         <load_address>0x7680</load_address>
         <run_address>0x7680</run_address>
         <size>0x8</size>
         <input_file_ref idref="fl-f3"/>
      </object_component>
      <object_component id="oc-2ae">
         <name>.text:malloc</name>
         <load_address>0x7688</load_address>
         <run_address>0x7688</run_address>
         <size>0x8</size>
         <input_file_ref idref="fl-eb"/>
      </object_component>
      <object_component id="oc-24a">
         <name>.text:_outc</name>
         <load_address>0x7690</load_address>
         <run_address>0x7690</run_address>
         <size>0x4</size>
         <input_file_ref idref="fl-cd"/>
      </object_component>
      <object_component id="oc-244">
         <name>.text:_outs</name>
         <load_address>0x7694</load_address>
         <run_address>0x7694</run_address>
         <size>0x4</size>
         <input_file_ref idref="fl-cd"/>
      </object_component>
      <object_component id="oc-9c">
         <name>.text:_system_pre_init</name>
         <load_address>0x7698</load_address>
         <run_address>0x7698</run_address>
         <size>0x4</size>
         <input_file_ref idref="fl-100"/>
      </object_component>
      <object_component id="oc-146">
         <name>.text:abort:abort</name>
         <load_address>0x769c</load_address>
         <run_address>0x769c</run_address>
         <size>0x4</size>
         <input_file_ref idref="fl-e3"/>
      </object_component>
      <object_component id="oc-336">
         <name>.const:$O1$$</name>
         <load_address>0x76a0</load_address>
         <run_address>0x76a0</run_address>
         <size>0x158</size>
         <input_file_ref idref="fl-f0"/>
      </object_component>
      <object_component id="oc-3b8">
         <name>.const:.string:_ctypes_</name>
         <load_address>0x77f8</load_address>
         <run_address>0x77f8</run_address>
         <size>0x101</size>
         <input_file_ref idref="fl-e7"/>
      </object_component>
      <object_component id="oc-1b1">
         <name>.const:.string:lineAddress$1</name>
         <load_address>0x78f9</load_address>
         <run_address>0x78f9</run_address>
         <size>0x4</size>
         <input_file_ref idref="fl-6"/>
      </object_component>
      <object_component id="oc-2d6">
         <name>.const:$O1$$</name>
         <load_address>0x7900</load_address>
         <run_address>0x7900</run_address>
         <size>0x30</size>
         <input_file_ref idref="fl-c9"/>
      </object_component>
      <object_component id="oc-1e9">
         <name>.const:.string:$P$T0$3</name>
         <load_address>0x7930</load_address>
         <run_address>0x7930</run_address>
         <size>0xf</size>
         <input_file_ref idref="fl-8"/>
      </object_component>
      <object_component id="oc-1b2">
         <name>.const:.string:lineAddresses$2</name>
         <load_address>0x793f</load_address>
         <run_address>0x793f</run_address>
         <size>0x4</size>
         <input_file_ref idref="fl-6"/>
      </object_component>
      <object_component id="oc-5a8">
         <name>.cinit..data.load</name>
         <load_address>0x7948</load_address>
         <run_address>0x7948</run_address>
         <size>0x78</size>
      </object_component>
      <object_component id="oc-5a5">
         <name>__TI_handler_table</name>
         <load_address>0x79c0</load_address>
         <run_address>0x79c0</run_address>
         <size>0xc</size>
      </object_component>
      <object_component id="oc-5a9">
         <name>.cinit..bss.load</name>
         <load_address>0x79d0</load_address>
         <run_address>0x79d0</run_address>
         <size>0x8</size>
      </object_component>
      <object_component id="oc-5a7">
         <name>.cinit..vtable.load</name>
         <load_address>0x79d8</load_address>
         <run_address>0x79d8</run_address>
         <size>0x8</size>
      </object_component>
      <object_component id="oc-5a6">
         <name>__TI_cinit_table</name>
         <load_address>0x79e0</load_address>
         <run_address>0x79e0</run_address>
         <size>0x18</size>
      </object_component>
      <object_component id="oc-271">
         <name>.vtable</name>
         <uninitialized>true</uninitialized>
         <run_address>0x20000000</run_address>
         <size>0x26c</size>
         <input_file_ref idref="fl-113"/>
      </object_component>
      <object_component id="oc-191">
         <name>.data</name>
         <load_address>0x200026a5</load_address>
         <run_address>0x200026a5</run_address>
         <size>0x1</size>
         <input_file_ref idref="fl-3"/>
      </object_component>
      <object_component id="oc-1e1">
         <name>.data</name>
         <load_address>0x20002660</load_address>
         <run_address>0x20002660</run_address>
         <size>0x20</size>
         <input_file_ref idref="fl-8"/>
      </object_component>
      <object_component id="oc-1c3">
         <name>.data</name>
         <load_address>0x2000269c</load_address>
         <run_address>0x2000269c</run_address>
         <size>0x9</size>
         <input_file_ref idref="fl-9"/>
      </object_component>
      <object_component id="oc-126">
         <name>.data</name>
         <load_address>0x200026b8</load_address>
         <run_address>0x200026b8</run_address>
         <size>0x8</size>
         <input_file_ref idref="fl-e"/>
      </object_component>
      <object_component id="oc-255">
         <name>.data:$O1$$</name>
         <load_address>0x20002690</load_address>
         <run_address>0x20002690</run_address>
         <size>0xc</size>
         <input_file_ref idref="fl-e3"/>
      </object_component>
      <object_component id="oc-23e">
         <name>.data:$O1$$</name>
         <load_address>0x200026a8</load_address>
         <run_address>0x200026a8</run_address>
         <size>0x8</size>
         <input_file_ref idref="fl-e4"/>
      </object_component>
      <object_component id="oc-241">
         <name>.data:_ftable</name>
         <load_address>0x200024a8</load_address>
         <run_address>0x200024a8</run_address>
         <size>0xf0</size>
         <input_file_ref idref="fl-e8"/>
      </object_component>
      <object_component id="oc-4d7">
         <name>.data</name>
         <load_address>0x20002680</load_address>
         <run_address>0x20002680</run_address>
         <size>0x10</size>
         <input_file_ref idref="fl-e8"/>
      </object_component>
      <object_component id="oc-39e">
         <name>.data:$O1$$</name>
         <load_address>0x200026b0</load_address>
         <run_address>0x200026b0</run_address>
         <size>0x8</size>
         <input_file_ref idref="fl-eb"/>
      </object_component>
      <object_component id="oc-4bb">
         <name>.data:_device</name>
         <load_address>0x20002598</load_address>
         <run_address>0x20002598</run_address>
         <size>0x78</size>
         <input_file_ref idref="fl-f2"/>
      </object_component>
      <object_component id="oc-48d">
         <name>.data:_stream</name>
         <load_address>0x20002610</load_address>
         <run_address>0x20002610</run_address>
         <size>0x50</size>
         <input_file_ref idref="fl-f2"/>
      </object_component>
      <object_component id="oc-3a5">
         <name>.data</name>
         <load_address>0x200026c0</load_address>
         <run_address>0x200026c0</run_address>
         <size>0x4</size>
         <input_file_ref idref="fl-f3"/>
      </object_component>
      <object_component id="oc-1b3">
         <name>.bss:lastbuffer$3</name>
         <uninitialized>true</uninitialized>
         <run_address>0x20002430</run_address>
         <size>0x54</size>
         <input_file_ref idref="fl-6"/>
      </object_component>
      <object_component id="oc-1f1">
         <name>.bss:firmware$2</name>
         <uninitialized>true</uninitialized>
         <run_address>0x20002484</run_address>
         <size>0x18</size>
         <input_file_ref idref="fl-8"/>
      </object_component>
      <object_component id="oc-546">
         <name>.bss:_CIOBUF_</name>
         <uninitialized>true</uninitialized>
         <run_address>0x20002270</run_address>
         <size>0x120</size>
         <input_file_ref idref="fl-10a"/>
      </object_component>
      <object_component id="oc-194">
         <name>.common:_timeout_ticks</name>
         <uninitialized>true</uninitialized>
         <run_address>0x200024a4</run_address>
         <size>0x4</size>
      </object_component>
      <object_component id="oc-519">
         <name>.common:__TI_tmpnams</name>
         <uninitialized>true</uninitialized>
         <run_address>0x20002390</run_address>
         <size>0xa0</size>
      </object_component>
      <object_component id="oc-52a">
         <name>.common:parmbuf</name>
         <uninitialized>true</uninitialized>
         <run_address>0x2000249c</run_address>
         <size>0x8</size>
      </object_component>
      <object_component id="oc-24">
         <name>.sysmem</name>
         <uninitialized>true</uninitialized>
         <run_address>0x20001270</run_address>
         <size>0x10</size>
         <input_file_ref idref="fl-eb"/>
      </object_component>
      <object_component id="oc-5ac">
         <name>.sysmem</name>
         <uninitialized>true</uninitialized>
         <run_address>0x20001270</run_address>
         <size>0x0</size>
      </object_component>
      <object_component id="oc-27">
         <name>.stack</name>
         <uninitialized>true</uninitialized>
         <run_address>0x20000270</run_address>
         <size>0x4</size>
         <input_file_ref idref="fl-f4"/>
      </object_component>
      <object_component id="oc-5ab">
         <name>.stack</name>
         <uninitialized>true</uninitialized>
         <run_address>0x20000270</run_address>
         <size>0x0</size>
      </object_component>
      <object_component id="oc-c5">
         <name>.debug_info</name>
         <load_address>0x0</load_address>
         <run_address>0x0</run_address>
         <size>0x29e</size>
         <input_file_ref idref="fl-2"/>
      </object_component>
      <object_component id="oc-218">
         <name>.debug_info</name>
         <load_address>0x29e</load_address>
         <run_address>0x29e</run_address>
         <size>0x790</size>
         <input_file_ref idref="fl-2"/>
      </object_component>
      <object_component id="oc-186">
         <name>.debug_info</name>
         <load_address>0xa2e</load_address>
         <run_address>0xa2e</run_address>
         <size>0x5aa</size>
         <input_file_ref idref="fl-2"/>
      </object_component>
      <object_component id="oc-77">
         <name>.debug_info</name>
         <load_address>0xfd8</load_address>
         <run_address>0xfd8</run_address>
         <size>0x26b</size>
         <input_file_ref idref="fl-2"/>
      </object_component>
      <object_component id="oc-39">
         <name>.debug_info</name>
         <load_address>0x1243</load_address>
         <run_address>0x1243</run_address>
         <size>0x84</size>
         <input_file_ref idref="fl-2"/>
      </object_component>
      <object_component id="oc-c0">
         <name>.debug_info</name>
         <load_address>0x12c7</load_address>
         <run_address>0x12c7</run_address>
         <size>0x2a4</size>
         <input_file_ref idref="fl-2"/>
      </object_component>
      <object_component id="oc-7c">
         <name>.debug_info</name>
         <load_address>0x156b</load_address>
         <run_address>0x156b</run_address>
         <size>0xbb</size>
         <input_file_ref idref="fl-2"/>
      </object_component>
      <object_component id="oc-29d">
         <name>.debug_info</name>
         <load_address>0x1626</load_address>
         <run_address>0x1626</run_address>
         <size>0xcc</size>
         <input_file_ref idref="fl-2"/>
      </object_component>
      <object_component id="oc-1b6">
         <name>.debug_info</name>
         <load_address>0x16f2</load_address>
         <run_address>0x16f2</run_address>
         <size>0x2c</size>
         <input_file_ref idref="fl-2"/>
      </object_component>
      <object_component id="oc-195">
         <name>.debug_info</name>
         <load_address>0x171e</load_address>
         <run_address>0x171e</run_address>
         <size>0x2c2</size>
         <input_file_ref idref="fl-3"/>
      </object_component>
      <object_component id="oc-192">
         <name>.debug_info</name>
         <load_address>0x19e0</load_address>
         <run_address>0x19e0</run_address>
         <size>0xd0</size>
         <input_file_ref idref="fl-3"/>
      </object_component>
      <object_component id="oc-d7">
         <name>.debug_info</name>
         <load_address>0x1ab0</load_address>
         <run_address>0x1ab0</run_address>
         <size>0x518</size>
         <input_file_ref idref="fl-3"/>
      </object_component>
      <object_component id="oc-e9">
         <name>.debug_info</name>
         <load_address>0x1fc8</load_address>
         <run_address>0x1fc8</run_address>
         <size>0x151</size>
         <input_file_ref idref="fl-4"/>
      </object_component>
      <object_component id="oc-140">
         <name>.debug_info</name>
         <load_address>0x2119</load_address>
         <run_address>0x2119</run_address>
         <size>0x614</size>
         <input_file_ref idref="fl-5"/>
      </object_component>
      <object_component id="oc-a3">
         <name>.debug_info</name>
         <load_address>0x272d</load_address>
         <run_address>0x272d</run_address>
         <size>0xaac</size>
         <input_file_ref idref="fl-5"/>
      </object_component>
      <object_component id="oc-141">
         <name>.debug_info</name>
         <load_address>0x31d9</load_address>
         <run_address>0x31d9</run_address>
         <size>0x72</size>
         <input_file_ref idref="fl-5"/>
      </object_component>
      <object_component id="oc-1b5">
         <name>.debug_info</name>
         <load_address>0x324b</load_address>
         <run_address>0x324b</run_address>
         <size>0x38a</size>
         <input_file_ref idref="fl-6"/>
      </object_component>
      <object_component id="oc-19a">
         <name>.debug_info</name>
         <load_address>0x35d5</load_address>
         <run_address>0x35d5</run_address>
         <size>0x125</size>
         <input_file_ref idref="fl-6"/>
      </object_component>
      <object_component id="oc-df">
         <name>.debug_info</name>
         <load_address>0x36fa</load_address>
         <run_address>0x36fa</run_address>
         <size>0x8b1</size>
         <input_file_ref idref="fl-6"/>
      </object_component>
      <object_component id="oc-21d">
         <name>.debug_info</name>
         <load_address>0x3fab</load_address>
         <run_address>0x3fab</run_address>
         <size>0x4b5</size>
         <input_file_ref idref="fl-7"/>
      </object_component>
      <object_component id="oc-114">
         <name>.debug_info</name>
         <load_address>0x4460</load_address>
         <run_address>0x4460</run_address>
         <size>0xe6e</size>
         <input_file_ref idref="fl-7"/>
      </object_component>
      <object_component id="oc-1f3">
         <name>.debug_info</name>
         <load_address>0x52ce</load_address>
         <run_address>0x52ce</run_address>
         <size>0x407</size>
         <input_file_ref idref="fl-8"/>
      </object_component>
      <object_component id="oc-1e2">
         <name>.debug_info</name>
         <load_address>0x56d5</load_address>
         <run_address>0x56d5</run_address>
         <size>0x122</size>
         <input_file_ref idref="fl-8"/>
      </object_component>
      <object_component id="oc-1ea">
         <name>.debug_info</name>
         <load_address>0x57f7</load_address>
         <run_address>0x57f7</run_address>
         <size>0xd7</size>
         <input_file_ref idref="fl-8"/>
      </object_component>
      <object_component id="oc-1dc">
         <name>.debug_info</name>
         <load_address>0x58ce</load_address>
         <run_address>0x58ce</run_address>
         <size>0x14f</size>
         <input_file_ref idref="fl-8"/>
      </object_component>
      <object_component id="oc-fb">
         <name>.debug_info</name>
         <load_address>0x5a1d</load_address>
         <run_address>0x5a1d</run_address>
         <size>0x1999</size>
         <input_file_ref idref="fl-8"/>
      </object_component>
      <object_component id="oc-1c7">
         <name>.debug_info</name>
         <load_address>0x73b6</load_address>
         <run_address>0x73b6</run_address>
         <size>0x8b</size>
         <input_file_ref idref="fl-8"/>
      </object_component>
      <object_component id="oc-2ab">
         <name>.debug_info</name>
         <load_address>0x7441</load_address>
         <run_address>0x7441</run_address>
         <size>0x2f5</size>
         <input_file_ref idref="fl-9"/>
      </object_component>
      <object_component id="oc-1c4">
         <name>.debug_info</name>
         <load_address>0x7736</load_address>
         <run_address>0x7736</run_address>
         <size>0x10f</size>
         <input_file_ref idref="fl-9"/>
      </object_component>
      <object_component id="oc-ef">
         <name>.debug_info</name>
         <load_address>0x7845</load_address>
         <run_address>0x7845</run_address>
         <size>0x2ce</size>
         <input_file_ref idref="fl-9"/>
      </object_component>
      <object_component id="oc-393">
         <name>.debug_info</name>
         <load_address>0x7b13</load_address>
         <run_address>0x7b13</run_address>
         <size>0x44</size>
         <input_file_ref idref="fl-9"/>
      </object_component>
      <object_component id="oc-200">
         <name>.debug_info</name>
         <load_address>0x7b57</load_address>
         <run_address>0x7b57</run_address>
         <size>0x35c</size>
         <input_file_ref idref="fl-b"/>
      </object_component>
      <object_component id="oc-102">
         <name>.debug_info</name>
         <load_address>0x7eb3</load_address>
         <run_address>0x7eb3</run_address>
         <size>0x3e8</size>
         <input_file_ref idref="fl-b"/>
      </object_component>
      <object_component id="oc-e6">
         <name>.debug_info</name>
         <load_address>0x829b</load_address>
         <run_address>0x829b</run_address>
         <size>0x191</size>
         <input_file_ref idref="fl-c"/>
      </object_component>
      <object_component id="oc-32">
         <name>.debug_info</name>
         <load_address>0x842c</load_address>
         <run_address>0x842c</run_address>
         <size>0x2ac</size>
         <input_file_ref idref="fl-d"/>
      </object_component>
      <object_component id="oc-13">
         <name>.debug_info</name>
         <load_address>0x86d8</load_address>
         <run_address>0x86d8</run_address>
         <size>0xeb</size>
         <input_file_ref idref="fl-d"/>
      </object_component>
      <object_component id="oc-2b">
         <name>.debug_info</name>
         <load_address>0x87c3</load_address>
         <run_address>0x87c3</run_address>
         <size>0x267</size>
         <input_file_ref idref="fl-d"/>
      </object_component>
      <object_component id="oc-1cd">
         <name>.debug_info</name>
         <load_address>0x8a2a</load_address>
         <run_address>0x8a2a</run_address>
         <size>0x2d8</size>
         <input_file_ref idref="fl-e"/>
      </object_component>
      <object_component id="oc-127">
         <name>.debug_info</name>
         <load_address>0x8d02</load_address>
         <run_address>0x8d02</run_address>
         <size>0x10a</size>
         <input_file_ref idref="fl-e"/>
      </object_component>
      <object_component id="oc-f6">
         <name>.debug_info</name>
         <load_address>0x8e0c</load_address>
         <run_address>0x8e0c</run_address>
         <size>0x3d5</size>
         <input_file_ref idref="fl-e"/>
      </object_component>
      <object_component id="oc-2e0">
         <name>.debug_info</name>
         <load_address>0x91e1</load_address>
         <run_address>0x91e1</run_address>
         <size>0x363</size>
         <input_file_ref idref="fl-c9"/>
      </object_component>
      <object_component id="oc-2d7">
         <name>.debug_info</name>
         <load_address>0x9544</load_address>
         <run_address>0x9544</run_address>
         <size>0x128</size>
         <input_file_ref idref="fl-c9"/>
      </object_component>
      <object_component id="oc-1f6">
         <name>.debug_info</name>
         <load_address>0x966c</load_address>
         <run_address>0x966c</run_address>
         <size>0xbdf</size>
         <input_file_ref idref="fl-c9"/>
      </object_component>
      <object_component id="oc-345">
         <name>.debug_info</name>
         <load_address>0xa24b</load_address>
         <run_address>0xa24b</run_address>
         <size>0x46</size>
         <input_file_ref idref="fl-c9"/>
      </object_component>
      <object_component id="oc-239">
         <name>.debug_info</name>
         <load_address>0xa291</load_address>
         <run_address>0xa291</run_address>
         <size>0x39</size>
         <input_file_ref idref="fl-c9"/>
      </object_component>
      <object_component id="oc-3a4">
         <name>.debug_info</name>
         <load_address>0xa2ca</load_address>
         <run_address>0xa2ca</run_address>
         <size>0x2ca</size>
         <input_file_ref idref="fl-ca"/>
      </object_component>
      <object_component id="oc-2cb">
         <name>.debug_info</name>
         <load_address>0xa594</load_address>
         <run_address>0xa594</run_address>
         <size>0x24e</size>
         <input_file_ref idref="fl-ca"/>
      </object_component>
      <object_component id="oc-238">
         <name>.debug_info</name>
         <load_address>0xa7e2</load_address>
         <run_address>0xa7e2</run_address>
         <size>0x366</size>
         <input_file_ref idref="fl-cb"/>
      </object_component>
      <object_component id="oc-134">
         <name>.debug_info</name>
         <load_address>0xab48</load_address>
         <run_address>0xab48</run_address>
         <size>0x79b</size>
         <input_file_ref idref="fl-cb"/>
      </object_component>
      <object_component id="oc-3b3">
         <name>.debug_info</name>
         <load_address>0xb2e3</load_address>
         <run_address>0xb2e3</run_address>
         <size>0x2fd</size>
         <input_file_ref idref="fl-cc"/>
      </object_component>
      <object_component id="oc-2da">
         <name>.debug_info</name>
         <load_address>0xb5e0</load_address>
         <run_address>0xb5e0</run_address>
         <size>0x225</size>
         <input_file_ref idref="fl-cc"/>
      </object_component>
      <object_component id="oc-40e">
         <name>.debug_info</name>
         <load_address>0xb805</load_address>
         <run_address>0xb805</run_address>
         <size>0x39</size>
         <input_file_ref idref="fl-cc"/>
      </object_component>
      <object_component id="oc-33c">
         <name>.debug_info</name>
         <load_address>0xb83e</load_address>
         <run_address>0xb83e</run_address>
         <size>0x2c</size>
         <input_file_ref idref="fl-cc"/>
      </object_component>
      <object_component id="oc-251">
         <name>.debug_info</name>
         <load_address>0xb86a</load_address>
         <run_address>0xb86a</run_address>
         <size>0x3e5</size>
         <input_file_ref idref="fl-cd"/>
      </object_component>
      <object_component id="oc-24e">
         <name>.debug_info</name>
         <load_address>0xbc4f</load_address>
         <run_address>0xbc4f</run_address>
         <size>0x157</size>
         <input_file_ref idref="fl-cd"/>
      </object_component>
      <object_component id="oc-245">
         <name>.debug_info</name>
         <load_address>0xbda6</load_address>
         <run_address>0xbda6</run_address>
         <size>0x166</size>
         <input_file_ref idref="fl-cd"/>
      </object_component>
      <object_component id="oc-13a">
         <name>.debug_info</name>
         <load_address>0xbf0c</load_address>
         <run_address>0xbf0c</run_address>
         <size>0x1ac</size>
         <input_file_ref idref="fl-cd"/>
      </object_component>
      <object_component id="oc-368">
         <name>.debug_info</name>
         <load_address>0xc0b8</load_address>
         <run_address>0xc0b8</run_address>
         <size>0xb2</size>
         <input_file_ref idref="fl-cd"/>
      </object_component>
      <object_component id="oc-31c">
         <name>.debug_info</name>
         <load_address>0xc16a</load_address>
         <run_address>0xc16a</run_address>
         <size>0x590</size>
         <input_file_ref idref="fl-ce"/>
      </object_component>
      <object_component id="oc-2f3">
         <name>.debug_info</name>
         <load_address>0xc6fa</load_address>
         <run_address>0xc6fa</run_address>
         <size>0x21e</size>
         <input_file_ref idref="fl-ce"/>
      </object_component>
      <object_component id="oc-3cb">
         <name>.debug_info</name>
         <load_address>0xc918</load_address>
         <run_address>0xc918</run_address>
         <size>0x1b3</size>
         <input_file_ref idref="fl-ce"/>
      </object_component>
      <object_component id="oc-3d1">
         <name>.debug_info</name>
         <load_address>0xcacb</load_address>
         <run_address>0xcacb</run_address>
         <size>0x21b</size>
         <input_file_ref idref="fl-ce"/>
      </object_component>
      <object_component id="oc-2f9">
         <name>.debug_info</name>
         <load_address>0xcce6</load_address>
         <run_address>0xcce6</run_address>
         <size>0x3c0</size>
         <input_file_ref idref="fl-ce"/>
      </object_component>
      <object_component id="oc-3d8">
         <name>.debug_info</name>
         <load_address>0xd0a6</load_address>
         <run_address>0xd0a6</run_address>
         <size>0x30a</size>
         <input_file_ref idref="fl-ce"/>
      </object_component>
      <object_component id="oc-3de">
         <name>.debug_info</name>
         <load_address>0xd3b0</load_address>
         <run_address>0xd3b0</run_address>
         <size>0x215</size>
         <input_file_ref idref="fl-ce"/>
      </object_component>
      <object_component id="oc-2ff">
         <name>.debug_info</name>
         <load_address>0xd5c5</load_address>
         <run_address>0xd5c5</run_address>
         <size>0x215</size>
         <input_file_ref idref="fl-ce"/>
      </object_component>
      <object_component id="oc-305">
         <name>.debug_info</name>
         <load_address>0xd7da</load_address>
         <run_address>0xd7da</run_address>
         <size>0x304</size>
         <input_file_ref idref="fl-ce"/>
      </object_component>
      <object_component id="oc-30b">
         <name>.debug_info</name>
         <load_address>0xdade</load_address>
         <run_address>0xdade</run_address>
         <size>0x4b5</size>
         <input_file_ref idref="fl-ce"/>
      </object_component>
      <object_component id="oc-203">
         <name>.debug_info</name>
         <load_address>0xdf93</load_address>
         <run_address>0xdf93</run_address>
         <size>0x5f4</size>
         <input_file_ref idref="fl-ce"/>
      </object_component>
      <object_component id="oc-31d">
         <name>.debug_info</name>
         <load_address>0xe587</load_address>
         <run_address>0xe587</run_address>
         <size>0x86</size>
         <input_file_ref idref="fl-ce"/>
      </object_component>
      <object_component id="oc-3fc">
         <name>.debug_info</name>
         <load_address>0xe60d</load_address>
         <run_address>0xe60d</run_address>
         <size>0x39</size>
         <input_file_ref idref="fl-ce"/>
      </object_component>
      <object_component id="oc-474">
         <name>.debug_info</name>
         <load_address>0xe646</load_address>
         <run_address>0xe646</run_address>
         <size>0xb6</size>
         <input_file_ref idref="fl-ce"/>
      </object_component>
      <object_component id="oc-401">
         <name>.debug_info</name>
         <load_address>0xe6fc</load_address>
         <run_address>0xe6fc</run_address>
         <size>0x46</size>
         <input_file_ref idref="fl-ce"/>
      </object_component>
      <object_component id="oc-322">
         <name>.debug_info</name>
         <load_address>0xe742</load_address>
         <run_address>0xe742</run_address>
         <size>0x46</size>
         <input_file_ref idref="fl-ce"/>
      </object_component>
      <object_component id="oc-28d">
         <name>.debug_info</name>
         <load_address>0xe788</load_address>
         <run_address>0xe788</run_address>
         <size>0x2c</size>
         <input_file_ref idref="fl-ce"/>
      </object_component>
      <object_component id="oc-214">
         <name>.debug_info</name>
         <load_address>0xe7b4</load_address>
         <run_address>0xe7b4</run_address>
         <size>0x333</size>
         <input_file_ref idref="fl-cf"/>
      </object_component>
      <object_component id="oc-108">
         <name>.debug_info</name>
         <load_address>0xeae7</load_address>
         <run_address>0xeae7</run_address>
         <size>0x1d1</size>
         <input_file_ref idref="fl-cf"/>
[...]
      </symbol>
      <symbol id="sm-45a">
         <name>pow</name>
         <value>0x18dd</value>
         <object_component_ref idref="oc-1f4"/>
      </symbol>
      <symbol id="sm-45b">
         <name>powl</name>
         <value>0x18dd</value>
         <object_component_ref idref="oc-1f4"/>
      </symbol>
      <symbol id="sm-47d">
         <name>sqrtl</name>
         <value>0x5615</value>
         <object_component_ref idref="oc-2ca"/>
      </symbol>
      <symbol id="sm-47e">
         <name>sqrt</name>
         <value>0x5615</value>
         <object_component_ref idref="oc-2ca"/>
      </symbol>
      <symbol id="sm-4cf">
         <name>cosl</name>
         <value>0x3915</value>
         <object_component_ref idref="oc-133"/>
      </symbol>
      <symbol id="sm-4d0">
         <name>cos</name>
         <value>0x3915</value>
         <object_component_ref idref="oc-133"/>
      </symbol>
      <symbol id="sm-4f7">
         <name>scalbn</name>
         <value>0x5e69</value>
         <object_component_ref idref="oc-2d9"/>
      </symbol>
      <symbol id="sm-4f8">
         <name>scalbnl</name>
         <value>0x5e69</value>
         <object_component_ref idref="oc-2d9"/>
      </symbol>
      <symbol id="sm-4f9">
         <name>ldexpl</name>
         <value>0x5e69</value>
         <object_component_ref idref="oc-2d9"/>
      </symbol>
      <symbol id="sm-4fa">
         <name>ldexp</name>
         <value>0x5e69</value>
         <object_component_ref idref="oc-2d9"/>
      </symbol>
      <symbol id="sm-526">
         <name>printf</name>
         <value>0x6b29</value>
         <object_component_ref idref="oc-139"/>
      </symbol>
      <symbol id="sm-690">
         <name>__TI_printfi</name>
         <value>0xe8d</value>
         <object_component_ref idref="oc-201"/>
      </symbol>
      <symbol id="sm-6b2">
         <name>sprintf</name>
         <value>0x715d</value>
         <object_component_ref idref="oc-106"/>
      </symbol>
      <symbol id="sm-6dc">
         <name>vsnprintf</name>
         <value>0x719d</value>
         <object_component_ref idref="oc-19f"/>
      </symbol>
      <symbol id="sm-6f1">
         <name>putc</name>
         <value>0x6619</value>
         <object_component_ref idref="oc-35f"/>
      </symbol>
      <symbol id="sm-6f2">
         <name>fputc</name>
         <value>0x6619</value>
         <object_component_ref idref="oc-35f"/>
      </symbol>
      <symbol id="sm-715">
         <name>fputs</name>
         <value>0x5d55</value>
         <object_component_ref idref="oc-358"/>
      </symbol>
      <symbol id="sm-72d">
         <name>__TI_wrt_ok</name>
         <value>0x6c59</value>
         <object_component_ref idref="oc-41a"/>
      </symbol>
      <symbol id="sm-749">
         <name>setvbuf</name>
         <value>0x6359</value>
         <object_component_ref idref="oc-481"/>
      </symbol>
      <symbol id="sm-758">
         <name>__aeabi_memset</name>
         <value>0x67b3</value>
         <object_component_ref idref="oc-96"/>
      </symbol>
      <symbol id="sm-759">
         <name>memset</name>
         <value>0x67b9</value>
         <object_component_ref idref="oc-96"/>
      </symbol>
      <symbol id="sm-75a">
         <name>__aeabi_memset8</name>
         <value>0x67b3</value>
         <object_component_ref idref="oc-96"/>
      </symbol>
      <symbol id="sm-75b">
         <name>__aeabi_memset4</name>
         <value>0x67b3</value>
         <object_component_ref idref="oc-96"/>
      </symbol>
      <symbol id="sm-75c">
         <name>__aeabi_memclr8</name>
         <value>0x67b1</value>
         <object_component_ref idref="oc-96"/>
      </symbol>
      <symbol id="sm-75d">
         <name>__aeabi_memclr4</name>
         <value>0x67b1</value>
         <object_component_ref idref="oc-96"/>
      </symbol>
      <symbol id="sm-75e">
         <name>__aeabi_memclr</name>
         <value>0x67b1</value>
         <object_component_ref idref="oc-96"/>
      </symbol>
      <symbol id="sm-775">
         <name>__aeabi_dsub</name>
         <value>0x4fd9</value>
         <object_component_ref idref="oc-1e4"/>
      </symbol>
      <symbol id="sm-776">
         <name>__aeabi_dadd</name>
         <value>0x4fe3</value>
         <object_component_ref idref="oc-1e4"/>
      </symbol>
      <symbol id="sm-798">
         <name>__aeabi_cdcmpeq</name>
         <value>0x66a5</value>
         <object_component_ref idref="oc-12e"/>
      </symbol>
      <symbol id="sm-799">
         <name>__aeabi_cdcmple</name>
         <value>0x66a5</value>
         <object_component_ref idref="oc-12e"/>
      </symbol>
      <symbol id="sm-79a">
         <name>__aeabi_cdrcmple</name>
         <value>0x672b</value>
         <object_component_ref idref="oc-1fa"/>
      </symbol>
      <symbol id="sm-7ae">
         <name>__aeabi_ddiv</name>
         <value>0x58a9</value>
         <object_component_ref idref="oc-129"/>
      </symbol>
      <symbol id="sm-7b9">
         <name>__aeabi_dmul</name>
         <value>0x6081</value>
         <object_component_ref idref="oc-117"/>
      </symbol>
      <symbol id="sm-7c3">
         <name>__aeabi_d2iz</name>
         <value>0x7005</value>
         <object_component_ref idref="oc-11c"/>
      </symbol>
      <symbol id="sm-7cf">
         <name>__aeabi_d2f</name>
         <value>0x697f</value>
         <object_component_ref idref="oc-1ec"/>
      </symbol>
      <symbol id="sm-7da">
         <name>__aeabi_f2d</name>
         <value>0x728d</value>
         <object_component_ref idref="oc-121"/>
      </symbol>
      <symbol id="sm-7e4">
         <name>__aeabi_i2d</name>
         <value>0x742d</value>
         <object_component_ref idref="oc-10c"/>
      </symbol>
      <symbol id="sm-7ff">
         <name>memcpy</name>
         <value>0x64e7</value>
         <object_component_ref idref="oc-3e"/>
      </symbol>
      <symbol id="sm-800">
         <name>__aeabi_memcpy</name>
         <value>0x64e7</value>
         <object_component_ref idref="oc-3e"/>
      </symbol>
      <symbol id="sm-801">
         <name>__aeabi_memcpy8</name>
         <value>0x64e7</value>
         <object_component_ref idref="oc-3e"/>
      </symbol>
      <symbol id="sm-802">
         <name>__aeabi_memcpy4</name>
         <value>0x64e7</value>
         <object_component_ref idref="oc-3e"/>
      </symbol>
      <symbol id="sm-80f">
         <name>__aeabi_uldivmod</name>
         <value>0x6583</value>
         <object_component_ref idref="oc-3bd"/>
      </symbol>
      <symbol id="sm-821">
         <name>__TI_zero_init</name>
         <value>0x765d</value>
         <object_component_ref idref="oc-50"/>
      </symbol>
      <symbol id="sm-838">
         <name>__TI_decompress_none</name>
         <value>0x7643</value>
         <object_component_ref idref="oc-1b"/>
      </symbol>
      <symbol id="sm-85b">
         <name>__TI_decompress_lzss</name>
         <value>0x6ac1</value>
         <object_component_ref idref="oc-15"/>
      </symbol>
      <symbol id="sm-881">
         <name>C$$EXIT</name>
         <value>0x769d</value>
         <object_component_ref idref="oc-146"/>
      </symbol>
      <symbol id="sm-882">
         <name>abort</name>
         <value>0x769d</value>
         <object_component_ref idref="oc-146"/>
      </symbol>
      <symbol id="sm-883">
         <name>__TI_dtors_ptr</name>
         <value>0x20002694</value>
         <object_component_ref idref="oc-255"/>
      </symbol>
      <symbol id="sm-884">
         <name>__TI_cleanup_ptr</name>
         <value>0x20002690</value>
         <object_component_ref idref="oc-255"/>
      </symbol>
      <symbol id="sm-885">
         <name>__TI_enable_exit_profile_output</name>
         <value>0x20002698</value>
         <object_component_ref idref="oc-255"/>
      </symbol>
      <symbol id="sm-886">
         <name>exit</name>
         <value>0x6fbd</value>
         <object_component_ref idref="oc-14c"/>
      </symbol>
      <symbol id="sm-89b">
         <name>_nop</name>
         <value>0x18db</value>
         <object_component_ref idref="oc-34a"/>
      </symbol>
      <symbol id="sm-89c">
         <name>_lock</name>
         <value>0x200026a8</value>
         <object_component_ref idref="oc-23e"/>
      </symbol>
      <symbol id="sm-89d">
         <name>_unlock</name>
         <value>0x200026ac</value>
         <object_component_ref idref="oc-23e"/>
      </symbol>
      <symbol id="sm-8ac">
         <name>__TI_ltoa</name>
         <value>0x6e7f</value>
         <object_component_ref idref="oc-3c3"/>
      </symbol>
      <symbol id="sm-8c2">
         <name>atoi</name>
         <value>0x6f71</value>
         <object_component_ref idref="oc-2eb"/>
      </symbol>
      <symbol id="sm-8cd">
         <name>_ctypes_</name>
         <value>0x77f8</value>
         <object_component_ref idref="oc-3b8"/>
      </symbol>
      <symbol id="sm-8e2">
         <name>__TI_tmpnams</name>
         <value>0x20002390</value>
      </symbol>
      <symbol id="sm-8e3">
         <name>__aeabi_stdout</name>
         <value>0x20002688</value>
         <object_component_ref idref="oc-4d7"/>
      </symbol>
      <symbol id="sm-8e4">
         <name>__aeabi_stderr</name>
         <value>0x2000268c</value>
         <object_component_ref idref="oc-4d7"/>
      </symbol>
      <symbol id="sm-8e5">
         <name>__aeabi_stdin</name>
         <value>0x20002684</value>
         <object_component_ref idref="oc-4d7"/>
      </symbol>
      <symbol id="sm-8e6">
         <name>_ftable</name>
         <value>0x200024a8</value>
         <object_component_ref idref="oc-241"/>
      </symbol>
      <symbol id="sm-8e7">
         <name>__TI_ft_end</name>
         <value>0x20002680</value>
         <object_component_ref idref="oc-4d7"/>
      </symbol>
      <symbol id="sm-8f7">
         <name>memccpy</name>
         <value>0x753d</value>
         <object_component_ref idref="oc-30f"/>
      </symbol>
      <symbol id="sm-907">
         <name>memchr</name>
         <value>0x7501</value>
         <object_component_ref idref="oc-420"/>
      </symbol>
      <symbol id="sm-99c">
         <name>_sys_memory</name>
         <value>0x20001270</value>
         <object_component_ref idref="oc-24"/>
      </symbol>
      <symbol id="sm-99d">
         <name>free</name>
         <value>0x6275</value>
         <object_component_ref idref="oc-1d4"/>
      </symbol>
      <symbol id="sm-99e">
         <name>memalign</name>
         <value>0x5f79</value>
         <object_component_ref idref="oc-397"/>
      </symbol>
      <symbol id="sm-99f">
         <name>calloc</name>
         <value>0x7255</value>
         <object_component_ref idref="oc-1ce"/>
      </symbol>
      <symbol id="sm-9a0">
         <name>malloc</name>
         <value>0x7689</value>
         <object_component_ref idref="oc-2ae"/>
      </symbol>
      <symbol id="sm-9a1">
         <name>aligned_alloc</name>
         <value>0x5f79</value>
         <object_component_ref idref="oc-397"/>
      </symbol>
      <symbol id="sm-9b1">
         <name>strchr</name>
         <value>0x75d3</value>
         <object_component_ref idref="oc-3ea"/>
      </symbol>
      <symbol id="sm-9c0">
         <name>strcmp</name>
         <value>0x75bb</value>
         <object_component_ref idref="oc-1a5"/>
      </symbol>
      <symbol id="sm-9ce">
         <name>strcpy</name>
         <value>0x75e9</value>
         <object_component_ref idref="oc-1ab"/>
      </symbol>
      <symbol id="sm-9dc">
         <name>strlen</name>
         <value>0x75fd</value>
         <object_component_ref idref="oc-2e5"/>
      </symbol>
      <symbol id="sm-a42">
         <name>__kernel_rem_pio2</name>
         <value>0x2bad</value>
         <object_component_ref idref="oc-22b"/>
      </symbol>
      <symbol id="sm-a5c">
         <name>write</name>
         <value>0x74d9</value>
         <object_component_ref idref="oc-42c"/>
      </symbol>
      <symbol id="sm-a6d">
         <name>_stream</name>
         <value>0x20002610</value>
         <object_component_ref idref="oc-48d"/>
      </symbol>
      <symbol id="sm-a6e">
         <name>_device</name>
         <value>0x20002598</value>
         <object_component_ref idref="oc-4bb"/>
      </symbol>
      <symbol id="sm-a84">
         <name>__aeabi_errno_addr</name>
         <value>0x7681</value>
         <object_component_ref idref="oc-2d0"/>
      </symbol>
      <symbol id="sm-a85">
         <name>errno</name>
         <value>0x200026c0</value>
         <object_component_ref idref="oc-3a5"/>
      </symbol>
      <symbol id="sm-a98">
         <name>__stack</name>
         <value>0x20000270</value>
         <object_component_ref idref="oc-27"/>
      </symbol>
      <symbol id="sm-a99">
         <name>_c_int00_noargs</name>
         <value>0x7399</value>
         <object_component_ref idref="oc-5c"/>
      </symbol>
      <symbol id="sm-aa3">
         <name>copysign</name>
         <value>0x7559</value>
         <object_component_ref idref="oc-3ac"/>
      </symbol>
      <symbol id="sm-aa4">
         <name>copysignl</name>
         <value>0x7559</value>
         <object_component_ref idref="oc-3ac"/>
      </symbol>
      <symbol id="sm-aba">
         <name>__kernel_cos</name>
         <value>0x54a9</value>
         <object_component_ref idref="oc-225"/>
      </symbol>
      <symbol id="sm-ad1">
         <name>__kernel_sin</name>
         <value>0x5335</value>
         <object_component_ref idref="oc-231"/>
      </symbol>
      <symbol id="sm-aee">
         <name>floorl</name>
         <value>0x617d</value>
         <object_component_ref idref="oc-330"/>
      </symbol>
      <symbol id="sm-aef">
         <name>floor</name>
         <value>0x617d</value>
         <object_component_ref idref="oc-330"/>
      </symbol>
      <symbol id="sm-b05">
         <name>frexpl</name>
         <value>0x6b91</value>
         <object_component_ref idref="oc-3e4"/>
      </symbol>
      <symbol id="sm-b06">
         <name>frexp</name>
         <value>0x6b91</value>
         <object_component_ref idref="oc-3e4"/>
      </symbol>
      <symbol id="sm-b1f">
         <name>wcslen</name>
         <value>0x7611</value>
         <object_component_ref idref="oc-315"/>
      </symbol>
      <symbol id="sm-b2f">
         <name>__TI_doflush</name>
         <value>0x6f25</value>
         <object_component_ref idref="oc-426"/>
      </symbol>
      <symbol id="sm-b3f">
         <name>__TI_cleanup</name>
         <value>0x7331</value>
         <object_component_ref idref="oc-4a8"/>
      </symbol>
      <symbol id="sm-b51">
         <name>fseek</name>
         <value>0x6bf5</value>
         <object_component_ref idref="oc-47b"/>
      </symbol>
      <symbol id="sm-b5b">
         <name>__aeabi_idiv0</name>
         <value>0x5333</value>
         <object_component_ref idref="oc-45b"/>
      </symbol>
      <symbol id="sm-b5c">
         <name>__aeabi_ldiv0</name>
         <value>0x5333</value>
         <object_component_ref idref="oc-45b"/>
      </symbol>
      <symbol id="sm-b84">
         <name>__TI_auto_init_nobinit_nopinit</name>
         <value>0x70d5</value>
         <object_component_ref idref="oc-152"/>
      </symbol>
      <symbol id="sm-b8e">
         <name>_system_pre_init</name>
         <value>0x7699</value>
         <object_component_ref idref="oc-9c"/>
      </symbol>
      <symbol id="sm-ba1">
         <name>HOSTclose</name>
         <value>0x704d</value>
         <object_component_ref idref="oc-4e3"/>
      </symbol>
      <symbol id="sm-bb2">
         <name>HOSTlseek</name>
         <value>0x6a59</value>
         <object_component_ref idref="oc-4f5"/>
      </symbol>
      <symbol id="sm-bc4">
         <name>parmbuf</name>
         <value>0x2000249c</value>
      </symbol>
      <symbol id="sm-bc5">
         <name>HOSTopen</name>
         <value>0x6cbd</value>
         <object_component_ref idref="oc-4dd"/>
      </symbol>
      <symbol id="sm-bd6">
         <name>HOSTread</name>
         <value>0x6d79</value>
         <object_component_ref idref="oc-4e9"/>
      </symbol>
      <symbol id="sm-be7">
         <name>HOSTrename</name>
         <value>0x69ed</value>
         <object_component_ref idref="oc-501"/>
      </symbol>
      <symbol id="sm-bf8">
         <name>HOSTunlink</name>
         <value>0x7091</value>
         <object_component_ref idref="oc-4fb"/>
      </symbol>
      <symbol id="sm-c09">
         <name>HOSTwrite</name>
         <value>0x6dd1</value>
         <object_component_ref idref="oc-4ef"/>
      </symbol>
      <symbol id="sm-c2d">
         <name>__TI_readmsg</name>
         <value>0x7365</value>
         <object_component_ref idref="oc-524"/>
      </symbol>
      <symbol id="sm-c2e">
         <name>C$$IO$$</name>
         <value>0x724b</value>
         <object_component_ref idref="oc-51e"/>
      </symbol>
      <symbol id="sm-c2f">
         <name>__CIOBUF_</name>
         <value>0x20002270</value>
         <object_component_ref idref="oc-546"/>
      </symbol>
      <symbol id="sm-c30">
         <name>__TI_writemsg</name>
         <value>0x721d</value>
         <object_component_ref idref="oc-51e"/>
      </symbol>
      <symbol id="sm-c41">
         <name>lseek</name>
         <value>0x74b1</value>
         <object_component_ref idref="oc-4a0"/>
      </symbol>
      <symbol id="sm-c56">
         <name>__TI_closefile</name>
         <value>0x682d</value>
         <object_component_ref idref="oc-4d1"/>
      </symbol>
      <symbol id="sm-c79">
         <name>finddevice</name>
         <value>0x73fd</value>
         <object_component_ref idref="oc-562"/>
      </symbol>
      <symbol id="sm-c7a">
         <name>getdevice</name>
         <value>0x7119</value>
         <object_component_ref idref="oc-53c"/>
      </symbol>
      <symbol id="sm-c8a">
         <name>strncpy</name>
         <value>0x72c5</value>
         <object_component_ref idref="oc-55c"/>
      </symbol>
      <symbol id="sm-c9f">
         <name>close</name>
         <value>0x6d1d</value>
         <object_component_ref idref="oc-50d"/>
      </symbol>
      <symbol id="sm-caf">
         <name>unlink</name>
         <value>0x745d</value>
         <object_component_ref idref="oc-513"/>
      </symbol>
      <symbol id="sm-cd4">
         <name>IntRegister</name>
         <value>0x72fd</value>
         <object_component_ref idref="oc-18b"/>
      </symbol>
      <symbol id="sm-cd5">
         <name>g_pfnRAMVectors</name>
         <value>0x20000000</value>
         <object_component_ref idref="oc-271"/>
      </symbol>
      <symbol id="sm-cd6">
         <name>IntMasterEnable</name>
         <value>0x7623</value>
         <object_component_ref idref="oc-1bd"/>
      </symbol>
      <symbol id="sm-ce0">
         <name>CPUcpsie</name>
         <value>0x7651</value>
         <object_component_ref idref="oc-2a2"/>
      </symbol>
      <symbol id="sm-ce1">
         <name>__TI_static_base__</name>
         <value>0x0</value>
      </symbol>
      <symbol id="sm-ce4">
         <name>__mpu_init</name>
         <value>0x0</value>
      </symbol>
      <symbol id="sm-ce5">
         <name>_system_post_cinit</name>
         <value>0x0</value>
      </symbol>
      <symbol id="sm-ce6">
         <name>remove</name>
         <value>0x745d</value>
      </symbol>
   </symbol_table>
   <title>Link successful</title>
</link_info>
