******************************************************************************
                  TI ARM Linker PC v20.2.1                     
******************************************************************************
>> Linked Tue Feb 16 16:14:37 2021

OUTPUT FILE NAME:   <Lab2.out>
ENTRY POINT SYMBOL: "_c_int00_noargs"  address: 0000437d


MEMORY CONFIGURATION

         name            origin    length      used     unused   attr    fill
----------------------  --------  ---------  --------  --------  ----  --------
  FLASH                 00000000   00040000  00004857  0003b7a9  R  X
  SRAM                  20000000   00008000  000026ad  00005953  RW X


SEGMENT ALLOCATION MAP

run origin  load origin   length   init length attrs members
----------  ----------- ---------- ----------- ----- -------
00000000    00000000    00004858   00004858    r-x
  00000000    00000000    0000026c   0000026c    r-- .intvecs
  0000026c    0000026c    000043f4   000043f4    r-x .text
  00004660    00004660    0000014f   0000014f    r-- .const
  000047b0    000047b0    000000a8   000000a8    r-- .cinit
20000000    20000000    000026b1   00000000    rw-
  20000000    20000000    0000026c   00000000    rw- .vtable
  20000270    20000270    00001000   00000000    rw- .stack
  20001270    20001270    00001000   00000000    rw- .sysmem
  20002270    20002270    00000238   00000000    rw- .bss
  200024a8    200024a8    00000209   00000000    rw- .data


SECTION ALLOCATION MAP

 output                                  attributes/
section   page    origin      length       input sections
--------  ----  ----------  ----------   ----------------
.intvecs   0    00000000    0000026c     
                  00000000    0000026c     tm4c123gh6pm_startup_ccs.obj (.intvecs)

.text      0    0000026c    000043f4     
                  0000026c    00000c20     open_interface.obj (.text)
                  00000e8c    00000a4e     rtsv7M4_T_le_v4SPD16_eabi.lib : _printfi.c.obj (.text:__TI_printfi)
                  000018da    00000002                                   : _lock.c.obj (.text:_nop)
                  000018dc    0000042c     lcd.obj (.text)
                  00001d08    000003d8     movement.obj (.text)
                  000020e0    00000270     rtsv7M4_T_le_v4SPD16_eabi.lib : _printfi.c.obj (.text:_pconv_a)
                  00002350    00000248     Timer.obj (.text)
                  00002598    000001d0     rtsv7M4_T_le_v4SPD16_eabi.lib : _printfi.c.obj (.text:_pconv_g)
                  00002768    000001b8     main.obj (.text)
                  00002920    000001b6     rtsv7M4_T_le_v4SPD16_eabi.lib : fd_add_t2.asm.obj (.text)
                  00002ad6    00000002                                   : div0.asm.obj (.text)
                  00002ad8    0000013c                                   : _printfi.c.obj (.text:_pconv_e)
                  00002c14    00000136                                   : fd_div_t2.asm.obj (.text)
                  00002d4a    00000002     --HOLE-- [fill = 0]
                  00002d4c    00000124                                   : _printfi.c.obj (.text:fcvt)
                  00002e70    00000114                                   : fputs.c.obj (.text:fputs)
                  00002f84    00000110                                   : s_scalbn.c.obj (.text:scalbn)
                  00003094    00000108                                   : memory.c.obj (.text:aligned_alloc)
                  0000319c    000000fc                                   : fd_mul_t2.asm.obj (.text)
                  00003298    000000e4                                   : memory.c.obj (.text:free)
                  0000337c    000000dc                                   : setvbuf.c.obj (.text:setvbuf)
                  00003458    000000b1                                   : _printfi.c.obj (.text:_ltostr)
                  00003509    00000001     --HOLE-- [fill = 0]
                  0000350a    0000009c                                   : memcpy_t2.asm.obj (.text)
                  000035a6    00000096                                   : ull_div_t2.asm.obj (.text)
                  0000363c    0000008c                                   : fputc.c.obj (.text:fputc)
                  000036c8    00000086                                   : fd_cmp_t2.asm.obj (.text:__aeabi_cdcmple)
                  0000374e    00000086                                   : fd_cmp_t2.asm.obj (.text:__aeabi_cdrcmple)
                  000037d4    0000007a                                   : memset_t2.asm.obj (.text)
                  0000384e    00000002     --HOLE-- [fill = 0]
                  00003850    00000074                                   : fclose.c.obj (.text:__TI_closefile)
                  000038c4    00000070                                   : memory.c.obj (.text:split)
                  00003934    0000006e                                   : _printfi.c.obj (.text:_mcpy)
                  000039a2    0000006e                                   : fd_tos_t2.asm.obj (.text)
                  00003a10    0000006c                                   : hostrename.c.obj (.text:HOSTrename)
                  00003a7c    00000068                                   : hostlseek.c.obj (.text:HOSTlseek)
                  00003ae4    00000068                                   : copy_decompress_lzss.c.obj (.text:decompress:lzss:__TI_decompress_lzss)
                  00003b4c    00000068                                   : printf.c.obj (.text:printf)
                  00003bb4    00000064                                   : s_frexp.c.obj (.text:frexp)
                  00003c18    00000064                                   : fseek.c.obj (.text:fseek)
                  00003c7c    00000062                                   : _io_perm.c.obj (.text:__TI_wrt_ok)
                  00003cde    00000002     --HOLE-- [fill = 0]
                  00003ce0    00000060                                   : hostopen.c.obj (.text:HOSTopen)
                  00003d40    0000005c                                   : close.c.obj (.text:close)
                  00003d9c    00000058                                   : hostread.c.obj (.text:HOSTread)
                  00003df4    00000058                                   : hostwrite.c.obj (.text:HOSTwrite)
                  00003e4c    00000056                                   : _printfi.c.obj (.text:_pconv_f)
                  00003ea2    00000054                                   : _ltoa.c.obj (.text:__TI_ltoa)
                  00003ef6    00000052                                   : _printfi.c.obj (.text:_ecpy)
                  00003f48    0000004c                                   : fflush.c.obj (.text:__TI_doflush)
                  00003f94    0000004c                                   : atoi.c.obj (.text:atoi)
                  00003fe0    00000048                                   : exit.c.obj (.text:exit)
                  00004028    00000048                                   : fd_toi_t2.asm.obj (.text)
                  00004070    00000044                                   : hostclose.c.obj (.text:HOSTclose)
                  000040b4    00000044                                   : hostunlink.c.obj (.text:HOSTunlink)
                  000040f8    00000044                                   : autoinit.c.obj (.text:__TI_auto_init_nobinit_nopinit:__TI_auto_init_nobinit_nopinit)
                  0000413c    00000044                                   : getdevice.c.obj (.text:getdevice)
                  00004180    00000040                                   : vsnprintf.c.obj (.text:vsnprintf)
                  000041c0    0000003e                                   : _printfi.c.obj (.text:_fcpy)
                  000041fe    00000002     --HOLE-- [fill = 0]
                  00004200    00000038                                   : trgmsg.c.obj (.text:__TI_writemsg)
                  00004238    00000038                                   : memory.c.obj (.text:calloc)
                  00004270    00000038                                   : fs_tod_t2.asm.obj (.text)
                  000042a8    00000036                                   : strncpy.c.obj (.text:strncpy)
                  000042de    00000002     --HOLE-- [fill = 0]
                  000042e0    00000034     driverlib.lib : interrupt.obj (.text:IntRegister)
                  00004314    00000034     rtsv7M4_T_le_v4SPD16_eabi.lib : fopen.c.obj (.text:__TI_cleanup)
                  00004348    00000034                                   : trgmsg.c.obj (.text:__TI_readmsg)
                  0000437c    00000034                                   : boot_cortex_m.c.obj (.text:_c_int00_noargs:_c_int00_noargs)
                  000043b0    00000030                                   : vsnprintf.c.obj (.text:_outs)
                  000043e0    00000030                                   : getdevice.c.obj (.text:finddevice)
                  00004410    0000002e                                   : i_tofd_t2.asm.obj (.text)
                  0000443e    00000002     --HOLE-- [fill = 0]
                  00004440    0000002c                                   : unlink.c.obj (.text:unlink)
                  0000446c    00000028                                   : memory.c.obj (.text:free_list_insert)
                  00004494    00000028                                   : lseek.c.obj (.text:lseek)
                  000044bc    00000028                                   : write.c.obj (.text:write)
                  000044e4    00000020                                   : memchr.c.obj (.text:memchr)
                  00004504    0000001c                                   : memory.c.obj (.text:free_list_remove)
                  00004520    0000001c                                   : memccpy.c.obj (.text:memccpy)
                  0000453c    0000001a                                   : s_copysign.c.obj (.text:copysign)
                  00004556    00000018                                   : vsnprintf.c.obj (.text:_outc)
                  0000456e    00000018     open_interface.obj (.text:oi_parseInt)
                  00004586    00000018     rtsv7M4_T_le_v4SPD16_eabi.lib : strcmp.c.obj (.text:strcmp)
                  0000459e    00000016                                   : strchr.c.obj (.text:strchr)
                  000045b4    00000014                                   : strcpy.c.obj (.text:strcpy)
                  000045c8    00000014                                   : strlen.c.obj (.text:strlen)
                  000045dc    00000012                                   : wcslen.c.obj (.text:wcslen)
                  000045ee    00000010     driverlib.lib : interrupt.obj (.text:IntMasterEnable)
                  000045fe    00000010     lcd.obj (.text:lcd_clear)
                  0000460e    0000000e     rtsv7M4_T_le_v4SPD16_eabi.lib : copy_decompress_none.c.obj (.text:decompress:none:__TI_decompress_none)
                  0000461c    0000000c     driverlib.lib : cpu.obj (.text:CPUcpsie)
                  00004628    0000000c     rtsv7M4_T_le_v4SPD16_eabi.lib : copy_zero_init.c.obj (.text:decompress:ZI:__TI_zero_init)
                  00004634    0000000c     tm4c123gh6pm_startup_ccs.obj (.text)
                  00004640    00000008     rtsv7M4_T_le_v4SPD16_eabi.lib : errno.c.obj (.text:__aeabi_errno_addr)
                  00004648    00000008                                   : memory.c.obj (.text:malloc)
                  00004650    00000004                                   : printf.c.obj (.text:_outc)
                  00004654    00000004                                   : printf.c.obj (.text:_outs)
                  00004658    00000004                                   : pre_init.c.obj (.text:_system_pre_init)
                  0000465c    00000004                                   : exit.c.obj (.text:abort:abort)

.const     0    00004660    0000014f     
                  00004660    00000101     rtsv7M4_T_le_v4SPD16_eabi.lib : ctype.c.obj (.const:.string:_ctypes_)
                  00004761    00000022     lcd.obj (.const:.string:$P$T0$4)
                  00004783    00000015     lcd.obj (.const:.string:$P$T1$5)
                  00004798    0000000f     open_interface.obj (.const:.string:$P$T0$3)
                  000047a7    00000004     lcd.obj (.const:.string:lineAddress$1)
                  000047ab    00000004     lcd.obj (.const:.string:lineAddresses$2)

.cinit     0    000047b0    000000a8     
                  000047b0    00000072     (.cinit..data.load) [load image, compression = lzss]
                  00004822    00000002     --HOLE-- [fill = 0]
                  00004824    0000000c     (__TI_handler_table)
                  00004830    00000008     (.cinit..bss.load) [load image, compression = zero_init]
                  00004838    00000008     (.cinit..vtable.load) [load image, compression = zero_init]
                  00004840    00000018     (__TI_cinit_table)

.init_array 
*          0    00000000    00000000     UNINITIALIZED

.vtable    0    20000000    0000026c     UNINITIALIZED
                  20000000    0000026c     driverlib.lib : interrupt.obj (.vtable)

.stack     0    20000270    00001000     UNINITIALIZED
                  20000270    00000004     rtsv7M4_T_le_v4SPD16_eabi.lib : boot_cortex_m.c.obj (.stack)
                  20000274    00000ffc     --HOLE--

.sysmem    0    20001270    00001000     UNINITIALIZED
                  20001270    00000010     rtsv7M4_T_le_v4SPD16_eabi.lib : memory.c.obj (.sysmem)
                  20001280    00000ff0     --HOLE--

.bss       0    20002270    00000238     UNINITIALIZED
                  20002270    00000120     rtsv7M4_T_le_v4SPD16_eabi.lib : trgmsg.c.obj (.bss:_CIOBUF_)
                  20002390    000000a0     (.common:__TI_tmpnams)
                  20002430    00000054     lcd.obj (.bss:lastbuffer$3)
                  20002484    00000018     open_interface.obj (.bss:firmware$2)
                  2000249c    00000008     (.common:parmbuf)
                  200024a4    00000004     (.common:_timeout_ticks)

.data      0    200024a8    00000209     UNINITIALIZED
                  200024a8    000000f0     rtsv7M4_T_le_v4SPD16_eabi.lib : defs.c.obj (.data:_ftable)
                  20002598    00000078                                   : host_device.c.obj (.data:_device)
                  20002610    00000050                                   : host_device.c.obj (.data:_stream)
                  20002660    00000020     open_interface.obj (.data)
                  20002680    00000010     rtsv7M4_T_le_v4SPD16_eabi.lib : defs.c.obj (.data)
                  20002690    0000000c                                   : exit.c.obj (.data:$O1$$)
                  2000269c    00000008                                   : _lock.c.obj (.data:$O1$$)
                  200026a4    00000008                                   : memory.c.obj (.data:$O1$$)
                  200026ac    00000004                                   : errno.c.obj (.data)
                  200026b0    00000001     Timer.obj (.data)

__llvm_prf_cnts 
*          0    20000000    00000000     UNINITIALIZED

MODULE SUMMARY

       Module                         code    ro data   rw data
       ------                         ----    -------   -------
    .\
       open_interface.obj             3128    15        56     
       lcd.obj                        1084    63        84     
       movement.obj                   984     0         0      
       tm4c123gh6pm_startup_ccs.obj   12      620       0      
       Timer.obj                      584     0         5      
       main.obj                       440     0         0      
    +--+------------------------------+-------+---------+---------+
       Total:                         6232    698       145    
                                                               
    C:/ti/TivaWare_C_Series-2.1.4.178/driverlib/ccs/Debug/driverlib.lib
       interrupt.obj                  68      0         620    
       cpu.obj                        12      0         0      
    +--+------------------------------+-------+---------+---------+
       Total:                         80      0         620    
                                                               
    C:\ti\ccs1010\ccs\tools\compiler\ti-cgt-arm_20.2.1.LTS\lib\rtsv7M4_T_le_v4SPD16_eabi.lib
       _printfi.c.obj                 4851    0         0      
       memory.c.obj                   736     0         8      
       fd_add_t2.asm.obj              438     0         0      
       defs.c.obj                     0       0         416    
       trgmsg.c.obj                   108     0         288    
       fd_div_t2.asm.obj              310     0         0      
       fputs.c.obj                    276     0         0      
       s_scalbn.c.obj                 272     0         0      
       fd_cmp_t2.asm.obj              268     0         0      
       ctype.c.obj                    0       257       0      
       fd_mul_t2.asm.obj              252     0         0      
       setvbuf.c.obj                  220     0         0      
       host_device.c.obj              0       0         200    
       memcpy_t2.asm.obj              156     0         0      
       ull_div_t2.asm.obj             150     0         0      
       fputc.c.obj                    140     0         0      
       vsnprintf.c.obj                136     0         0      
       memset_t2.asm.obj              122     0         0      
       fclose.c.obj                   116     0         0      
       getdevice.c.obj                116     0         0      
       printf.c.obj                   112     0         0      
       fd_tos_t2.asm.obj              110     0         0      
       hostrename.c.obj               108     0         0      
       copy_decompress_lzss.c.obj     104     0         0      
       hostlseek.c.obj                104     0         0      
       hostopen.c.obj                 96      0         8      
       fseek.c.obj                    100     0         0      
       s_frexp.c.obj                  100     0         0      
       _io_perm.c.obj                 98      0         0      
       close.c.obj                    92      0         0      
       exit.c.obj                     76      0         12     
       hostread.c.obj                 88      0         0      
       hostwrite.c.obj                88      0         0      
       _ltoa.c.obj                    84      0         0      
       atoi.c.obj                     76      0         0      
       fflush.c.obj                   76      0         0      
       fd_toi_t2.asm.obj              72      0         0      
       autoinit.c.obj                 68      0         0      
       hostclose.c.obj                68      0         0      
       hostunlink.c.obj               68      0         0      
       fs_tod_t2.asm.obj              56      0         0      
       strncpy.c.obj                  54      0         0      
       boot_cortex_m.c.obj            52      0         0      
       fopen.c.obj                    52      0         0      
       i_tofd_t2.asm.obj              46      0         0      
       unlink.c.obj                   44      0         0      
       lseek.c.obj                    40      0         0      
       write.c.obj                    40      0         0      
       memchr.c.obj                   32      0         0      
       memccpy.c.obj                  28      0         0      
       s_copysign.c.obj               26      0         0      
       strcmp.c.obj                   24      0         0      
       strchr.c.obj                   22      0         0      
       strcpy.c.obj                   20      0         0      
       strlen.c.obj                   20      0         0      
       wcslen.c.obj                   18      0         0      
       copy_decompress_none.c.obj     14      0         0      
       copy_zero_init.c.obj           12      0         0      
       errno.c.obj                    8       0         4      
       _lock.c.obj                    2       0         8      
       pre_init.c.obj                 4       0         0      
       div0.asm.obj                   2       0         0      
    +--+------------------------------+-------+---------+---------+
       Total:                         11071   257       944    
                                                               
       Heap:                          0       0         4096   
       Stack:                         0       0         4096   
       Linker Generated:              0       166       0      
    +--+------------------------------+-------+---------+---------+
       Grand Total:                   17383   1121      9901   


LINKER GENERATED COPY TABLES

__TI_cinit_table @ 00004840 records: 3, size/record: 8, table size: 24
	.data: load addr=000047b0, load size=00000072 bytes, run addr=200024a8, run size=00000209 bytes, compression=lzss
	.bss: load addr=00004830, load size=00000008 bytes, run addr=20002270, run size=00000238 bytes, compression=zero_init
	.vtable: load addr=00004838, load size=00000008 bytes, run addr=20000000, run size=0000026c bytes, compression=zero_init


LINKER GENERATED HANDLER TABLE

__TI_handler_table @ 00004824 records: 3, size/record: 4, table size: 12
	index: 0, handler: __TI_zero_init
	index: 1, handler: __TI_decompress_lzss
	index: 2, handler: __TI_decompress_none


GLOBAL SYMBOLS: SORTED ALPHABETICALLY BY Name 

address   name                           
-------   ----                           
0000465d  C$$EXIT                        
0000422f  C$$IO$$                        
0000461d  CPUcpsie                       
00000bc3  GPIOF_Handler                  
00004071  HOSTclose                      
00003a7d  HOSTlseek                      
00003ce1  HOSTopen                       
00003d9d  HOSTread                       
00003a11  HOSTrename                     
000040b5  HOSTunlink                     
00003df5  HOSTwrite                      
000045ef  IntMasterEnable                
000042e1  IntRegister                    
00004635  ResetISR                       
20002270  __CIOBUF_                      
20001270  __STACK_END                    
00001000  __STACK_SIZE                   
20000470  __STACK_TOP                    
00001000  __SYSMEM_SIZE                  
00004840  __TI_CINIT_Base                
00004858  __TI_CINIT_Limit               
00004824  __TI_Handler_Table_Base        
00004830  __TI_Handler_Table_Limit       
000040f9  __TI_auto_init_nobinit_nopinit 
00004315  __TI_cleanup                   
20002690  __TI_cleanup_ptr               
00003851  __TI_closefile                 
00003ae5  __TI_decompress_lzss           
0000460f  __TI_decompress_none           
00003f49  __TI_doflush                   
20002694  __TI_dtors_ptr                 
20002698  __TI_enable_exit_profile_output
20002680  __TI_ft_end                    
00003ea3  __TI_ltoa                      
ffffffff  __TI_pprof_out_hndl            
00000e8d  __TI_printfi                   
ffffffff  __TI_prof_data_size            
ffffffff  __TI_prof_data_start           
00004349  __TI_readmsg                   
00000000  __TI_static_base__             
20002390  __TI_tmpnams                   
00004201  __TI_writemsg                  
00003c7d  __TI_wrt_ok                    
00004629  __TI_zero_init                 
000036c9  __aeabi_cdcmpeq                
000036c9  __aeabi_cdcmple                
0000374f  __aeabi_cdrcmple               
000039a3  __aeabi_d2f                    
00004029  __aeabi_d2iz                   
0000292b  __aeabi_dadd                   
00002c15  __aeabi_ddiv                   
0000319d  __aeabi_dmul                   
00002921  __aeabi_dsub                   
00004641  __aeabi_errno_addr             
00004271  __aeabi_f2d                    
00004411  __aeabi_i2d                    
00002ad7  __aeabi_idiv0                  
00002ad7  __aeabi_ldiv0                  
000037d5  __aeabi_memclr                 
000037d5  __aeabi_memclr4                
000037d5  __aeabi_memclr8                
0000350b  __aeabi_memcpy                 
0000350b  __aeabi_memcpy4                
0000350b  __aeabi_memcpy8                
000037d7  __aeabi_memset                 
000037d7  __aeabi_memset4                
000037d7  __aeabi_memset8                
2000268c  __aeabi_stderr                 
20002684  __aeabi_stdin                  
20002688  __aeabi_stdout                 
000035a7  __aeabi_uldivmod               
ffffffff  __binit__                      
ffffffff  __c_args__                     
UNDEFED   __mpu_init                     
20000270  __stack                        
20000000  __start___llvm_prf_cnts        
20000000  __stop___llvm_prf_cnts         
0000437d  _c_int00_noargs                
00004660  _ctypes_                       
20002598  _device                        
200024a8  _ftable                        
2000269c  _lock                          
000018db  _nop                           
200026b0  _running                       
20002610  _stream                        
20001270  _sys_memory                    
UNDEFED   _system_post_cinit             
00004659  _system_pre_init               
200024a4  _timeout_ticks                 
200026a0  _unlock                        
0000465d  abort                          
00003095  aligned_alloc                  
00003f95  atoi                           
ffffffff  binit                          
00004239  calloc                         
00003d41  close                          
0000453d  copysign                       
0000453d  copysignl                      
200026ac  errno                          
00003fe1  exit                           
000043e1  finddevice                     
0000363d  fputc                          
00002e71  fputs                          
00003299  free                           
00003bb5  frexp                          
00003bb5  frexpl                         
00003c19  fseek                          
20000000  g_pfnRAMVectors                
00000000  g_pfnVectors                   
0000413d  getdevice                      
0000097f  go_charge                      
000045ff  lcd_clear                      
00001ab1  lcd_gotoLine                   
00001919  lcd_init                       
00001b17  lcd_printf                     
000019d9  lcd_putc                       
00001a11  lcd_puts                       
000018dd  lcd_reverseNibble              
00001bf5  lcd_rotatingBanner             
00001a2f  lcd_sendCommand                
00001a6d  lcd_sendNibble                 
00001ad9  lcd_setCursorPos               
00002f85  ldexp                          
00002f85  ldexpl                         
00004495  lseek                          
00002769  main                           
00004649  malloc                         
00003095  memalign                       
00004521  memccpy                        
000044e5  memchr                         
0000350b  memcpy                         
000037dd  memset                         
20002660  motor_cal_factor_L             
20002664  motor_cal_factor_R             
00001e39  move_backward                  
00001d09  move_forward                   
00001fb5  move_left                      
00001ef9  move_right                     
0000026d  oi_alloc                       
00000aa9  oi_checkFirmware               
000002c7  oi_close                       
00000279  oi_free                        
00000ded  oi_getMotorCalibrationLeft     
00000e01  oi_getMotorCalibrationRight    
000002b1  oi_init                        
00000289  oi_init_noupdate               
00000915  oi_loadSong                    
0000456f  oi_parseInt                    
0000032b  oi_parsePacket                 
0000096b  oi_play_song                   
0000084b  oi_setLeds                     
00000db1  oi_setMotorCalibration         
0000088f  oi_setWheels                   
00000b51  oi_shutoff_init                
0000098d  oi_uartInit                    
00000a31  oi_uartReceive                 
00000a77  oi_uartSendBuff                
00000a15  oi_uartSendChar                
00000a59  oi_uartSendStr                 
000002d9  oi_update                      
2000249c  parmbuf                        
00003b4d  printf                         
0000363d  putc                           
00004441  remove                         
00002f85  scalbn                         
00002f85  scalbnl                        
0000337d  setvbuf                        
0000459f  strchr                         
00004587  strcmp                         
000045b5  strcpy                         
000045c9  strlen                         
000042a9  strncpy                        
00001caf  substr                         
0000246f  timer_getMicros                
00002417  timer_getMillis                
00002351  timer_init                     
000023f3  timer_pause                    
00002405  timer_resume                   
000023c9  timer_stop                     
000024c9  timer_waitMicros               
000024fb  timer_waitMillis               
00004441  unlink                         
00004181  vsnprintf                      
000045dd  wcslen                         
000044bd  write                          


GLOBAL SYMBOLS: SORTED BY Symbol Address 

address   name                           
-------   ----                           
00000000  __TI_static_base__             
00000000  g_pfnVectors                   
0000026d  oi_alloc                       
00000279  oi_free                        
00000289  oi_init_noupdate               
000002b1  oi_init                        
000002c7  oi_close                       
000002d9  oi_update                      
0000032b  oi_parsePacket                 
0000084b  oi_setLeds                     
0000088f  oi_setWheels                   
00000915  oi_loadSong                    
0000096b  oi_play_song                   
0000097f  go_charge                      
0000098d  oi_uartInit                    
00000a15  oi_uartSendChar                
00000a31  oi_uartReceive                 
00000a59  oi_uartSendStr                 
00000a77  oi_uartSendBuff                
00000aa9  oi_checkFirmware               
00000b51  oi_shutoff_init                
00000bc3  GPIOF_Handler                  
00000db1  oi_setMotorCalibration         
00000ded  oi_getMotorCalibrationLeft     
00000e01  oi_getMotorCalibrationRight    
00000e8d  __TI_printfi                   
00001000  __STACK_SIZE                   
00001000  __SYSMEM_SIZE                  
000018db  _nop                           
000018dd  lcd_reverseNibble              
00001919  lcd_init                       
000019d9  lcd_putc                       
00001a11  lcd_puts                       
00001a2f  lcd_sendCommand                
00001a6d  lcd_sendNibble                 
00001ab1  lcd_gotoLine                   
00001ad9  lcd_setCursorPos               
00001b17  lcd_printf                     
00001bf5  lcd_rotatingBanner             
00001caf  substr                         
00001d09  move_forward                   
00001e39  move_backward                  
00001ef9  move_right                     
00001fb5  move_left                      
00002351  timer_init                     
000023c9  timer_stop                     
000023f3  timer_pause                    
00002405  timer_resume                   
00002417  timer_getMillis                
0000246f  timer_getMicros                
000024c9  timer_waitMicros               
000024fb  timer_waitMillis               
00002769  main                           
00002921  __aeabi_dsub                   
0000292b  __aeabi_dadd                   
00002ad7  __aeabi_idiv0                  
00002ad7  __aeabi_ldiv0                  
00002c15  __aeabi_ddiv                   
00002e71  fputs                          
00002f85  ldexp                          
00002f85  ldexpl                         
00002f85  scalbn                         
00002f85  scalbnl                        
00003095  aligned_alloc                  
00003095  memalign                       
0000319d  __aeabi_dmul                   
00003299  free                           
0000337d  setvbuf                        
0000350b  __aeabi_memcpy                 
0000350b  __aeabi_memcpy4                
0000350b  __aeabi_memcpy8                
0000350b  memcpy                         
000035a7  __aeabi_uldivmod               
0000363d  fputc                          
0000363d  putc                           
000036c9  __aeabi_cdcmpeq                
000036c9  __aeabi_cdcmple                
0000374f  __aeabi_cdrcmple               
000037d5  __aeabi_memclr                 
000037d5  __aeabi_memclr4                
000037d5  __aeabi_memclr8                
000037d7  __aeabi_memset                 
000037d7  __aeabi_memset4                
000037d7  __aeabi_memset8                
000037dd  memset                         
00003851  __TI_closefile                 
000039a3  __aeabi_d2f                    
00003a11  HOSTrename                     
00003a7d  HOSTlseek                      
00003ae5  __TI_decompress_lzss           
00003b4d  printf                         
00003bb5  frexp                          
00003bb5  frexpl                         
00003c19  fseek                          
00003c7d  __TI_wrt_ok                    
00003ce1  HOSTopen                       
00003d41  close                          
00003d9d  HOSTread                       
00003df5  HOSTwrite                      
00003ea3  __TI_ltoa                      
00003f49  __TI_doflush                   
00003f95  atoi                           
00003fe1  exit                           
00004029  __aeabi_d2iz                   
00004071  HOSTclose                      
000040b5  HOSTunlink                     
000040f9  __TI_auto_init_nobinit_nopinit 
0000413d  getdevice                      
00004181  vsnprintf                      
00004201  __TI_writemsg                  
0000422f  C$$IO$$                        
00004239  calloc                         
00004271  __aeabi_f2d                    
000042a9  strncpy                        
000042e1  IntRegister                    
00004315  __TI_cleanup                   
00004349  __TI_readmsg                   
0000437d  _c_int00_noargs                
000043e1  finddevice                     
00004411  __aeabi_i2d                    
00004441  remove                         
00004441  unlink                         
00004495  lseek                          
000044bd  write                          
000044e5  memchr                         
00004521  memccpy                        
0000453d  copysign                       
0000453d  copysignl                      
0000456f  oi_parseInt                    
00004587  strcmp                         
0000459f  strchr                         
000045b5  strcpy                         
000045c9  strlen                         
000045dd  wcslen                         
000045ef  IntMasterEnable                
000045ff  lcd_clear                      
0000460f  __TI_decompress_none           
0000461d  CPUcpsie                       
00004629  __TI_zero_init                 
00004635  ResetISR                       
00004641  __aeabi_errno_addr             
00004649  malloc                         
00004659  _system_pre_init               
0000465d  C$$EXIT                        
0000465d  abort                          
00004660  _ctypes_                       
00004824  __TI_Handler_Table_Base        
00004830  __TI_Handler_Table_Limit       
00004840  __TI_CINIT_Base                
00004858  __TI_CINIT_Limit               
20000000  __start___llvm_prf_cnts        
20000000  __stop___llvm_prf_cnts         
20000000  g_pfnRAMVectors                
20000270  __stack                        
20000470  __STACK_TOP                    
20001270  __STACK_END                    
20001270  _sys_memory                    
20002270  __CIOBUF_                      
20002390  __TI_tmpnams                   
2000249c  parmbuf                        
200024a4  _timeout_ticks                 
200024a8  _ftable                        
20002598  _device                        
20002610  _stream                        
20002660  motor_cal_factor_L             
20002664  motor_cal_factor_R             
20002680  __TI_ft_end                    
20002684  __aeabi_stdin                  
20002688  __aeabi_stdout                 
2000268c  __aeabi_stderr                 
20002690  __TI_cleanup_ptr               
20002694  __TI_dtors_ptr                 
20002698  __TI_enable_exit_profile_output
2000269c  _lock                          
200026a0  _unlock                        
200026ac  errno                          
200026b0  _running                       
ffffffff  __TI_pprof_out_hndl            
ffffffff  __TI_prof_data_size            
ffffffff  __TI_prof_data_start           
ffffffff  __binit__                      
ffffffff  __c_args__                     
ffffffff  binit                          
UNDEFED   __mpu_init                     
UNDEFED   _system_post_cinit             

[185 symbols]
