******************************************************************************
                  TI ARM Linker PC v20.2.1                     
******************************************************************************
>> Linked Tue Feb 23 10:01:04 2021

OUTPUT FILE NAME:   <Lab3.out>
ENTRY POINT SYMBOL: "_c_int00_noargs"  address: 00002a41


MEMORY CONFIGURATION

         name            origin    length      used     unused   attr    fill
----------------------  --------  ---------  --------  --------  ----  --------
  FLASH                 00000000   00040000  00002de0  0003d220  R  X
  SRAM                  20000000   00008000  00002312  00005cee  RW X


SEGMENT ALLOCATION MAP

run origin  load origin   length   init length attrs members
----------  ----------- ---------- ----------- ----- -------
00000000    00000000    00002de0   00002de0    r-x
  00000000    00000000    0000026c   0000026c    r-- .intvecs
  0000026c    0000026c    000029ec   000029ec    r-x .text
  00002c58    00002c58    00000140   00000140    r-- .const
  00002d98    00002d98    00000048   00000048    r-- .cinit
20000000    20000000    00002316   00000000    rw-
  20000000    20000000    0000026c   00000000    rw- .vtable
  20000270    20000270    00001000   00000000    rw- .stack
  20001270    20001270    00001000   00000000    rw- .sysmem
  20002270    20002270    0000008c   00000000    rw- .bss
  200022fc    200022fc    0000001a   00000000    rw- .data


SECTION ALLOCATION MAP

 output                                  attributes/
section   page    origin      length       input sections
--------  ----  ----------  ----------   ----------------
.intvecs   0    00000000    0000026c     
                  00000000    0000026c     tm4c123gh6pm_startup_ccs.obj (.intvecs)

.text      0    0000026c    000029ec     
                  0000026c    00000a4e     rtsv7M4_T_le_v4SPD16_eabi.lib : _printfi.c.obj (.text:__TI_printfi)
                  00000cba    00000002                                   : _lock.c.obj (.text:_nop)
                  00000cbc    0000042c     lcd.obj (.text)
                  000010e8    00000270     rtsv7M4_T_le_v4SPD16_eabi.lib : _printfi.c.obj (.text:_pconv_a)
                  00001358    00000248     Timer.obj (.text)
                  000015a0    000001d0     rtsv7M4_T_le_v4SPD16_eabi.lib : _printfi.c.obj (.text:_pconv_g)
                  00001770    000001b6                                   : fd_add_t2.asm.obj (.text)
                  00001926    00000002                                   : div0.asm.obj (.text)
                  00001928    0000015c     libcybotUART.lib : uart.obj (.text)
                  00001a84    0000013c     rtsv7M4_T_le_v4SPD16_eabi.lib : _printfi.c.obj (.text:_pconv_e)
                  00001bc0    00000136                                   : fd_div_t2.asm.obj (.text)
                  00001cf6    00000002     --HOLE-- [fill = 0]
                  00001cf8    00000124                                   : _printfi.c.obj (.text:fcvt)
                  00001e1c    00000110                                   : s_scalbn.c.obj (.text:scalbn)
                  00001f2c    00000108                                   : memory.c.obj (.text:aligned_alloc)
                  00002034    000000fc                                   : fd_mul_t2.asm.obj (.text)
                  00002130    000000e4                                   : memory.c.obj (.text:free)
                  00002214    000000b1                                   : _printfi.c.obj (.text:_ltostr)
                  000022c5    00000001     --HOLE-- [fill = 0]
                  000022c6    0000009c                                   : memcpy_t2.asm.obj (.text)
                  00002362    00000096                                   : ull_div_t2.asm.obj (.text)
                  000023f8    0000008c     button.obj (.text)
                  00002484    00000086     rtsv7M4_T_le_v4SPD16_eabi.lib : fd_cmp_t2.asm.obj (.text:__aeabi_cdcmple)
                  0000250a    00000086                                   : fd_cmp_t2.asm.obj (.text:__aeabi_cdrcmple)
                  00002590    0000007a                                   : memset_t2.asm.obj (.text)
                  0000260a    00000002     --HOLE-- [fill = 0]
                  0000260c    00000070                                   : memory.c.obj (.text:split)
                  0000267c    0000006e                                   : _printfi.c.obj (.text:_mcpy)
                  000026ea    00000068                                   : copy_decompress_lzss.c.obj (.text:decompress:lzss:__TI_decompress_lzss)
                  00002752    00000002     --HOLE-- [fill = 0]
                  00002754    00000064                                   : s_frexp.c.obj (.text:frexp)
                  000027b8    00000056                                   : _printfi.c.obj (.text:_pconv_f)
                  0000280e    00000054                                   : _ltoa.c.obj (.text:__TI_ltoa)
                  00002862    00000052                                   : _printfi.c.obj (.text:_ecpy)
                  000028b4    0000004c                                   : atoi.c.obj (.text:atoi)
                  00002900    00000048                                   : fd_toi_t2.asm.obj (.text)
                  00002948    00000044                                   : autoinit.c.obj (.text:__TI_auto_init_nobinit_nopinit:__TI_auto_init_nobinit_nopinit)
                  0000298c    00000040                                   : vsnprintf.c.obj (.text:vsnprintf)
                  000029cc    0000003e                                   : _printfi.c.obj (.text:_fcpy)
                  00002a0a    00000002     --HOLE-- [fill = 0]
                  00002a0c    00000034     driverlib.lib : interrupt.obj (.text:IntRegister)
                  00002a40    00000034     rtsv7M4_T_le_v4SPD16_eabi.lib : boot_cortex_m.c.obj (.text:_c_int00_noargs:_c_int00_noargs)
                  00002a74    00000030                                   : vsnprintf.c.obj (.text:_outs)
                  00002aa4    0000002e                                   : i_tofd_t2.asm.obj (.text)
                  00002ad2    00000002     --HOLE-- [fill = 0]
                  00002ad4    0000002c     lab3.obj (.text)
                  00002b00    00000028     rtsv7M4_T_le_v4SPD16_eabi.lib : memory.c.obj (.text:free_list_insert)
                  00002b28    0000001c                                   : copy_zero_init.c.obj (.text:decompress:ZI:__TI_zero_init_nomemset:__TI_zero_init_nomemset)
                  00002b44    0000001c                                   : memory.c.obj (.text:free_list_remove)
                  00002b60    0000001c                                   : memccpy.c.obj (.text:memccpy)
                  00002b7c    0000001a                                   : s_copysign.c.obj (.text:copysign)
                  00002b96    00000018                                   : vsnprintf.c.obj (.text:_outc)
                  00002bae    00000018                                   : strcmp.c.obj (.text:strcmp)
                  00002bc6    00000016                                   : strchr.c.obj (.text:strchr)
                  00002bdc    00000014                                   : strcpy.c.obj (.text:strcpy)
                  00002bf0    00000014                                   : strlen.c.obj (.text:strlen)
                  00002c04    00000012                                   : wcslen.c.obj (.text:wcslen)
                  00002c16    00000010     lcd.obj (.text:lcd_clear)
                  00002c26    0000000e     rtsv7M4_T_le_v4SPD16_eabi.lib : copy_decompress_none.c.obj (.text:decompress:none:__TI_decompress_none)
                  00002c34    0000000c     tm4c123gh6pm_startup_ccs.obj (.text)
                  00002c40    00000008     rtsv7M4_T_le_v4SPD16_eabi.lib : errno.c.obj (.text:__aeabi_errno_addr)
                  00002c48    00000008                                   : memory.c.obj (.text:malloc)
                  00002c50    00000004                                   : pre_init.c.obj (.text:_system_pre_init)
                  00002c54    00000004                                   : exit.c.obj (.text:abort:abort)

.const     0    00002c58    00000140     
                  00002c58    00000101     rtsv7M4_T_le_v4SPD16_eabi.lib : ctype.c.obj (.const:.string:_ctypes_)
                  00002d59    00000022     lcd.obj (.const:.string:$P$T0$4)
                  00002d7b    00000015     lcd.obj (.const:.string:$P$T1$5)
                  00002d90    00000004     lcd.obj (.const:.string:lineAddress$1)
                  00002d94    00000004     lcd.obj (.const:.string:lineAddresses$2)

.cinit     0    00002d98    00000048     
                  00002d98    0000000d     (.cinit..data.load) [load image, compression = lzss]
                  00002da5    00000003     --HOLE-- [fill = 0]
                  00002da8    0000000c     (__TI_handler_table)
                  00002db4    00000004     --HOLE-- [fill = 0]
                  00002db8    00000008     (.cinit..bss.load) [load image, compression = zero_init]
                  00002dc0    00000008     (.cinit..vtable.load) [load image, compression = zero_init]
                  00002dc8    00000018     (__TI_cinit_table)

.init_array 
*          0    00000000    00000000     UNINITIALIZED

.vtable    0    20000000    0000026c     UNINITIALIZED
                  20000000    0000026c     driverlib.lib : interrupt.obj (.vtable)

.stack     0    20000270    00001000     UNINITIALIZED
                  20000270    00000004     rtsv7M4_T_le_v4SPD16_eabi.lib : boot_cortex_m.c.obj (.stack)
                  20000274    00000ffc     --HOLE--

.sysmem    0    20001270    00001000     UNINITIALIZED
                  20001270    00000010     rtsv7M4_T_le_v4SPD16_eabi.lib : memory.c.obj (.sysmem)
                  20001280    00000ff0     --HOLE--

.bss       0    20002270    0000008c     UNINITIALIZED
                  20002270    00000054     lcd.obj (.bss:lastbuffer$3)
                  200022c4    00000034     (.common:isr_char_buffer)
                  200022f8    00000004     (.common:_timeout_ticks)

.data      0    200022fc    0000001a     UNINITIALIZED
                  200022fc    00000008     rtsv7M4_T_le_v4SPD16_eabi.lib : _lock.c.obj (.data:$O1$$)
                  20002304    00000008                                   : memory.c.obj (.data:$O1$$)
                  2000230c    00000004     libcybotUART.lib : uart.obj (.data)
                  20002310    00000004     rtsv7M4_T_le_v4SPD16_eabi.lib : errno.c.obj (.data)
                  20002314    00000001     Timer.obj (.data)
                  20002315    00000001     button.obj (.data)

__llvm_prf_cnts 
*          0    20000000    00000000     UNINITIALIZED

MODULE SUMMARY

       Module                         code    ro data   rw data
       ------                         ----    -------   -------
    .\
       lcd.obj                        1084    63        84     
       tm4c123gh6pm_startup_ccs.obj   12      620       0      
       Timer.obj                      584     0         5      
       button.obj                     140     0         1      
       lab3.obj                       44      0         0      
    +--+------------------------------+-------+---------+---------+
       Total:                         1864    683       90     
                                                               
    ../libcybotUART.lib
       uart.obj                       348     0         56     
    +--+------------------------------+-------+---------+---------+
       Total:                         348     0         56     
                                                               
    C:/ti/TivaWare_C_Series-2.1.4.178/driverlib/ccs/Debug/driverlib.lib
       interrupt.obj                  52      0         620    
    +--+------------------------------+-------+---------+---------+
       Total:                         52      0         620    
                                                               
    C:\ti\ccs1010\ccs\tools\compiler\ti-cgt-arm_20.2.1.LTS\lib\rtsv7M4_T_le_v4SPD16_eabi.lib
       _printfi.c.obj                 4851    0         0      
       memory.c.obj                   680     0         8      
       fd_add_t2.asm.obj              438     0         0      
       fd_div_t2.asm.obj              310     0         0      
       s_scalbn.c.obj                 272     0         0      
       fd_cmp_t2.asm.obj              268     0         0      
       ctype.c.obj                    0       257       0      
       fd_mul_t2.asm.obj              252     0         0      
       memcpy_t2.asm.obj              156     0         0      
       ull_div_t2.asm.obj             150     0         0      
       vsnprintf.c.obj                136     0         0      
       memset_t2.asm.obj              122     0         0      
       copy_decompress_lzss.c.obj     104     0         0      
       s_frexp.c.obj                  100     0         0      
       _ltoa.c.obj                    84      0         0      
       atoi.c.obj                     76      0         0      
       fd_toi_t2.asm.obj              72      0         0      
       autoinit.c.obj                 68      0         0      
       boot_cortex_m.c.obj            52      0         0      
       i_tofd_t2.asm.obj              46      0         0      
       copy_zero_init.c.obj           28      0         0      
       memccpy.c.obj                  28      0         0      
       s_copysign.c.obj               26      0         0      
       strcmp.c.obj                   24      0         0      
       strchr.c.obj                   22      0         0      
       strcpy.c.obj                   20      0         0      
       strlen.c.obj                   20      0         0      
       wcslen.c.obj                   18      0         0      
       copy_decompress_none.c.obj     14      0         0      
       errno.c.obj                    8       0         4      
       _lock.c.obj                    2       0         8      
       exit.c.obj                     4       0         0      
       pre_init.c.obj                 4       0         0      
       div0.asm.obj                   2       0         0      
    +--+------------------------------+-------+---------+---------+
       Total:                         8457    257       20     
                                                               
       Heap:                          0       0         4096   
       Stack:                         0       0         4096   
       Linker Generated:              0       65        0      
    +--+------------------------------+-------+---------+---------+
       Grand Total:                   10721   1005      8978   


LINKER GENERATED COPY TABLES

__TI_cinit_table @ 00002dc8 records: 3, size/record: 8, table size: 24
	.data: load addr=00002d98, load size=0000000d bytes, run addr=200022fc, run size=0000001a bytes, compression=lzss
	.bss: load addr=00002db8, load size=00000008 bytes, run addr=20002270, run size=0000008c bytes, compression=zero_init
	.vtable: load addr=00002dc0, load size=00000008 bytes, run addr=20000000, run size=0000026c bytes, compression=zero_init


LINKER GENERATED HANDLER TABLE

__TI_handler_table @ 00002da8 records: 3, size/record: 4, table size: 12
	index: 0, handler: __TI_zero_init
	index: 1, handler: __TI_decompress_lzss
	index: 2, handler: __TI_decompress_none


GLOBAL SYMBOLS: SORTED ALPHABETICALLY BY Name 

address   name                          
-------   ----                          
00002c55  C$$EXIT                       
00002a0d  IntRegister                   
00002c35  ResetISR                      
20001270  __STACK_END                   
00001000  __STACK_SIZE                  
20000470  __STACK_TOP                   
00001000  __SYSMEM_SIZE                 
00002dc8  __TI_CINIT_Base               
00002de0  __TI_CINIT_Limit              
00002da8  __TI_Handler_Table_Base       
00002db4  __TI_Handler_Table_Limit      
00002949  __TI_auto_init_nobinit_nopinit
000026eb  __TI_decompress_lzss          
00002c27  __TI_decompress_none          
0000280f  __TI_ltoa                     
ffffffff  __TI_pprof_out_hndl           
0000026d  __TI_printfi                  
ffffffff  __TI_prof_data_size           
ffffffff  __TI_prof_data_start          
00000000  __TI_static_base__            
00002b29  __TI_zero_init_nomemset       
00002485  __aeabi_cdcmpeq               
00002485  __aeabi_cdcmple               
0000250b  __aeabi_cdrcmple              
00002901  __aeabi_d2iz                  
0000177b  __aeabi_dadd                  
00001bc1  __aeabi_ddiv                  
00002035  __aeabi_dmul                  
00001771  __aeabi_dsub                  
00002c41  __aeabi_errno_addr            
00002aa5  __aeabi_i2d                   
00001927  __aeabi_idiv0                 
00001927  __aeabi_ldiv0                 
00002591  __aeabi_memclr                
00002591  __aeabi_memclr4               
00002591  __aeabi_memclr8               
000022c7  __aeabi_memcpy                
000022c7  __aeabi_memcpy4               
000022c7  __aeabi_memcpy8               
00002593  __aeabi_memset                
00002593  __aeabi_memset4               
00002593  __aeabi_memset8               
00002363  __aeabi_uldivmod              
ffffffff  __binit__                     
ffffffff  __c_args__                    
UNDEFED   __mpu_init                    
20000270  __stack                       
20000000  __start___llvm_prf_cnts       
20000000  __stop___llvm_prf_cnts        
00002a41  _c_int00_noargs               
00002c58  _ctypes_                      
200022fc  _lock                         
00000cbb  _nop                          
20002314  _running                      
20001270  _sys_memory                   
UNDEFED   _system_post_cinit            
00002c51  _system_pre_init              
200022f8  _timeout_ticks                
20002300  _unlock                       
00002c55  abort                         
00001f2d  aligned_alloc                 
000028b5  atoi                          
ffffffff  binit                         
0000242d  button_getButton              
000023f9  button_init                   
00002b7d  copysign                      
00002b7d  copysignl                     
00001a31  cyBot_UART1_Handler           
00001a17  cyBot_getByte                 
00001929  cyBot_sendByte                
000019f9  cyBot_uart_flush              
00001967  cyBot_uart_init               
0000194f  cyBot_uart_sendBuffer         
00001935  cyBot_uart_sendStr            
20002310  errno                         
00002131  free                          
00002755  frexp                         
00002755  frexpl                        
20000000  g_pfnRAMVectors               
00000000  g_pfnVectors                  
200022c4  isr_char_buffer               
2000230c  isr_counter                   
00002c17  lcd_clear                     
00000e91  lcd_gotoLine                  
00000cf9  lcd_init                      
00000ef7  lcd_printf                    
00000db9  lcd_putc                      
00000df1  lcd_puts                      
00000cbd  lcd_reverseNibble             
00000fd5  lcd_rotatingBanner            
00000e0f  lcd_sendCommand               
00000e4d  lcd_sendNibble                
00000eb9  lcd_setCursorPos              
00001e1d  ldexp                         
00001e1d  ldexpl                        
00002ad5  main                          
00002c49  malloc                        
00001f2d  memalign                      
00002b61  memccpy                       
000022c7  memcpy                        
00002599  memset                        
00001e1d  scalbn                        
00001e1d  scalbnl                       
00002bc7  strchr                        
00002baf  strcmp                        
00002bdd  strcpy                        
00002bf1  strlen                        
0000108f  substr                        
00001477  timer_getMicros               
0000141f  timer_getMillis               
00001359  timer_init                    
000013fb  timer_pause                   
0000140d  timer_resume                  
000013d1  timer_stop                    
000014d1  timer_waitMicros              
00001503  timer_waitMillis              
0000298d  vsnprintf                     
00002c05  wcslen                        


GLOBAL SYMBOLS: SORTED BY Symbol Address 

address   name                          
-------   ----                          
00000000  __TI_static_base__            
00000000  g_pfnVectors                  
0000026d  __TI_printfi                  
00000cbb  _nop                          
00000cbd  lcd_reverseNibble             
00000cf9  lcd_init                      
00000db9  lcd_putc                      
00000df1  lcd_puts                      
00000e0f  lcd_sendCommand               
00000e4d  lcd_sendNibble                
00000e91  lcd_gotoLine                  
00000eb9  lcd_setCursorPos              
00000ef7  lcd_printf                    
00000fd5  lcd_rotatingBanner            
00001000  __STACK_SIZE                  
00001000  __SYSMEM_SIZE                 
0000108f  substr                        
00001359  timer_init                    
000013d1  timer_stop                    
000013fb  timer_pause                   
0000140d  timer_resume                  
0000141f  timer_getMillis               
00001477  timer_getMicros               
000014d1  timer_waitMicros              
00001503  timer_waitMillis              
00001771  __aeabi_dsub                  
0000177b  __aeabi_dadd                  
00001927  __aeabi_idiv0                 
00001927  __aeabi_ldiv0                 
00001929  cyBot_sendByte                
00001935  cyBot_uart_sendStr            
0000194f  cyBot_uart_sendBuffer         
00001967  cyBot_uart_init               
000019f9  cyBot_uart_flush              
00001a17  cyBot_getByte                 
00001a31  cyBot_UART1_Handler           
00001bc1  __aeabi_ddiv                  
00001e1d  ldexp                         
00001e1d  ldexpl                        
00001e1d  scalbn                        
00001e1d  scalbnl                       
00001f2d  aligned_alloc                 
00001f2d  memalign                      
00002035  __aeabi_dmul                  
00002131  free                          
000022c7  __aeabi_memcpy                
000022c7  __aeabi_memcpy4               
000022c7  __aeabi_memcpy8               
000022c7  memcpy                        
00002363  __aeabi_uldivmod              
000023f9  button_init                   
0000242d  button_getButton              
00002485  __aeabi_cdcmpeq               
00002485  __aeabi_cdcmple               
0000250b  __aeabi_cdrcmple              
00002591  __aeabi_memclr                
00002591  __aeabi_memclr4               
00002591  __aeabi_memclr8               
00002593  __aeabi_memset                
00002593  __aeabi_memset4               
00002593  __aeabi_memset8               
00002599  memset                        
000026eb  __TI_decompress_lzss          
00002755  frexp                         
00002755  frexpl                        
0000280f  __TI_ltoa                     
000028b5  atoi                          
00002901  __aeabi_d2iz                  
00002949  __TI_auto_init_nobinit_nopinit
0000298d  vsnprintf                     
00002a0d  IntRegister                   
00002a41  _c_int00_noargs               
00002aa5  __aeabi_i2d                   
00002ad5  main                          
00002b29  __TI_zero_init_nomemset       
00002b61  memccpy                       
00002b7d  copysign                      
00002b7d  copysignl                     
00002baf  strcmp                        
00002bc7  strchr                        
00002bdd  strcpy                        
00002bf1  strlen                        
00002c05  wcslen                        
00002c17  lcd_clear                     
00002c27  __TI_decompress_none          
00002c35  ResetISR                      
00002c41  __aeabi_errno_addr            
00002c49  malloc                        
00002c51  _system_pre_init              
00002c55  C$$EXIT                       
00002c55  abort                         
00002c58  _ctypes_                      
00002da8  __TI_Handler_Table_Base       
00002db4  __TI_Handler_Table_Limit      
00002dc8  __TI_CINIT_Base               
00002de0  __TI_CINIT_Limit              
20000000  __start___llvm_prf_cnts       
20000000  __stop___llvm_prf_cnts        
20000000  g_pfnRAMVectors               
20000270  __stack                       
20000470  __STACK_TOP                   
20001270  __STACK_END                   
20001270  _sys_memory                   
200022c4  isr_char_buffer               
200022f8  _timeout_ticks                
200022fc  _lock                         
20002300  _unlock                       
2000230c  isr_counter                   
20002310  errno                         
20002314  _running                      
ffffffff  __TI_pprof_out_hndl           
ffffffff  __TI_prof_data_size           
ffffffff  __TI_prof_data_start          
ffffffff  __binit__                     
ffffffff  __c_args__                    
ffffffff  binit                         
UNDEFED   __mpu_init                    
UNDEFED   _system_post_cinit            

[118 symbols]
