******************************************************************************
                  TI ARM Linker PC v20.2.1                     
******************************************************************************
>> Linked Tue Mar  2 18:34:42 2021

OUTPUT FILE NAME:   <Lab4.out>
ENTRY POINT SYMBOL: "_c_int00_noargs"  address: 00004ef5


MEMORY CONFIGURATION

         name            origin    length      used     unused   attr    fill
----------------------  --------  ---------  --------  --------  ----  --------
  FLASH                 00000000   00040000  000053f3  0003ac0d  R  X
  SRAM                  20000000   00008000  000026f7  00005909  RW X


SEGMENT ALLOCATION MAP

run origin  load origin   length   init length attrs members
----------  ----------- ---------- ----------- ----- -------
00000000    00000000    000053f8   000053f8    r-x
  00000000    00000000    0000026c   0000026c    r-- .intvecs
  0000026c    0000026c    00004f90   00004f90    r-x .text
  000051fc    000051fc    0000014f   0000014f    r-- .const
  00005350    00005350    000000a8   000000a8    r-- .cinit
20000000    20000000    000026fe   00000000    rw-
  20000000    20000000    0000026c   00000000    rw- .vtable
  20000270    20000270    00001000   00000000    rw- .stack
  20001270    20001270    00001000   00000000    rw- .sysmem
  20002270    20002270    0000027d   00000000    rw- .bss
  200024f0    200024f0    0000020e   00000000    rw- .data


SECTION ALLOCATION MAP

 output                                  attributes/
section   page    origin      length       input sections
--------  ----  ----------  ----------   ----------------
.intvecs   0    00000000    0000026c     
                  00000000    0000026c     tm4c123gh6pm_startup_ccs.obj (.intvecs)

.text      0    0000026c    00004f90     
                  0000026c    00000c20     open_interface.obj (.text)
                  00000e8c    00000a4e     rtsv7M4_T_le_v4SPD16_eabi.lib : _printfi.c.obj (.text:__TI_printfi)
                  000018da    00000002                                   : _lock.c.obj (.text:_nop)
                  000018dc    00000588     lab4.obj (.text)
                  00001e64    0000042c     lcd.obj (.text)
                  00002290    000003d8     movement.obj (.text)
                  00002668    00000270     rtsv7M4_T_le_v4SPD16_eabi.lib : _printfi.c.obj (.text:_pconv_a)
                  000028d8    00000248     Timer.obj (.text)
                  00002b20    000001ec     libcybotFindObjects.lib : ping.obj (.text)
                  00002d0c    000001d0     rtsv7M4_T_le_v4SPD16_eabi.lib : _printfi.c.obj (.text:_pconv_g)
                  00002edc    000001b6                                   : fd_add_t2.asm.obj (.text)
                  00003092    00000002                                   : div0.asm.obj (.text)
                  00003094    0000015c     libcybotUART.lib : uart.obj (.text)
                  000031f0    00000158     libcybotFindObjects.lib : cyBot_FindObjects.obj (.text)
                  00003348    0000013c     rtsv7M4_T_le_v4SPD16_eabi.lib : _printfi.c.obj (.text:_pconv_e)
                  00003484    00000136                                   : fd_div_t2.asm.obj (.text)
                  000035ba    00000002     --HOLE-- [fill = 0]
                  000035bc    00000124                                   : _printfi.c.obj (.text:fcvt)
                  000036e0    00000124     libcybotFindObjects.lib : servo.obj (.text)
                  00003804    00000118                             : ir.obj (.text)
                  0000391c    00000114     rtsv7M4_T_le_v4SPD16_eabi.lib : fputs.c.obj (.text:fputs)
                  00003a30    00000110                                   : s_scalbn.c.obj (.text:scalbn)
                  00003b40    00000108                                   : memory.c.obj (.text:aligned_alloc)
                  00003c48    000000fc                                   : fd_mul_t2.asm.obj (.text)
                  00003d44    000000e4                                   : memory.c.obj (.text:free)
                  00003e28    000000dc                                   : setvbuf.c.obj (.text:setvbuf)
                  00003f04    000000b1                                   : _printfi.c.obj (.text:_ltostr)
                  00003fb5    00000001     --HOLE-- [fill = 0]
                  00003fb6    0000009c                                   : memcpy_t2.asm.obj (.text)
                  00004052    00000096                                   : ull_div_t2.asm.obj (.text)
                  000040e8    0000008c     button.obj (.text)
                  00004174    0000008c     rtsv7M4_T_le_v4SPD16_eabi.lib : fputc.c.obj (.text:fputc)
                  00004200    00000086                                   : fd_cmp_t2.asm.obj (.text:__aeabi_cdcmple)
                  00004286    00000086                                   : fd_cmp_t2.asm.obj (.text:__aeabi_cdrcmple)
                  0000430c    0000007a                                   : memset_t2.asm.obj (.text)
                  00004386    00000002     --HOLE-- [fill = 0]
                  00004388    00000074                                   : fclose.c.obj (.text:__TI_closefile)
                  000043fc    00000070                                   : memory.c.obj (.text:split)
                  0000446c    0000006e                                   : _printfi.c.obj (.text:_mcpy)
                  000044da    0000006e                                   : fd_tos_t2.asm.obj (.text)
                  00004548    0000006c                                   : hostrename.c.obj (.text:HOSTrename)
                  000045b4    00000068                                   : hostlseek.c.obj (.text:HOSTlseek)
                  0000461c    00000068                                   : copy_decompress_lzss.c.obj (.text:decompress:lzss:__TI_decompress_lzss)
                  00004684    00000068                                   : printf.c.obj (.text:printf)
                  000046ec    00000064                                   : s_frexp.c.obj (.text:frexp)
                  00004750    00000064                                   : fseek.c.obj (.text:fseek)
                  000047b4    00000062                                   : _io_perm.c.obj (.text:__TI_wrt_ok)
                  00004816    00000002     --HOLE-- [fill = 0]
                  00004818    00000060                                   : hostopen.c.obj (.text:HOSTopen)
                  00004878    0000005c                                   : close.c.obj (.text:close)
                  000048d4    00000058                                   : hostread.c.obj (.text:HOSTread)
                  0000492c    00000058                                   : hostwrite.c.obj (.text:HOSTwrite)
                  00004984    00000056                                   : _printfi.c.obj (.text:_pconv_f)
                  000049da    00000054                                   : _ltoa.c.obj (.text:__TI_ltoa)
                  00004a2e    00000052                                   : _printfi.c.obj (.text:_ecpy)
                  00004a80    0000004c                                   : fflush.c.obj (.text:__TI_doflush)
                  00004acc    0000004c                                   : atoi.c.obj (.text:atoi)
                  00004b18    00000048                                   : exit.c.obj (.text:exit)
                  00004b60    00000048                                   : fd_toi_t2.asm.obj (.text)
                  00004ba8    00000044                                   : hostclose.c.obj (.text:HOSTclose)
                  00004bec    00000044                                   : hostunlink.c.obj (.text:HOSTunlink)
                  00004c30    00000044                                   : autoinit.c.obj (.text:__TI_auto_init_nobinit_nopinit:__TI_auto_init_nobinit_nopinit)
                  00004c74    00000044                                   : getdevice.c.obj (.text:getdevice)
                  00004cb8    00000040                                   : sprintf.c.obj (.text:sprintf)
                  00004cf8    00000040                                   : vsnprintf.c.obj (.text:vsnprintf)
                  00004d38    0000003e                                   : _printfi.c.obj (.text:_fcpy)
                  00004d76    00000002     --HOLE-- [fill = 0]
                  00004d78    00000038                                   : trgmsg.c.obj (.text:__TI_writemsg)
                  00004db0    00000038                                   : memory.c.obj (.text:calloc)
                  00004de8    00000038                                   : fs_tod_t2.asm.obj (.text)
                  00004e20    00000036                                   : strncpy.c.obj (.text:strncpy)
                  00004e56    00000002     --HOLE-- [fill = 0]
                  00004e58    00000034     driverlib.lib : interrupt.obj (.text:IntRegister)
                  00004e8c    00000034     rtsv7M4_T_le_v4SPD16_eabi.lib : fopen.c.obj (.text:__TI_cleanup)
                  00004ec0    00000034                                   : trgmsg.c.obj (.text:__TI_readmsg)
                  00004ef4    00000034                                   : boot_cortex_m.c.obj (.text:_c_int00_noargs:_c_int00_noargs)
                  00004f28    00000030                                   : vsnprintf.c.obj (.text:_outs)
                  00004f58    00000030                                   : getdevice.c.obj (.text:finddevice)
                  00004f88    0000002e                                   : i_tofd_t2.asm.obj (.text)
                  00004fb6    00000002     --HOLE-- [fill = 0]
                  00004fb8    0000002c                                   : unlink.c.obj (.text:unlink)
                  00004fe4    00000028                                   : memory.c.obj (.text:free_list_insert)
                  0000500c    00000028                                   : lseek.c.obj (.text:lseek)
                  00005034    00000028                                   : write.c.obj (.text:write)
                  0000505c    00000020                                   : memchr.c.obj (.text:memchr)
                  0000507c    0000001c                                   : memory.c.obj (.text:free_list_remove)
                  00005098    0000001c                                   : memccpy.c.obj (.text:memccpy)
                  000050b4    0000001a                                   : s_copysign.c.obj (.text:copysign)
                  000050ce    00000018                                   : vsnprintf.c.obj (.text:_outc)
                  000050e6    00000018                                   : sprintf.c.obj (.text:_outs)
                  000050fe    00000018     open_interface.obj (.text:oi_parseInt)
                  00005116    00000018     rtsv7M4_T_le_v4SPD16_eabi.lib : strcmp.c.obj (.text:strcmp)
                  0000512e    00000016                                   : strchr.c.obj (.text:strchr)
                  00005144    00000014                                   : strcpy.c.obj (.text:strcpy)
                  00005158    00000014                                   : strlen.c.obj (.text:strlen)
                  0000516c    00000012                                   : wcslen.c.obj (.text:wcslen)
                  0000517e    00000010     driverlib.lib : interrupt.obj (.text:IntMasterEnable)
                  0000518e    00000010     lcd.obj (.text:lcd_clear)
                  0000519e    0000000e     rtsv7M4_T_le_v4SPD16_eabi.lib : copy_decompress_none.c.obj (.text:decompress:none:__TI_decompress_none)
                  000051ac    0000000c     driverlib.lib : cpu.obj (.text:CPUcpsie)
                  000051b8    0000000c     rtsv7M4_T_le_v4SPD16_eabi.lib : copy_zero_init.c.obj (.text:decompress:ZI:__TI_zero_init)
                  000051c4    0000000c     tm4c123gh6pm_startup_ccs.obj (.text)
                  000051d0    0000000a     rtsv7M4_T_le_v4SPD16_eabi.lib : sprintf.c.obj (.text:_outc)
                  000051da    00000002     --HOLE-- [fill = 0]
                  000051dc    00000008                                   : errno.c.obj (.text:__aeabi_errno_addr)
                  000051e4    00000008                                   : memory.c.obj (.text:malloc)
                  000051ec    00000004                                   : printf.c.obj (.text:_outc)
                  000051f0    00000004                                   : printf.c.obj (.text:_outs)
                  000051f4    00000004                                   : pre_init.c.obj (.text:_system_pre_init)
                  000051f8    00000004                                   : exit.c.obj (.text:abort:abort)

.const     0    000051fc    0000014f     
                  000051fc    00000101     rtsv7M4_T_le_v4SPD16_eabi.lib : ctype.c.obj (.const:.string:_ctypes_)
                  000052fd    00000022     lcd.obj (.const:.string:$P$T0$4)
                  0000531f    00000015     lcd.obj (.const:.string:$P$T1$5)
                  00005334    0000000f     open_interface.obj (.const:.string:$P$T0$3)
                  00005343    00000004     lcd.obj (.const:.string:lineAddress$1)
                  00005347    00000004     lcd.obj (.const:.string:lineAddresses$2)

.cinit     0    00005350    000000a8     
                  00005350    00000071     (.cinit..data.load) [load image, compression = lzss]
                  000053c1    00000003     --HOLE-- [fill = 0]
                  000053c4    0000000c     (__TI_handler_table)
                  000053d0    00000008     (.cinit..bss.load) [load image, compression = zero_init]
                  000053d8    00000008     (.cinit..vtable.load) [load image, compression = zero_init]
                  000053e0    00000018     (__TI_cinit_table)

.init_array 
*          0    00000000    00000000     UNINITIALIZED

.vtable    0    20000000    0000026c     UNINITIALIZED
                  20000000    0000026c     driverlib.lib : interrupt.obj (.vtable)

.stack     0    20000270    00001000     UNINITIALIZED
                  20000270    00000004     rtsv7M4_T_le_v4SPD16_eabi.lib : boot_cortex_m.c.obj (.stack)
                  20000274    00000ffc     --HOLE--

.sysmem    0    20001270    00001000     UNINITIALIZED
                  20001270    00000010     rtsv7M4_T_le_v4SPD16_eabi.lib : memory.c.obj (.sysmem)
                  20001280    00000ff0     --HOLE--

.bss       0    20002270    0000027d     UNINITIALIZED
                  20002270    00000120     rtsv7M4_T_le_v4SPD16_eabi.lib : trgmsg.c.obj (.bss:_CIOBUF_)
                  20002390    000000a0     (.common:__TI_tmpnams)
                  20002430    00000054     lcd.obj (.bss:lastbuffer$3)
                  20002484    00000034     (.common:isr_char_buffer)
                  200024b8    00000018     open_interface.obj (.bss:firmware$2)
                  200024d0    00000008     (.common:parmbuf)
                  200024d8    00000004     (.common:_timeout_ticks)
                  200024dc    00000004     (.common:fallingEdge)
                  200024e0    00000004     (.common:isr_int_value)
                  200024e4    00000004     (.common:pulseLength)
                  200024e8    00000004     (.common:risingEdge)
                  200024ec    00000001     (.common:isRisingEdge)

.data      0    200024f0    0000020e     UNINITIALIZED
                  200024f0    000000f0     rtsv7M4_T_le_v4SPD16_eabi.lib : defs.c.obj (.data:_ftable)
                  200025e0    00000078                                   : host_device.c.obj (.data:_device)
                  20002658    00000050                                   : host_device.c.obj (.data:_stream)
                  200026a8    00000020     open_interface.obj (.data)
                  200026c8    00000010     rtsv7M4_T_le_v4SPD16_eabi.lib : defs.c.obj (.data)
                  200026d8    0000000c                                   : exit.c.obj (.data:$O1$$)
                  200026e4    00000008                                   : _lock.c.obj (.data:$O1$$)
                  200026ec    00000008                                   : memory.c.obj (.data:$O1$$)
                  200026f4    00000004     libcybotUART.lib : uart.obj (.data)
                  200026f8    00000004     rtsv7M4_T_le_v4SPD16_eabi.lib : errno.c.obj (.data)
                  200026fc    00000001     Timer.obj (.data)
                  200026fd    00000001     button.obj (.data)

__llvm_prf_cnts 
*          0    20000000    00000000     UNINITIALIZED

MODULE SUMMARY

       Module                         code    ro data   rw data
       ------                         ----    -------   -------
    .\
       open_interface.obj             3128    15        56     
       lab4.obj                       1416    0         0      
       lcd.obj                        1084    63        84     
       movement.obj                   984     0         0      
       tm4c123gh6pm_startup_ccs.obj   12      620       0      
       Timer.obj                      584     0         5      
       button.obj                     140     0         1      
    +--+------------------------------+-------+---------+---------+
       Total:                         7348    698       146    
                                                               
    ../libcybotFindObjects.lib
       ping.obj                       492     0         13     
       cyBot_FindObjects.obj          344     0         0      
       servo.obj                      292     0         0      
       ir.obj                         280     0         4      
    +--+------------------------------+-------+---------+---------+
       Total:                         1408    0         17     
                                                               
    ../libcybotUART.lib
       uart.obj                       348     0         56     
    +--+------------------------------+-------+---------+---------+
       Total:                         348     0         56     
                                                               
    C:/ti/TivaWare_C_Series-2.1.4.178/driverlib/ccs/Debug/driverlib.lib
       interrupt.obj                  68      0         620    
       cpu.obj                        12      0         0      
    +--+------------------------------+-------+---------+---------+
       Total:                         80      0         620    
                                                               
    C:\ti\ccs1010\ccs\tools\compiler\ti-cgt-arm_20.2.1.LTS\lib\rtsv7M4_T_le_v4SPD16_eabi.lib
       _printfi.c.obj                 4851    0         0      
       memory.c.obj                   736     0         8      
       fd_add_t2.asm.obj              438     0         0      
       defs.c.obj                     0       0         416    
       trgmsg.c.obj                   108     0         288    
       fd_div_t2.asm.obj              310     0         0      
       fputs.c.obj                    276     0         0      
       s_scalbn.c.obj                 272     0         0      
       fd_cmp_t2.asm.obj              268     0         0      
       ctype.c.obj                    0       257       0      
       fd_mul_t2.asm.obj              252     0         0      
       setvbuf.c.obj                  220     0         0      
       host_device.c.obj              0       0         200    
       memcpy_t2.asm.obj              156     0         0      
       ull_div_t2.asm.obj             150     0         0      
       fputc.c.obj                    140     0         0      
       vsnprintf.c.obj                136     0         0      
       memset_t2.asm.obj              122     0         0      
       fclose.c.obj                   116     0         0      
       getdevice.c.obj                116     0         0      
       printf.c.obj                   112     0         0      
       fd_tos_t2.asm.obj              110     0         0      
       hostrename.c.obj               108     0         0      
       copy_decompress_lzss.c.obj     104     0         0      
       hostlseek.c.obj                104     0         0      
       hostopen.c.obj                 96      0         8      
       fseek.c.obj                    100     0         0      
       s_frexp.c.obj                  100     0         0      
       _io_perm.c.obj                 98      0         0      
       sprintf.c.obj                  98      0         0      
       close.c.obj                    92      0         0      
       exit.c.obj                     76      0         12     
       hostread.c.obj                 88      0         0      
       hostwrite.c.obj                88      0         0      
       _ltoa.c.obj                    84      0         0      
       atoi.c.obj                     76      0         0      
       fflush.c.obj                   76      0         0      
       fd_toi_t2.asm.obj              72      0         0      
       autoinit.c.obj                 68      0         0      
       hostclose.c.obj                68      0         0      
       hostunlink.c.obj               68      0         0      
       fs_tod_t2.asm.obj              56      0         0      
       strncpy.c.obj                  54      0         0      
       boot_cortex_m.c.obj            52      0         0      
       fopen.c.obj                    52      0         0      
       i_tofd_t2.asm.obj              46      0         0      
       unlink.c.obj                   44      0         0      
       lseek.c.obj                    40      0         0      
       write.c.obj                    40      0         0      
       memchr.c.obj                   32      0         0      
       memccpy.c.obj                  28      0         0      
       s_copysign.c.obj               26      0         0      
       strcmp.c.obj                   24      0         0      
       strchr.c.obj                   22      0         0      
       strcpy.c.obj                   20      0         0      
       strlen.c.obj                   20      0         0      
       wcslen.c.obj                   18      0         0      
       copy_decompress_none.c.obj     14      0         0      
       copy_zero_init.c.obj           12      0         0      
       errno.c.obj                    8       0         4      
       _lock.c.obj                    2       0         8      
       pre_init.c.obj                 4       0         0      
       div0.asm.obj                   2       0         0      
    +--+------------------------------+-------+---------+---------+
       Total:                         11169   257       944    
                                                               
       Heap:                          0       0         4096   
       Stack:                         0       0         4096   
       Linker Generated:              0       165       0      
    +--+------------------------------+-------+---------+---------+
       Grand Total:                   20353   1120      9975   


LINKER GENERATED COPY TABLES

__TI_cinit_table @ 000053e0 records: 3, size/record: 8, table size: 24
	.data: load addr=00005350, load size=00000071 bytes, run addr=200024f0, run size=0000020e bytes, compression=lzss
	.bss: load addr=000053d0, load size=00000008 bytes, run addr=20002270, run size=0000027d bytes, compression=zero_init
	.vtable: load addr=000053d8, load size=00000008 bytes, run addr=20000000, run size=0000026c bytes, compression=zero_init


LINKER GENERATED HANDLER TABLE

__TI_handler_table @ 000053c4 records: 3, size/record: 4, table size: 12
	index: 0, handler: __TI_zero_init
	index: 1, handler: __TI_decompress_lzss
	index: 2, handler: __TI_decompress_none


GLOBAL SYMBOLS: SORTED ALPHABETICALLY BY Name 

address   name                           
-------   ----                           
0000389d  ADC0SS0_Handler                
000051f9  C$$EXIT                        
00004da7  C$$IO$$                        
000051ad  CPUcpsie                       
00000bc3  GPIOF_Handler                  
00004ba9  HOSTclose                      
000045b5  HOSTlseek                      
00004819  HOSTopen                       
000048d5  HOSTread                       
00004549  HOSTrename                     
00004bed  HOSTunlink                     
0000492d  HOSTwrite                      
0000517f  IntMasterEnable                
00004e59  IntRegister                    
000051c5  ResetISR                       
00002c11  TIMER3B_Handler                
20002270  __CIOBUF_                      
20001270  __STACK_END                    
00001000  __STACK_SIZE                   
20000470  __STACK_TOP                    
00001000  __SYSMEM_SIZE                  
000053e0  __TI_CINIT_Base                
000053f8  __TI_CINIT_Limit               
000053c4  __TI_Handler_Table_Base        
000053d0  __TI_Handler_Table_Limit       
00004c31  __TI_auto_init_nobinit_nopinit 
00004e8d  __TI_cleanup                   
200026d8  __TI_cleanup_ptr               
00004389  __TI_closefile                 
0000461d  __TI_decompress_lzss           
0000519f  __TI_decompress_none           
00004a81  __TI_doflush                   
200026dc  __TI_dtors_ptr                 
200026e0  __TI_enable_exit_profile_output
200026c8  __TI_ft_end                    
000049db  __TI_ltoa                      
ffffffff  __TI_pprof_out_hndl            
00000e8d  __TI_printfi                   
ffffffff  __TI_prof_data_size            
ffffffff  __TI_prof_data_start           
00004ec1  __TI_readmsg                   
00000000  __TI_static_base__             
20002390  __TI_tmpnams                   
00004d79  __TI_writemsg                  
000047b5  __TI_wrt_ok                    
000051b9  __TI_zero_init                 
00004201  __aeabi_cdcmpeq                
00004201  __aeabi_cdcmple                
00004287  __aeabi_cdrcmple               
000044db  __aeabi_d2f                    
00004b61  __aeabi_d2iz                   
00002ee7  __aeabi_dadd                   
00003485  __aeabi_ddiv                   
00003c49  __aeabi_dmul                   
00002edd  __aeabi_dsub                   
000051dd  __aeabi_errno_addr             
00004de9  __aeabi_f2d                    
00004f89  __aeabi_i2d                    
00003093  __aeabi_idiv0                  
00003093  __aeabi_ldiv0                  
0000430d  __aeabi_memclr                 
0000430d  __aeabi_memclr4                
0000430d  __aeabi_memclr8                
00003fb7  __aeabi_memcpy                 
00003fb7  __aeabi_memcpy4                
00003fb7  __aeabi_memcpy8                
0000430f  __aeabi_memset                 
0000430f  __aeabi_memset4                
0000430f  __aeabi_memset8                
200026d4  __aeabi_stderr                 
200026cc  __aeabi_stdin                  
200026d0  __aeabi_stdout                 
00004053  __aeabi_uldivmod               
ffffffff  __binit__                      
ffffffff  __c_args__                     
UNDEFED   __mpu_init                     
20000270  __stack                        
20000000  __start___llvm_prf_cnts        
20000000  __stop___llvm_prf_cnts         
00004ef5  _c_int00_noargs                
000051fc  _ctypes_                       
200025e0  _device                        
200024f0  _ftable                        
200026e4  _lock                          
000018db  _nop                           
200026fc  _running                       
20002658  _stream                        
20001270  _sys_memory                    
UNDEFED   _system_post_cinit             
000051f5  _system_pre_init               
200024d8  _timeout_ticks                 
200026e8  _unlock                        
000051f9  abort                          
00003b41  aligned_alloc                  
00004acd  atoi                           
ffffffff  binit                          
0000411d  button_getButton               
000040e9  button_init                    
00004db1  calloc                         
00004879  close                          
000050b5  copysign                       
000050b5  copysignl                      
00003307  cyBOT_Scan                     
000032f7  cyBOT_init_Scan                
000031f1  cyBot_FindObjects              
0000319d  cyBot_UART1_Handler            
00003183  cyBot_getByte                  
00003095  cyBot_sendByte                 
00003165  cyBot_uart_flush               
000030d3  cyBot_uart_init                
000030bb  cyBot_uart_sendBuffer          
000030a1  cyBot_uart_sendStr             
200026f8  errno                          
00004b19  exit                           
200024dc  fallingEdge                    
00001c49  findSmallestObject             
00004f59  finddevice                     
00004175  fputc                          
0000391d  fputs                          
00003d45  free                           
000046ed  frexp                          
000046ed  frexpl                         
00004751  fseek                          
20000000  g_pfnRAMVectors                
00000000  g_pfnVectors                   
00004c75  getdevice                      
0000097f  go_charge                      
000038b3  ir_enableInterrupt             
00003895  ir_getDistance                 
0000386d  ir_getValue                    
00003805  ir_init                        
200024ec  isRisingEdge                   
20002484  isr_char_buffer                
200026f4  isr_counter                    
200024e0  isr_int_value                  
0000518f  lcd_clear                      
00002039  lcd_gotoLine                   
00001ea1  lcd_init                       
0000209f  lcd_printf                     
00001f61  lcd_putc                       
00001f99  lcd_puts                       
00001e65  lcd_reverseNibble              
0000217d  lcd_rotatingBanner             
00001fb7  lcd_sendCommand                
00001ff5  lcd_sendNibble                 
00002061  lcd_setCursorPos               
00003a31  ldexp                          
00003a31  ldexpl                         
0000500d  lseek                          
000018dd  main                           
000051e5  malloc                         
00003b41  memalign                       
00005099  memccpy                        
0000505d  memchr                         
00003fb7  memcpy                         
00004315  memset                         
200026a8  motor_cal_factor_L             
200026ac  motor_cal_factor_R             
000023c1  move_backward                  
00002291  move_forward                   
0000253d  move_left                      
00002481  move_right                     
0000026d  oi_alloc                       
00000aa9  oi_checkFirmware               
000002c7  oi_close                       
00000279  oi_free                        
00000ded  oi_getMotorCalibrationLeft     
00000e01  oi_getMotorCalibrationRight    
000002b1  oi_init                        
00000289  oi_init_noupdate               
00000915  oi_loadSong                    
000050ff  oi_parseInt                    
0000032b  oi_parsePacket                 
0000096b  oi_play_song                   
0000084b  oi_setLeds                     
00000db1  oi_setMotorCalibration         
0000088f  oi_setWheels                   
00000b51  oi_shutoff_init                
0000098d  oi_uartInit                    
00000a31  oi_uartReceive                 
00000a77  oi_uartSendBuff                
00000a15  oi_uartSendChar                
00000a59  oi_uartSendStr                 
000002d9  oi_update                      
200024d0  parmbuf                        
000018f7  part1                          
00001973  part2                          
00001a89  part3                          
00002c63  ping_getDistance               
00002b21  ping_init                      
00002ba7  ping_trigger                   
00001ce5  printListToPutty               
00004685  printf                         
200024e4  pulseLength                    
00004175  putc                           
00001de9  putty_Print                    
00004fb9  remove                         
200024e8  risingEdge                     
00003a31  scalbn                         
00003a31  scalbnl                        
000036e1  servo_init                     
00003765  servo_move                     
000037af  servo_setPWM                   
00003759  servo_stop                     
00003e29  setvbuf                        
00004cb9  sprintf                        
0000512f  strchr                         
00005117  strcmp                         
00005145  strcpy                         
00005159  strlen                         
00004e21  strncpy                        
00002237  substr                         
00001da5  testObject                     
000029f7  timer_getMicros                
0000299f  timer_getMillis                
000028d9  timer_init                     
0000297b  timer_pause                    
0000298d  timer_resume                   
00002951  timer_stop                     
00002a51  timer_waitMicros               
00002a83  timer_waitMillis               
00004fb9  unlink                         
00004cf9  vsnprintf                      
0000516d  wcslen                         
00005035  write                          


GLOBAL SYMBOLS: SORTED BY Symbol Address 

address   name                           
-------   ----                           
00000000  __TI_static_base__             
00000000  g_pfnVectors                   
0000026d  oi_alloc                       
00000279  oi_free                        
00000289  oi_init_noupdate               
000002b1  oi_init                        
000002c7  oi_close                       
000002d9  oi_update                      
0000032b  oi_parsePacket                 
0000084b  oi_setLeds                     
0000088f  oi_setWheels                   
00000915  oi_loadSong                    
0000096b  oi_play_song                   
0000097f  go_charge                      
0000098d  oi_uartInit                    
00000a15  oi_uartSendChar                
00000a31  oi_uartReceive                 
00000a59  oi_uartSendStr                 
00000a77  oi_uartSendBuff                
00000aa9  oi_checkFirmware               
00000b51  oi_shutoff_init                
00000bc3  GPIOF_Handler                  
00000db1  oi_setMotorCalibration         
00000ded  oi_getMotorCalibrationLeft     
00000e01  oi_getMotorCalibrationRight    
00000e8d  __TI_printfi                   
00001000  __STACK_SIZE                   
00001000  __SYSMEM_SIZE                  
000018db  _nop                           
000018dd  main                           
000018f7  part1                          
00001973  part2                          
00001a89  part3                          
00001c49  findSmallestObject             
00001ce5  printListToPutty               
00001da5  testObject                     
00001de9  putty_Print                    
00001e65  lcd_reverseNibble              
00001ea1  lcd_init                       
00001f61  lcd_putc                       
00001f99  lcd_puts                       
00001fb7  lcd_sendCommand                
00001ff5  lcd_sendNibble                 
00002039  lcd_gotoLine                   
00002061  lcd_setCursorPos               
0000209f  lcd_printf                     
0000217d  lcd_rotatingBanner             
00002237  substr                         
00002291  move_forward                   
000023c1  move_backward                  
00002481  move_right                     
0000253d  move_left                      
000028d9  timer_init                     
00002951  timer_stop                     
0000297b  timer_pause                    
0000298d  timer_resume                   
0000299f  timer_getMillis                
000029f7  timer_getMicros                
00002a51  timer_waitMicros               
00002a83  timer_waitMillis               
00002b21  ping_init                      
00002ba7  ping_trigger                   
00002c11  TIMER3B_Handler                
00002c63  ping_getDistance               
00002edd  __aeabi_dsub                   
00002ee7  __aeabi_dadd                   
00003093  __aeabi_idiv0                  
00003093  __aeabi_ldiv0                  
00003095  cyBot_sendByte                 
000030a1  cyBot_uart_sendStr             
000030bb  cyBot_uart_sendBuffer          
000030d3  cyBot_uart_init                
00003165  cyBot_uart_flush               
00003183  cyBot_getByte                  
0000319d  cyBot_UART1_Handler            
000031f1  cyBot_FindObjects              
000032f7  cyBOT_init_Scan                
00003307  cyBOT_Scan                     
00003485  __aeabi_ddiv                   
000036e1  servo_init                     
00003759  servo_stop                     
00003765  servo_move                     
000037af  servo_setPWM                   
00003805  ir_init                        
0000386d  ir_getValue                    
00003895  ir_getDistance                 
0000389d  ADC0SS0_Handler                
000038b3  ir_enableInterrupt             
0000391d  fputs                          
00003a31  ldexp                          
00003a31  ldexpl                         
00003a31  scalbn                         
00003a31  scalbnl                        
00003b41  aligned_alloc                  
00003b41  memalign                       
00003c49  __aeabi_dmul                   
00003d45  free                           
00003e29  setvbuf                        
00003fb7  __aeabi_memcpy                 
00003fb7  __aeabi_memcpy4                
00003fb7  __aeabi_memcpy8                
00003fb7  memcpy                         
00004053  __aeabi_uldivmod               
000040e9  button_init                    
0000411d  button_getButton               
00004175  fputc                          
00004175  putc                           
00004201  __aeabi_cdcmpeq                
00004201  __aeabi_cdcmple                
00004287  __aeabi_cdrcmple               
0000430d  __aeabi_memclr                 
0000430d  __aeabi_memclr4                
0000430d  __aeabi_memclr8                
0000430f  __aeabi_memset                 
0000430f  __aeabi_memset4                
0000430f  __aeabi_memset8                
00004315  memset                         
00004389  __TI_closefile                 
000044db  __aeabi_d2f                    
00004549  HOSTrename                     
000045b5  HOSTlseek                      
0000461d  __TI_decompress_lzss           
00004685  printf                         
000046ed  frexp                          
000046ed  frexpl                         
00004751  fseek                          
000047b5  __TI_wrt_ok                    
00004819  HOSTopen                       
00004879  close                          
000048d5  HOSTread                       
0000492d  HOSTwrite                      
000049db  __TI_ltoa                      
00004a81  __TI_doflush                   
00004acd  atoi                           
00004b19  exit                           
00004b61  __aeabi_d2iz                   
00004ba9  HOSTclose                      
00004bed  HOSTunlink                     
00004c31  __TI_auto_init_nobinit_nopinit 
00004c75  getdevice                      
00004cb9  sprintf                        
00004cf9  vsnprintf                      
00004d79  __TI_writemsg                  
00004da7  C$$IO$$                        
00004db1  calloc                         
00004de9  __aeabi_f2d                    
00004e21  strncpy                        
00004e59  IntRegister                    
00004e8d  __TI_cleanup                   
00004ec1  __TI_readmsg                   
00004ef5  _c_int00_noargs                
00004f59  finddevice                     
00004f89  __aeabi_i2d                    
00004fb9  remove                         
00004fb9  unlink                         
0000500d  lseek                          
00005035  write                          
0000505d  memchr                         
00005099  memccpy                        
000050b5  copysign                       
000050b5  copysignl                      
000050ff  oi_parseInt                    
00005117  strcmp                         
0000512f  strchr                         
00005145  strcpy                         
00005159  strlen                         
0000516d  wcslen                         
0000517f  IntMasterEnable                
0000518f  lcd_clear                      
0000519f  __TI_decompress_none           
000051ad  CPUcpsie                       
000051b9  __TI_zero_init                 
000051c5  ResetISR                       
000051dd  __aeabi_errno_addr             
000051e5  malloc                         
000051f5  _system_pre_init               
000051f9  C$$EXIT                        
000051f9  abort                          
000051fc  _ctypes_                       
000053c4  __TI_Handler_Table_Base        
000053d0  __TI_Handler_Table_Limit       
000053e0  __TI_CINIT_Base                
000053f8  __TI_CINIT_Limit               
20000000  __start___llvm_prf_cnts        
20000000  __stop___llvm_prf_cnts         
20000000  g_pfnRAMVectors                
20000270  __stack                        
20000470  __STACK_TOP                    
20001270  __STACK_END                    
20001270  _sys_memory                    
20002270  __CIOBUF_                      
20002390  __TI_tmpnams                   
20002484  isr_char_buffer                
200024d0  parmbuf                        
200024d8  _timeout_ticks                 
200024dc  fallingEdge                    
200024e0  isr_int_value                  
200024e4  pulseLength                    
200024e8  risingEdge                     
200024ec  isRisingEdge                   
200024f0  _ftable                        
200025e0  _device                        
20002658  _stream                        
200026a8  motor_cal_factor_L             
200026ac  motor_cal_factor_R             
200026c8  __TI_ft_end                    
200026cc  __aeabi_stdin                  
200026d0  __aeabi_stdout                 
200026d4  __aeabi_stderr                 
200026d8  __TI_cleanup_ptr               
200026dc  __TI_dtors_ptr                 
200026e0  __TI_enable_exit_profile_output
200026e4  _lock                          
200026e8  _unlock                        
200026f4  isr_counter                    
200026f8  errno                          
200026fc  _running                       
ffffffff  __TI_pprof_out_hndl            
ffffffff  __TI_prof_data_size            
ffffffff  __TI_prof_data_start           
ffffffff  __binit__                      
ffffffff  __c_args__                     
ffffffff  binit                          
UNDEFED   __mpu_init                     
UNDEFED   _system_post_cinit             

[225 symbols]
