******************************************************************************
                  TI ARM Linker PC v20.2.1                     
******************************************************************************
>> Linked Tue Mar  9 18:49:48 2021

OUTPUT FILE NAME:   <Lab5.out>
ENTRY POINT SYMBOL: "_c_int00_noargs"  address: 000029b9


MEMORY CONFIGURATION

         name            origin    length      used     unused   attr    fill
----------------------  --------  ---------  --------  --------  ----  --------
  FLASH                 00000000   00040000  00002ca1  0003d35f  R  X
  SRAM                  20000000   00008000  00002302  00005cfe  RW X


SEGMENT ALLOCATION MAP

run origin  load origin   length   init length attrs members
----------  ----------- ---------- ----------- ----- -------
00000000    00000000    00002ca8   00002ca8    r-x
  00000000    00000000    0000026c   0000026c    r-- .intvecs
  0000026c    0000026c    000028ec   000028ec    r-x .text
  00002b58    00002b58    00000109   00000109    r-- .const
  00002c68    00002c68    00000040   00000040    r-- .cinit
20000000    20000000    00002306   00000000    rw-
  20000000    20000000    0000026c   00000000    rw- .vtable
  20000270    20000270    00001000   00000000    rw- .stack
  20001270    20001270    00001000   00000000    rw- .sysmem
  20002270    20002270    0000008c   00000000    rw- .bss
  200022fc    200022fc    0000000a   00000000    rw- .data


SECTION ALLOCATION MAP

 output                                  attributes/
section   page    origin      length       input sections
--------  ----  ----------  ----------   ----------------
.intvecs   0    00000000    0000026c     
                  00000000    0000026c     tm4c123gh6pm_startup_ccs.obj (.intvecs)

.text      0    0000026c    000028ec     
                  0000026c    00000a4e     rtsv7M4_T_le_v4SPD16_eabi.lib : _printfi.c.obj (.text:__TI_printfi)
                  00000cba    00000002                                   : div0.asm.obj (.text)
                  00000cbc    00000328     lcd.obj (.text)
                  00000fe4    000002a8     libcybotUART.lib : uart.obj (.text)
                  0000128c    00000270     rtsv7M4_T_le_v4SPD16_eabi.lib : _printfi.c.obj (.text:_pconv_a)
                  000014fc    00000248     Timer.obj (.text)
                  00001744    000001d0     rtsv7M4_T_le_v4SPD16_eabi.lib : _printfi.c.obj (.text:_pconv_g)
                  00001914    000001b6                                   : fd_add_t2.asm.obj (.text)
                  00001aca    00000002     --HOLE-- [fill = 0]
                  00001acc    0000013c                                   : _printfi.c.obj (.text:_pconv_e)
                  00001c08    00000136                                   : fd_div_t2.asm.obj (.text)
                  00001d3e    00000002     --HOLE-- [fill = 0]
                  00001d40    00000124                                   : _printfi.c.obj (.text:fcvt)
                  00001e64    00000110                                   : s_scalbn.c.obj (.text:scalbn)
                  00001f74    000000fc                                   : fd_mul_t2.asm.obj (.text)
                  00002070    000000dc     lab5_template.obj (.text)
                  0000214c    000000b4     uart.obj (.text)
                  00002200    000000b1     rtsv7M4_T_le_v4SPD16_eabi.lib : _printfi.c.obj (.text:_ltostr)
                  000022b1    00000001     --HOLE-- [fill = 0]
                  000022b2    0000009c                                   : memcpy_t2.asm.obj (.text)
                  0000234e    00000096                                   : ull_div_t2.asm.obj (.text)
                  000023e4    0000008c     button.obj (.text)
                  00002470    00000086     rtsv7M4_T_le_v4SPD16_eabi.lib : fd_cmp_t2.asm.obj (.text:__aeabi_cdcmple)
                  000024f6    00000086                                   : fd_cmp_t2.asm.obj (.text:__aeabi_cdrcmple)
                  0000257c    0000007a                                   : memset_t2.asm.obj (.text)
                  000025f6    0000006e                                   : _printfi.c.obj (.text:_mcpy)
                  00002664    00000068                                   : copy_decompress_lzss.c.obj (.text:decompress:lzss:__TI_decompress_lzss)
                  000026cc    00000064                                   : s_frexp.c.obj (.text:frexp)
                  00002730    00000056                                   : _printfi.c.obj (.text:_pconv_f)
                  00002786    00000054                                   : _ltoa.c.obj (.text:__TI_ltoa)
                  000027da    00000052                                   : _printfi.c.obj (.text:_ecpy)
                  0000282c    0000004c                                   : atoi.c.obj (.text:atoi)
                  00002878    00000048                                   : fd_toi_t2.asm.obj (.text)
                  000028c0    00000044                                   : autoinit.c.obj (.text:__TI_auto_init_nobinit_nopinit:__TI_auto_init_nobinit_nopinit)
                  00002904    00000040                                   : vsnprintf.c.obj (.text:vsnprintf)
                  00002944    0000003e                                   : _printfi.c.obj (.text:_fcpy)
                  00002982    00000002     --HOLE-- [fill = 0]
                  00002984    00000034     driverlib.lib : interrupt.obj (.text:IntRegister)
                  000029b8    00000034     rtsv7M4_T_le_v4SPD16_eabi.lib : boot_cortex_m.c.obj (.text:_c_int00_noargs:_c_int00_noargs)
                  000029ec    00000030                                   : vsnprintf.c.obj (.text:_outs)
                  00002a1c    0000002e                                   : i_tofd_t2.asm.obj (.text)
                  00002a4a    0000001c                                   : copy_zero_init.c.obj (.text:decompress:ZI:__TI_zero_init_nomemset:__TI_zero_init_nomemset)
                  00002a66    0000001c                                   : memccpy.c.obj (.text:memccpy)
                  00002a82    0000001a                                   : s_copysign.c.obj (.text:copysign)
                  00002a9c    00000018                                   : vsnprintf.c.obj (.text:_outc)
                  00002ab4    00000018                                   : strcmp.c.obj (.text:strcmp)
                  00002acc    00000016                                   : strchr.c.obj (.text:strchr)
                  00002ae2    00000014                                   : strcpy.c.obj (.text:strcpy)
                  00002af6    00000014                                   : strlen.c.obj (.text:strlen)
                  00002b0a    00000012                                   : wcslen.c.obj (.text:wcslen)
                  00002b1c    00000010     lcd.obj (.text:lcd_clear)
                  00002b2c    0000000e     rtsv7M4_T_le_v4SPD16_eabi.lib : copy_decompress_none.c.obj (.text:decompress:none:__TI_decompress_none)
                  00002b3a    0000000c     tm4c123gh6pm_startup_ccs.obj (.text)
                  00002b46    00000002     --HOLE-- [fill = 0]
                  00002b48    00000008     rtsv7M4_T_le_v4SPD16_eabi.lib : errno.c.obj (.text:__aeabi_errno_addr)
                  00002b50    00000004                                   : pre_init.c.obj (.text:_system_pre_init)
                  00002b54    00000004                                   : exit.c.obj (.text:abort:abort)

.const     0    00002b58    00000109     
                  00002b58    00000101     rtsv7M4_T_le_v4SPD16_eabi.lib : ctype.c.obj (.const:.string:_ctypes_)
                  00002c59    00000004     lcd.obj (.const:.string:lineAddress$1)
                  00002c5d    00000004     lcd.obj (.const:.string:lineAddresses$2)

.cinit     0    00002c68    00000040     
                  00002c68    0000000c     (__TI_handler_table)
                  00002c74    00000004     --HOLE-- [fill = 0]
                  00002c78    00000008     (.cinit..bss.load) [load image, compression = zero_init]
                  00002c80    00000008     (.cinit..vtable.load) [load image, compression = zero_init]
                  00002c88    00000007     (.cinit..data.load) [load image, compression = lzss]
                  00002c8f    00000001     --HOLE-- [fill = 0]
                  00002c90    00000018     (__TI_cinit_table)

.init_array 
*          0    00000000    00000000     UNINITIALIZED

.vtable    0    20000000    0000026c     UNINITIALIZED
                  20000000    0000026c     driverlib.lib : interrupt.obj (.vtable)

.stack     0    20000270    00001000     UNINITIALIZED
                  20000270    00000004     rtsv7M4_T_le_v4SPD16_eabi.lib : boot_cortex_m.c.obj (.stack)
                  20000274    00000ffc     --HOLE--

.sysmem    0    20001270    00001000     UNINITIALIZED
                  20001270    00000010     rtsv7M4_T_le_v4SPD16_eabi.lib : memory.c.obj (.sysmem)
                  20001280    00000ff0     --HOLE--

.bss       0    20002270    0000008c     UNINITIALIZED
                  20002270    00000054     lcd.obj (.bss:lastbuffer$3)
                  200022c4    00000034     (.common:isr_char_buffer)
                  200022f8    00000004     (.common:_timeout_ticks)

.data      0    200022fc    0000000a     UNINITIALIZED
                  200022fc    00000004     libcybotUART.lib : uart.obj (.data)
                  20002300    00000004     rtsv7M4_T_le_v4SPD16_eabi.lib : errno.c.obj (.data)
                  20002304    00000001     Timer.obj (.data)
                  20002305    00000001     button.obj (.data)

__llvm_prf_cnts 
*          0    20000000    00000000     UNINITIALIZED

MODULE SUMMARY

       Module                         code    ro data   rw data
       ------                         ----    -------   -------
    .\
       lcd.obj                        824     8         84     
       tm4c123gh6pm_startup_ccs.obj   12      620       0      
       Timer.obj                      584     0         5      
       lab5_template.obj              220     0         0      
       uart.obj                       180     0         0      
       button.obj                     140     0         1      
    +--+------------------------------+-------+---------+---------+
       Total:                         1960    628       90     
                                                               
    ../libcybotUART.lib
       uart.obj                       680     0         56     
    +--+------------------------------+-------+---------+---------+
       Total:                         680     0         56     
                                                               
    C:/ti/TivaWare_C_Series-2.1.4.178/driverlib/ccs/Debug/driverlib.lib
       interrupt.obj                  52      0         620    
    +--+------------------------------+-------+---------+---------+
       Total:                         52      0         620    
                                                               
    C:\ti\ccs1010\ccs\tools\compiler\ti-cgt-arm_20.2.1.LTS\lib\rtsv7M4_T_le_v4SPD16_eabi.lib
       _printfi.c.obj                 4851    0         0      
       fd_add_t2.asm.obj              438     0         0      
       fd_div_t2.asm.obj              310     0         0      
       s_scalbn.c.obj                 272     0         0      
       fd_cmp_t2.asm.obj              268     0         0      
       ctype.c.obj                    0       257       0      
       fd_mul_t2.asm.obj              252     0         0      
       memcpy_t2.asm.obj              156     0         0      
       ull_div_t2.asm.obj             150     0         0      
       vsnprintf.c.obj                136     0         0      
       memset_t2.asm.obj              122     0         0      
       copy_decompress_lzss.c.obj     104     0         0      
       s_frexp.c.obj                  100     0         0      
       _ltoa.c.obj                    84      0         0      
       atoi.c.obj                     76      0         0      
       fd_toi_t2.asm.obj              72      0         0      
       autoinit.c.obj                 68      0         0      
       boot_cortex_m.c.obj            52      0         0      
       i_tofd_t2.asm.obj              46      0         0      
       copy_zero_init.c.obj           28      0         0      
       memccpy.c.obj                  28      0         0      
       s_copysign.c.obj               26      0         0      
       strcmp.c.obj                   24      0         0      
       strchr.c.obj                   22      0         0      
       strcpy.c.obj                   20      0         0      
       strlen.c.obj                   20      0         0      
       wcslen.c.obj                   18      0         0      
       copy_decompress_none.c.obj     14      0         0      
       errno.c.obj                    8       0         4      
       exit.c.obj                     4       0         0      
       pre_init.c.obj                 4       0         0      
       div0.asm.obj                   2       0         0      
    +--+------------------------------+-------+---------+---------+
       Total:                         7775    257       4      
                                                               
       Heap:                          0       0         4096   
       Stack:                         0       0         4096   
       Linker Generated:              0       59        0      
    +--+------------------------------+-------+---------+---------+
       Grand Total:                   10467   944       8962   


LINKER GENERATED COPY TABLES

__TI_cinit_table @ 00002c90 records: 3, size/record: 8, table size: 24
	.bss: load addr=00002c78, load size=00000008 bytes, run addr=20002270, run size=0000008c bytes, compression=zero_init
	.vtable: load addr=00002c80, load size=00000008 bytes, run addr=20000000, run size=0000026c bytes, compression=zero_init
	.data: load addr=00002c88, load size=00000007 bytes, run addr=200022fc, run size=0000000a bytes, compression=lzss


LINKER GENERATED HANDLER TABLE

__TI_handler_table @ 00002c68 records: 3, size/record: 4, table size: 12
	index: 0, handler: __TI_zero_init
	index: 1, handler: __TI_decompress_lzss
	index: 2, handler: __TI_decompress_none


GLOBAL SYMBOLS: SORTED ALPHABETICALLY BY Name 

address   name                          
-------   ----                          
00002b55  C$$EXIT                       
00002985  IntRegister                   
00002b3b  ResetISR                      
20001270  __STACK_END                   
00001000  __STACK_SIZE                  
20000470  __STACK_TOP                   
00001000  __SYSMEM_SIZE                 
00002c90  __TI_CINIT_Base               
00002ca8  __TI_CINIT_Limit              
00002c68  __TI_Handler_Table_Base       
00002c74  __TI_Handler_Table_Limit      
000028c1  __TI_auto_init_nobinit_nopinit
00002665  __TI_decompress_lzss          
00002b2d  __TI_decompress_none          
00002787  __TI_ltoa                     
ffffffff  __TI_pprof_out_hndl           
0000026d  __TI_printfi                  
ffffffff  __TI_prof_data_size           
ffffffff  __TI_prof_data_start          
00000000  __TI_static_base__            
00002a4b  __TI_zero_init_nomemset       
00002471  __aeabi_cdcmpeq               
00002471  __aeabi_cdcmple               
000024f7  __aeabi_cdrcmple              
00002879  __aeabi_d2iz                  
0000191f  __aeabi_dadd                  
00001c09  __aeabi_ddiv                  
00001f75  __aeabi_dmul                  
00001915  __aeabi_dsub                  
00002b49  __aeabi_errno_addr            
00002a1d  __aeabi_i2d                   
00000cbb  __aeabi_idiv0                 
00000cbb  __aeabi_ldiv0                 
0000257d  __aeabi_memclr                
0000257d  __aeabi_memclr4               
0000257d  __aeabi_memclr8               
000022b3  __aeabi_memcpy                
000022b3  __aeabi_memcpy4               
000022b3  __aeabi_memcpy8               
0000257f  __aeabi_memset                
0000257f  __aeabi_memset4               
0000257f  __aeabi_memset8               
0000234f  __aeabi_uldivmod              
ffffffff  __binit__                     
ffffffff  __c_args__                    
UNDEFED   __mpu_init                    
20000270  __stack                       
20000000  __start___llvm_prf_cnts       
20000000  __stop___llvm_prf_cnts        
000029b9  _c_int00_noargs               
00002b58  _ctypes_                      
20002304  _running                      
20001270  _sys_memory                   
UNDEFED   _system_post_cinit            
00002b51  _system_pre_init              
200022f8  _timeout_ticks                
00002b55  abort                         
0000282d  atoi                          
ffffffff  binit                         
00002419  button_getButton              
000023e5  button_init                   
00002a83  copysign                      
00002a83  copysignl                     
00001231  cyBot_UART1_Handler           
00001223  cyBot_getByte_blocking        
00001203  cyBot_getByte_nonblocking     
00000fe5  cyBot_sendByte                
000011e9  cyBot_uart_flush              
00001153  cyBot_uart_init               
000010f3  cyBot_uart_init_PHJ_first_half
0000109b  cyBot_uart_init_clean         
00001023  cyBot_uart_init_last_half     
0000100b  cyBot_uart_sendBuffer         
00000ff1  cyBot_uart_sendStr            
20002300  errno                         
000026cd  frexp                         
000026cd  frexpl                        
20000000  g_pfnRAMVectors               
00000000  g_pfnVectors                  
200022c4  isr_char_buffer               
200022fc  isr_counter                   
00002b1d  lcd_clear                     
00000e91  lcd_gotoLine                  
00000cf9  lcd_init                      
00000ef7  lcd_printf                    
00000db9  lcd_putc                      
00000df1  lcd_puts                      
00000cbd  lcd_reverseNibble             
00000e0f  lcd_sendCommand               
00000e4d  lcd_sendNibble                
00000eb9  lcd_setCursorPos              
00001e65  ldexp                         
00001e65  ldexpl                        
00002071  main                          
00002a67  memccpy                       
000022b3  memcpy                        
00002585  memset                        
00001e65  scalbn                        
00001e65  scalbnl                       
00002acd  strchr                        
00002ab5  strcmp                        
00002ae3  strcpy                        
00002af7  strlen                        
0000161b  timer_getMicros               
000015c3  timer_getMillis               
000014fd  timer_init                    
0000159f  timer_pause                   
000015b1  timer_resume                  
00001575  timer_stop                    
00001675  timer_waitMicros              
000016a7  timer_waitMillis              
0000214d  uart_init                     
000021af  uart_receive                  
00002193  uart_sendChar                 
000021c3  uart_sendStr                  
00002905  vsnprintf                     
00002b0b  wcslen                        


GLOBAL SYMBOLS: SORTED BY Symbol Address 

address   name                          
-------   ----                          
00000000  __TI_static_base__            
00000000  g_pfnVectors                  
0000026d  __TI_printfi                  
00000cbb  __aeabi_idiv0                 
00000cbb  __aeabi_ldiv0                 
00000cbd  lcd_reverseNibble             
00000cf9  lcd_init                      
00000db9  lcd_putc                      
00000df1  lcd_puts                      
00000e0f  lcd_sendCommand               
00000e4d  lcd_sendNibble                
00000e91  lcd_gotoLine                  
00000eb9  lcd_setCursorPos              
00000ef7  lcd_printf                    
00000fe5  cyBot_sendByte                
00000ff1  cyBot_uart_sendStr            
00001000  __STACK_SIZE                  
00001000  __SYSMEM_SIZE                 
0000100b  cyBot_uart_sendBuffer         
00001023  cyBot_uart_init_last_half     
0000109b  cyBot_uart_init_clean         
000010f3  cyBot_uart_init_PHJ_first_half
00001153  cyBot_uart_init               
000011e9  cyBot_uart_flush              
00001203  cyBot_getByte_nonblocking     
00001223  cyBot_getByte_blocking        
00001231  cyBot_UART1_Handler           
000014fd  timer_init                    
00001575  timer_stop                    
0000159f  timer_pause                   
000015b1  timer_resume                  
000015c3  timer_getMillis               
0000161b  timer_getMicros               
00001675  timer_waitMicros              
000016a7  timer_waitMillis              
00001915  __aeabi_dsub                  
0000191f  __aeabi_dadd                  
00001c09  __aeabi_ddiv                  
00001e65  ldexp                         
00001e65  ldexpl                        
00001e65  scalbn                        
00001e65  scalbnl                       
00001f75  __aeabi_dmul                  
00002071  main                          
0000214d  uart_init                     
00002193  uart_sendChar                 
000021af  uart_receive                  
000021c3  uart_sendStr                  
000022b3  __aeabi_memcpy                
000022b3  __aeabi_memcpy4               
000022b3  __aeabi_memcpy8               
000022b3  memcpy                        
0000234f  __aeabi_uldivmod              
000023e5  button_init                   
00002419  button_getButton              
00002471  __aeabi_cdcmpeq               
00002471  __aeabi_cdcmple               
000024f7  __aeabi_cdrcmple              
0000257d  __aeabi_memclr                
0000257d  __aeabi_memclr4               
0000257d  __aeabi_memclr8               
0000257f  __aeabi_memset                
0000257f  __aeabi_memset4               
0000257f  __aeabi_memset8               
00002585  memset                        
00002665  __TI_decompress_lzss          
000026cd  frexp                         
000026cd  frexpl                        
00002787  __TI_ltoa                     
0000282d  atoi                          
00002879  __aeabi_d2iz                  
000028c1  __TI_auto_init_nobinit_nopinit
00002905  vsnprintf                     
00002985  IntRegister                   
000029b9  _c_int00_noargs               
00002a1d  __aeabi_i2d                   
00002a4b  __TI_zero_init_nomemset       
00002a67  memccpy                       
00002a83  copysign                      
00002a83  copysignl                     
00002ab5  strcmp                        
00002acd  strchr                        
00002ae3  strcpy                        
00002af7  strlen                        
00002b0b  wcslen                        
00002b1d  lcd_clear                     
00002b2d  __TI_decompress_none          
00002b3b  ResetISR                      
00002b49  __aeabi_errno_addr            
00002b51  _system_pre_init              
00002b55  C$$EXIT                       
00002b55  abort                         
00002b58  _ctypes_                      
00002c68  __TI_Handler_Table_Base       
00002c74  __TI_Handler_Table_Limit      
00002c90  __TI_CINIT_Base               
00002ca8  __TI_CINIT_Limit              
20000000  __start___llvm_prf_cnts       
20000000  __stop___llvm_prf_cnts        
20000000  g_pfnRAMVectors               
20000270  __stack                       
20000470  __STACK_TOP                   
20001270  __STACK_END                   
20001270  _sys_memory                   
200022c4  isr_char_buffer               
200022f8  _timeout_ticks                
200022fc  isr_counter                   
20002300  errno                         
20002304  _running                      
ffffffff  __TI_pprof_out_hndl           
ffffffff  __TI_prof_data_size           
ffffffff  __TI_prof_data_start          
ffffffff  __binit__                     
ffffffff  __c_args__                    
ffffffff  binit                         
UNDEFED   __mpu_init                    
UNDEFED   _system_post_cinit            

[117 symbols]
