<?xml version="1.0" encoding="ISO-8859-1" ?>
<link_info>
   <banner>TI ARM Linker PC v20.2.1.LTS</banner>
   <copyright>Copyright (c) 1996-2018 Texas Instruments Incorporated</copyright>
   <link_time>0x60529823</link_time>
   <link_errors>0x0</link_errors>
   <output_file>Lab6.out</output_file>
   <entry_point>
      <name>_c_int00_noargs</name>
      <address>0x2de1</address>
   </entry_point>
   <input_file_list>
      <input_file id="fl-2">
         <path>.\</path>
         <kind>object</kind>
         <file>Timer.obj</file>
         <name>Timer.obj</name>
      </input_file>
      <input_file id="fl-3">
         <path>.\</path>
         <kind>object</kind>
         <file>lab6-interrupt_template.obj</file>
         <name>lab6-interrupt_template.obj</name>
      </input_file>
      <input_file id="fl-4">
         <path>.\</path>
         <kind>object</kind>
         <file>lcd.obj</file>
         <name>lcd.obj</name>
      </input_file>
      <input_file id="fl-5">
         <path>.\</path>
         <kind>object</kind>
         <file>movement.obj</file>
         <name>movement.obj</name>
      </input_file>
      <input_file id="fl-6">
         <path>.\</path>
         <kind>object</kind>
         <file>open_interface.obj</file>
         <name>open_interface.obj</name>
      </input_file>
      <input_file id="fl-7">
         <path>.\</path>
         <kind>object</kind>
         <file>resetSimulation.obj</file>
         <name>resetSimulation.obj</name>
      </input_file>
      <input_file id="fl-8">
         <path>.\</path>
         <kind>object</kind>
         <file>tm4c123gh6pm_startup_ccs.obj</file>
         <name>tm4c123gh6pm_startup_ccs.obj</name>
      </input_file>
      <input_file id="fl-9">
         <path>.\</path>
         <kind>object</kind>
         <file>uart-interrupt.obj</file>
         <name>uart-interrupt.obj</name>
      </input_file>
      <input_file id="fl-11">
         <kind>object</kind>
         <file>&lt;internal&gt;</file>
         <name>&lt;internal&gt;</name>
      </input_file>
      <input_file id="fl-12">
         <path>..\</path>
         <kind>archive</kind>
         <file>libcybotFindObjects.lib</file>
         <name>cyBot_FindObjects.obj</name>
      </input_file>
      <input_file id="fl-13">
         <path>..\</path>
         <kind>archive</kind>
         <file>libcybotFindObjects.lib</file>
         <name>ir.obj</name>
      </input_file>
      <input_file id="fl-14">
         <path>..\</path>
         <kind>archive</kind>
         <file>libcybotFindObjects.lib</file>
         <name>ping.obj</name>
      </input_file>
      <input_file id="fl-15">
         <path>..\</path>
         <kind>archive</kind>
         <file>libcybotFindObjects.lib</file>
         <name>servo.obj</name>
      </input_file>
      <input_file id="fl-cb">
         <path>C:\ti\ccs1010\ccs\tools\compiler\ti-cgt-arm_20.2.1.LTS\lib\</path>
         <kind>archive</kind>
         <file>rtsv7M4_T_le_v4SPD16_eabi.lib</file>
         <name>printf.c.obj</name>
      </input_file>
      <input_file id="fl-cc">
         <path>C:\ti\ccs1010\ccs\tools\compiler\ti-cgt-arm_20.2.1.LTS\lib\</path>
         <kind>archive</kind>
         <file>rtsv7M4_T_le_v4SPD16_eabi.lib</file>
         <name>_printfi.c.obj</name>
      </input_file>
      <input_file id="fl-cd">
         <path>C:\ti\ccs1010\ccs\tools\compiler\ti-cgt-arm_20.2.1.LTS\lib\</path>
         <kind>archive</kind>
         <file>rtsv7M4_T_le_v4SPD16_eabi.lib</file>
         <name>sprintf.c.obj</name>
      </input_file>
      <input_file id="fl-ce">
         <path>C:\ti\ccs1010\ccs\tools\compiler\ti-cgt-arm_20.2.1.LTS\lib\</path>
         <kind>archive</kind>
         <file>rtsv7M4_T_le_v4SPD16_eabi.lib</file>
         <name>vsnprintf.c.obj</name>
      </input_file>
      <input_file id="fl-cf">
         <path>C:\ti\ccs1010\ccs\tools\compiler\ti-cgt-arm_20.2.1.LTS\lib\</path>
         <kind>archive</kind>
         <file>rtsv7M4_T_le_v4SPD16_eabi.lib</file>
         <name>fputc.c.obj</name>
      </input_file>
      <input_file id="fl-d0">
         <path>C:\ti\ccs1010\ccs\tools\compiler\ti-cgt-arm_20.2.1.LTS\lib\</path>
         <kind>archive</kind>
         <file>rtsv7M4_T_le_v4SPD16_eabi.lib</file>
         <name>fputs.c.obj</name>
      </input_file>
      <input_file id="fl-d1">
         <path>C:\ti\ccs1010\ccs\tools\compiler\ti-cgt-arm_20.2.1.LTS\lib\</path>
         <kind>archive</kind>
         <file>rtsv7M4_T_le_v4SPD16_eabi.lib</file>
         <name>_io_perm.c.obj</name>
      </input_file>
      <input_file id="fl-d2">
         <path>C:\ti\ccs1010\ccs\tools\compiler\ti-cgt-arm_20.2.1.LTS\lib\</path>
         <kind>archive</kind>
         <file>rtsv7M4_T_le_v4SPD16_eabi.lib</file>
         <name>setvbuf.c.obj</name>
      </input_file>
      <input_file id="fl-d3">
         <path>C:\ti\ccs1010\ccs\tools\compiler\ti-cgt-arm_20.2.1.LTS\lib\</path>
         <kind>archive</kind>
         <file>rtsv7M4_T_le_v4SPD16_eabi.lib</file>
         <name>memset_t2.asm.obj</name>
      </input_file>
      <input_file id="fl-d4">
         <path>C:\ti\ccs1010\ccs\tools\compiler\ti-cgt-arm_20.2.1.LTS\lib\</path>
         <kind>archive</kind>
         <file>rtsv7M4_T_le_v4SPD16_eabi.lib</file>
         <name>fd_add_t2.asm.obj</name>
      </input_file>
      <input_file id="fl-d5">
         <path>C:\ti\ccs1010\ccs\tools\compiler\ti-cgt-arm_20.2.1.LTS\lib\</path>
         <kind>archive</kind>
         <file>rtsv7M4_T_le_v4SPD16_eabi.lib</file>
         <name>fd_cmp_t2.asm.obj</name>
      </input_file>
      <input_file id="fl-d6">
         <path>C:\ti\ccs1010\ccs\tools\compiler\ti-cgt-arm_20.2.1.LTS\lib\</path>
         <kind>archive</kind>
         <file>rtsv7M4_T_le_v4SPD16_eabi.lib</file>
         <name>fd_div_t2.asm.obj</name>
      </input_file>
      <input_file id="fl-d7">
         <path>C:\ti\ccs1010\ccs\tools\compiler\ti-cgt-arm_20.2.1.LTS\lib\</path>
         <kind>archive</kind>
         <file>rtsv7M4_T_le_v4SPD16_eabi.lib</file>
         <name>fd_mul_t2.asm.obj</name>
      </input_file>
      <input_file id="fl-d8">
         <path>C:\ti\ccs1010\ccs\tools\compiler\ti-cgt-arm_20.2.1.LTS\lib\</path>
         <kind>archive</kind>
         <file>rtsv7M4_T_le_v4SPD16_eabi.lib</file>
         <name>fd_toi_t2.asm.obj</name>
      </input_file>
      <input_file id="fl-d9">
         <path>C:\ti\ccs1010\ccs\tools\compiler\ti-cgt-arm_20.2.1.LTS\lib\</path>
         <kind>archive</kind>
         <file>rtsv7M4_T_le_v4SPD16_eabi.lib</file>
         <name>fd_tos_t2.asm.obj</name>
      </input_file>
      <input_file id="fl-da">
         <path>C:\ti\ccs1010\ccs\tools\compiler\ti-cgt-arm_20.2.1.LTS\lib\</path>
         <kind>archive</kind>
         <file>rtsv7M4_T_le_v4SPD16_eabi.lib</file>
         <name>fs_tod_t2.asm.obj</name>
      </input_file>
      <input_file id="fl-db">
         <path>C:\ti\ccs1010\ccs\tools\compiler\ti-cgt-arm_20.2.1.LTS\lib\</path>
         <kind>archive</kind>
         <file>rtsv7M4_T_le_v4SPD16_eabi.lib</file>
         <name>i_tofd_t2.asm.obj</name>
      </input_file>
      <input_file id="fl-dc">
         <path>C:\ti\ccs1010\ccs\tools\compiler\ti-cgt-arm_20.2.1.LTS\lib\</path>
         <kind>archive</kind>
         <file>rtsv7M4_T_le_v4SPD16_eabi.lib</file>
         <name>memcpy_t2.asm.obj</name>
      </input_file>
      <input_file id="fl-dd">
         <path>C:\ti\ccs1010\ccs\tools\compiler\ti-cgt-arm_20.2.1.LTS\lib\</path>
         <kind>archive</kind>
         <file>rtsv7M4_T_le_v4SPD16_eabi.lib</file>
         <name>ull_div_t2.asm.obj</name>
      </input_file>
      <input_file id="fl-de">
         <path>C:\ti\ccs1010\ccs\tools\compiler\ti-cgt-arm_20.2.1.LTS\lib\</path>
         <kind>archive</kind>
         <file>rtsv7M4_T_le_v4SPD16_eabi.lib</file>
         <name>copy_zero_init.c.obj</name>
      </input_file>
      <input_file id="fl-df">
         <path>C:\ti\ccs1010\ccs\tools\compiler\ti-cgt-arm_20.2.1.LTS\lib\</path>
         <kind>archive</kind>
         <file>rtsv7M4_T_le_v4SPD16_eabi.lib</file>
         <name>copy_decompress_none.c.obj</name>
      </input_file>
      <input_file id="fl-e0">
         <path>C:\ti\ccs1010\ccs\tools\compiler\ti-cgt-arm_20.2.1.LTS\lib\</path>
         <kind>archive</kind>
         <file>rtsv7M4_T_le_v4SPD16_eabi.lib</file>
         <name>copy_decompress_lzss.c.obj</name>
      </input_file>
      <input_file id="fl-e1">
         <path>C:\ti\ccs1010\ccs\tools\compiler\ti-cgt-arm_20.2.1.LTS\lib\</path>
         <kind>archive</kind>
         <file>rtsv7M4_T_le_v4SPD16_eabi.lib</file>
         <name>exit.c.obj</name>
      </input_file>
      <input_file id="fl-e2">
         <path>C:\ti\ccs1010\ccs\tools\compiler\ti-cgt-arm_20.2.1.LTS\lib\</path>
         <kind>archive</kind>
         <file>rtsv7M4_T_le_v4SPD16_eabi.lib</file>
         <name>_lock.c.obj</name>
      </input_file>
      <input_file id="fl-e3">
         <path>C:\ti\ccs1010\ccs\tools\compiler\ti-cgt-arm_20.2.1.LTS\lib\</path>
         <kind>archive</kind>
         <file>rtsv7M4_T_le_v4SPD16_eabi.lib</file>
         <name>_ltoa.c.obj</name>
      </input_file>
      <input_file id="fl-e4">
         <path>C:\ti\ccs1010\ccs\tools\compiler\ti-cgt-arm_20.2.1.LTS\lib\</path>
         <kind>archive</kind>
         <file>rtsv7M4_T_le_v4SPD16_eabi.lib</file>
         <name>atoi.c.obj</name>
      </input_file>
      <input_file id="fl-e5">
         <path>C:\ti\ccs1010\ccs\tools\compiler\ti-cgt-arm_20.2.1.LTS\lib\</path>
         <kind>archive</kind>
         <file>rtsv7M4_T_le_v4SPD16_eabi.lib</file>
         <name>ctype.c.obj</name>
      </input_file>
      <input_file id="fl-e6">
         <path>C:\ti\ccs1010\ccs\tools\compiler\ti-cgt-arm_20.2.1.LTS\lib\</path>
         <kind>archive</kind>
         <file>rtsv7M4_T_le_v4SPD16_eabi.lib</file>
         <name>defs.c.obj</name>
      </input_file>
      <input_file id="fl-e7">
         <path>C:\ti\ccs1010\ccs\tools\compiler\ti-cgt-arm_20.2.1.LTS\lib\</path>
         <kind>archive</kind>
         <file>rtsv7M4_T_le_v4SPD16_eabi.lib</file>
         <name>memccpy.c.obj</name>
      </input_file>
      <input_file id="fl-e8">
         <path>C:\ti\ccs1010\ccs\tools\compiler\ti-cgt-arm_20.2.1.LTS\lib\</path>
         <kind>archive</kind>
         <file>rtsv7M4_T_le_v4SPD16_eabi.lib</file>
         <name>memchr.c.obj</name>
      </input_file>
      <input_file id="fl-e9">
         <path>C:\ti\ccs1010\ccs\tools\compiler\ti-cgt-arm_20.2.1.LTS\lib\</path>
         <kind>archive</kind>
         <file>rtsv7M4_T_le_v4SPD16_eabi.lib</file>
         <name>memory.c.obj</name>
      </input_file>
      <input_file id="fl-ea">
         <path>C:\ti\ccs1010\ccs\tools\compiler\ti-cgt-arm_20.2.1.LTS\lib\</path>
         <kind>archive</kind>
         <file>rtsv7M4_T_le_v4SPD16_eabi.lib</file>
         <name>strchr.c.obj</name>
      </input_file>
      <input_file id="fl-eb">
         <path>C:\ti\ccs1010\ccs\tools\compiler\ti-cgt-arm_20.2.1.LTS\lib\</path>
         <kind>archive</kind>
         <file>rtsv7M4_T_le_v4SPD16_eabi.lib</file>
         <name>strcmp.c.obj</name>
      </input_file>
      <input_file id="fl-ec">
         <path>C:\ti\ccs1010\ccs\tools\compiler\ti-cgt-arm_20.2.1.LTS\lib\</path>
         <kind>archive</kind>
         <file>rtsv7M4_T_le_v4SPD16_eabi.lib</file>
         <name>strcpy.c.obj</name>
      </input_file>
      <input_file id="fl-ed">
         <path>C:\ti\ccs1010\ccs\tools\compiler\ti-cgt-arm_20.2.1.LTS\lib\</path>
         <kind>archive</kind>
         <file>rtsv7M4_T_le_v4SPD16_eabi.lib</file>
         <name>strlen.c.obj</name>
      </input_file>
      <input_file id="fl-ee">
         <path>C:\ti\ccs1010\ccs\tools\compiler\ti-cgt-arm_20.2.1.LTS\lib\</path>
         <kind>archive</kind>
         <file>rtsv7M4_T_le_v4SPD16_eabi.lib</file>
         <name>write.c.obj</name>
      </input_file>
      <input_file id="fl-ef">
         <path>C:\ti\ccs1010\ccs\tools\compiler\ti-cgt-arm_20.2.1.LTS\lib\</path>
         <kind>archive</kind>
         <file>rtsv7M4_T_le_v4SPD16_eabi.lib</file>
         <name>host_device.c.obj</name>
      </input_file>
      <input_file id="fl-f0">
         <path>C:\ti\ccs1010\ccs\tools\compiler\ti-cgt-arm_20.2.1.LTS\lib\</path>
         <kind>archive</kind>
         <file>rtsv7M4_T_le_v4SPD16_eabi.lib</file>
         <name>errno.c.obj</name>
      </input_file>
      <input_file id="fl-f1">
         <path>C:\ti\ccs1010\ccs\tools\compiler\ti-cgt-arm_20.2.1.LTS\lib\</path>
         <kind>archive</kind>
         <file>rtsv7M4_T_le_v4SPD16_eabi.lib</file>
         <name>boot_cortex_m.c.obj</name>
      </input_file>
      <input_file id="fl-f2">
         <path>C:\ti\ccs1010\ccs\tools\compiler\ti-cgt-arm_20.2.1.LTS\lib\</path>
         <kind>archive</kind>
         <file>rtsv7M4_T_le_v4SPD16_eabi.lib</file>
         <name>s_frexp.c.obj</name>
      </input_file>
      <input_file id="fl-f3">
         <path>C:\ti\ccs1010\ccs\tools\compiler\ti-cgt-arm_20.2.1.LTS\lib\</path>
         <kind>archive</kind>
         <file>rtsv7M4_T_le_v4SPD16_eabi.lib</file>
         <name>s_scalbn.c.obj</name>
      </input_file>
      <input_file id="fl-f4">
         <path>C:\ti\ccs1010\ccs\tools\compiler\ti-cgt-arm_20.2.1.LTS\lib\</path>
         <kind>archive</kind>
         <file>rtsv7M4_T_le_v4SPD16_eabi.lib</file>
         <name>wcslen.c.obj</name>
      </input_file>
      <input_file id="fl-f5">
         <path>C:\ti\ccs1010\ccs\tools\compiler\ti-cgt-arm_20.2.1.LTS\lib\</path>
         <kind>archive</kind>
         <file>rtsv7M4_T_le_v4SPD16_eabi.lib</file>
         <name>fflush.c.obj</name>
      </input_file>
      <input_file id="fl-f6">
         <path>C:\ti\ccs1010\ccs\tools\compiler\ti-cgt-arm_20.2.1.LTS\lib\</path>
         <kind>archive</kind>
         <file>rtsv7M4_T_le_v4SPD16_eabi.lib</file>
         <name>fopen.c.obj</name>
      </input_file>
      <input_file id="fl-f7">
         <path>C:\ti\ccs1010\ccs\tools\compiler\ti-cgt-arm_20.2.1.LTS\lib\</path>
         <kind>archive</kind>
         <file>rtsv7M4_T_le_v4SPD16_eabi.lib</file>
         <name>fseek.c.obj</name>
      </input_file>
      <input_file id="fl-f8">
         <path>C:\ti\ccs1010\ccs\tools\compiler\ti-cgt-arm_20.2.1.LTS\lib\</path>
         <kind>archive</kind>
         <file>rtsv7M4_T_le_v4SPD16_eabi.lib</file>
         <name>div0.asm.obj</name>
      </input_file>
      <input_file id="fl-f9">
         <path>C:\ti\ccs1010\ccs\tools\compiler\ti-cgt-arm_20.2.1.LTS\lib\</path>
         <kind>archive</kind>
         <file>rtsv7M4_T_le_v4SPD16_eabi.lib</file>
         <name>autoinit.c.obj</name>
      </input_file>
      <input_file id="fl-fa">
         <path>C:\ti\ccs1010\ccs\tools\compiler\ti-cgt-arm_20.2.1.LTS\lib\</path>
         <kind>archive</kind>
         <file>rtsv7M4_T_le_v4SPD16_eabi.lib</file>
         <name>pre_init.c.obj</name>
      </input_file>
      <input_file id="fl-fb">
         <path>C:\ti\ccs1010\ccs\tools\compiler\ti-cgt-arm_20.2.1.LTS\lib\</path>
         <kind>archive</kind>
         <file>rtsv7M4_T_le_v4SPD16_eabi.lib</file>
         <name>cpy_tbl.c.obj</name>
      </input_file>
      <input_file id="fl-fc">
         <path>C:\ti\ccs1010\ccs\tools\compiler\ti-cgt-arm_20.2.1.LTS\lib\</path>
         <kind>archive</kind>
         <file>rtsv7M4_T_le_v4SPD16_eabi.lib</file>
         <name>args_main.c.obj</name>
      </input_file>
      <input_file id="fl-fd">
         <path>C:\ti\ccs1010\ccs\tools\compiler\ti-cgt-arm_20.2.1.LTS\lib\</path>
         <kind>archive</kind>
         <file>rtsv7M4_T_le_v4SPD16_eabi.lib</file>
         <name>hostclose.c.obj</name>
      </input_file>
      <input_file id="fl-fe">
         <path>C:\ti\ccs1010\ccs\tools\compiler\ti-cgt-arm_20.2.1.LTS\lib\</path>
         <kind>archive</kind>
         <file>rtsv7M4_T_le_v4SPD16_eabi.lib</file>
         <name>hostlseek.c.obj</name>
      </input_file>
      <input_file id="fl-ff">
         <path>C:\ti\ccs1010\ccs\tools\compiler\ti-cgt-arm_20.2.1.LTS\lib\</path>
         <kind>archive</kind>
         <file>rtsv7M4_T_le_v4SPD16_eabi.lib</file>
         <name>hostopen.c.obj</name>
      </input_file>
      <input_file id="fl-100">
         <path>C:\ti\ccs1010\ccs\tools\compiler\ti-cgt-arm_20.2.1.LTS\lib\</path>
         <kind>archive</kind>
         <file>rtsv7M4_T_le_v4SPD16_eabi.lib</file>
         <name>hostread.c.obj</name>
      </input_file>
      <input_file id="fl-101">
         <path>C:\ti\ccs1010\ccs\tools\compiler\ti-cgt-arm_20.2.1.LTS\lib\</path>
         <kind>archive</kind>
         <file>rtsv7M4_T_le_v4SPD16_eabi.lib</file>
         <name>hostrename.c.obj</name>
      </input_file>
      <input_file id="fl-102">
         <path>C:\ti\ccs1010\ccs\tools\compiler\ti-cgt-arm_20.2.1.LTS\lib\</path>
         <kind>archive</kind>
         <file>rtsv7M4_T_le_v4SPD16_eabi.lib</file>
         <name>hostunlink.c.obj</name>
      </input_file>
      <input_file id="fl-103">
         <path>C:\ti\ccs1010\ccs\tools\compiler\ti-cgt-arm_20.2.1.LTS\lib\</path>
         <kind>archive</kind>
         <file>rtsv7M4_T_le_v4SPD16_eabi.lib</file>
         <name>hostwrite.c.obj</name>
      </input_file>
      <input_file id="fl-104">
         <path>C:\ti\ccs1010\ccs\tools\compiler\ti-cgt-arm_20.2.1.LTS\lib\</path>
         <kind>archive</kind>
         <file>rtsv7M4_T_le_v4SPD16_eabi.lib</file>
         <name>trgmsg.c.obj</name>
      </input_file>
      <input_file id="fl-105">
         <path>C:\ti\ccs1010\ccs\tools\compiler\ti-cgt-arm_20.2.1.LTS\lib\</path>
         <kind>archive</kind>
         <file>rtsv7M4_T_le_v4SPD16_eabi.lib</file>
         <name>open.c.obj</name>
      </input_file>
      <input_file id="fl-106">
         <path>C:\ti\ccs1010\ccs\tools\compiler\ti-cgt-arm_20.2.1.LTS\lib\</path>
         <kind>archive</kind>
         <file>rtsv7M4_T_le_v4SPD16_eabi.lib</file>
         <name>lseek.c.obj</name>
      </input_file>
      <input_file id="fl-107">
         <path>C:\ti\ccs1010\ccs\tools\compiler\ti-cgt-arm_20.2.1.LTS\lib\</path>
         <kind>archive</kind>
         <file>rtsv7M4_T_le_v4SPD16_eabi.lib</file>
         <name>s_copysign.c.obj</name>
      </input_file>
      <input_file id="fl-108">
         <path>C:\ti\ccs1010\ccs\tools\compiler\ti-cgt-arm_20.2.1.LTS\lib\</path>
         <kind>archive</kind>
         <file>rtsv7M4_T_le_v4SPD16_eabi.lib</file>
         <name>fclose.c.obj</name>
      </input_file>
      <input_file id="fl-109">
         <path>C:\ti\ccs1010\ccs\tools\compiler\ti-cgt-arm_20.2.1.LTS\lib\</path>
         <kind>archive</kind>
         <file>rtsv7M4_T_le_v4SPD16_eabi.lib</file>
         <name>getdevice.c.obj</name>
      </input_file>
      <input_file id="fl-10a">
         <path>C:\ti\ccs1010\ccs\tools\compiler\ti-cgt-arm_20.2.1.LTS\lib\</path>
         <kind>archive</kind>
         <file>rtsv7M4_T_le_v4SPD16_eabi.lib</file>
         <name>strncpy.c.obj</name>
      </input_file>
      <input_file id="fl-10b">
         <path>C:\ti\ccs1010\ccs\tools\compiler\ti-cgt-arm_20.2.1.LTS\lib\</path>
         <kind>archive</kind>
         <file>rtsv7M4_T_le_v4SPD16_eabi.lib</file>
         <name>remove.c.obj</name>
      </input_file>
      <input_file id="fl-10c">
         <path>C:\ti\ccs1010\ccs\tools\compiler\ti-cgt-arm_20.2.1.LTS\lib\</path>
         <kind>archive</kind>
         <file>rtsv7M4_T_le_v4SPD16_eabi.lib</file>
         <name>close.c.obj</name>
      </input_file>
      <input_file id="fl-10d">
         <path>C:\ti\ccs1010\ccs\tools\compiler\ti-cgt-arm_20.2.1.LTS\lib\</path>
         <kind>archive</kind>
         <file>rtsv7M4_T_le_v4SPD16_eabi.lib</file>
         <name>unlink.c.obj</name>
      </input_file>
      <input_file id="fl-10e">
         <path>C:\ti\TivaWare_C_Series-2.1.4.178\driverlib\ccs\Debug\</path>
         <kind>archive</kind>
         <file>driverlib.lib</file>
         <name>interrupt.obj</name>
      </input_file>
      <input_file id="fl-10f">
         <path>C:\ti\TivaWare_C_Series-2.1.4.178\driverlib\ccs\Debug\</path>
         <kind>archive</kind>
         <file>driverlib.lib</file>
         <name>cpu.obj</name>
      </input_file>
   </input_file_list>
   <object_component_list>
      <object_component id="oc-12">
         <name>.intvecs</name>
         <load_address>0x0</load_address>
         <run_address>0x0</run_address>
         <size>0x26c</size>
         <input_file_ref idref="fl-8"/>
      </object_component>
      <object_component id="oc-1a8">
         <name>.text:__TI_printfi</name>
         <load_address>0x26c</load_address>
         <run_address>0x26c</run_address>
         <size>0xa4e</size>
         <input_file_ref idref="fl-cc"/>
      </object_component>
      <object_component id="oc-337">
         <name>.text</name>
         <load_address>0xcba</load_address>
         <run_address>0xcba</run_address>
         <size>0x2</size>
         <input_file_ref idref="fl-f8"/>
      </object_component>
      <object_component id="oc-dd">
         <name>.text</name>
         <load_address>0xcbc</load_address>
         <run_address>0xcbc</run_address>
         <size>0x328</size>
         <input_file_ref idref="fl-4"/>
      </object_component>
      <object_component id="oc-257">
         <name>.text:_pconv_a</name>
         <load_address>0xfe4</load_address>
         <run_address>0xfe4</run_address>
         <size>0x270</size>
         <input_file_ref idref="fl-cc"/>
      </object_component>
      <object_component id="oc-d7">
         <name>.text</name>
         <load_address>0x1254</load_address>
         <run_address>0x1254</run_address>
         <size>0x248</size>
         <input_file_ref idref="fl-2"/>
      </object_component>
      <object_component id="oc-194">
         <name>.text</name>
         <load_address>0x149c</load_address>
         <run_address>0x149c</run_address>
         <size>0x1ec</size>
         <input_file_ref idref="fl-14"/>
      </object_component>
      <object_component id="oc-245">
         <name>.text:_pconv_g</name>
         <load_address>0x1688</load_address>
         <run_address>0x1688</run_address>
         <size>0x1d0</size>
         <input_file_ref idref="fl-cc"/>
      </object_component>
      <object_component id="oc-e3">
         <name>.text</name>
         <load_address>0x1858</load_address>
         <run_address>0x1858</run_address>
         <size>0x1c0</size>
         <input_file_ref idref="fl-9"/>
      </object_component>
      <object_component id="oc-2d4">
         <name>.text</name>
         <load_address>0x1a18</load_address>
         <run_address>0x1a18</run_address>
         <size>0x1b6</size>
         <input_file_ref idref="fl-d4"/>
      </object_component>
      <object_component id="oc-e9">
         <name>.text</name>
         <load_address>0x1bd0</load_address>
         <run_address>0x1bd0</run_address>
         <size>0x158</size>
         <input_file_ref idref="fl-12"/>
      </object_component>
      <object_component id="oc-251">
         <name>.text:_pconv_e</name>
         <load_address>0x1d28</load_address>
         <run_address>0x1d28</run_address>
         <size>0x13c</size>
         <input_file_ref idref="fl-cc"/>
      </object_component>
      <object_component id="oc-184">
         <name>.text</name>
         <load_address>0x1e64</load_address>
         <run_address>0x1e64</run_address>
         <size>0x136</size>
         <input_file_ref idref="fl-d6"/>
      </object_component>
      <object_component id="oc-2e6">
         <name>.text:fcvt</name>
         <load_address>0x1f9c</load_address>
         <run_address>0x1f9c</run_address>
         <size>0x124</size>
         <input_file_ref idref="fl-cc"/>
      </object_component>
      <object_component id="oc-18e">
         <name>.text</name>
         <load_address>0x20c0</load_address>
         <run_address>0x20c0</run_address>
         <size>0x124</size>
         <input_file_ref idref="fl-15"/>
      </object_component>
      <object_component id="oc-19a">
         <name>.text</name>
         <load_address>0x21e4</load_address>
         <run_address>0x21e4</run_address>
         <size>0x118</size>
         <input_file_ref idref="fl-13"/>
      </object_component>
      <object_component id="oc-2fa">
         <name>.text:scalbn</name>
         <load_address>0x22fc</load_address>
         <run_address>0x22fc</run_address>
         <size>0x110</size>
         <input_file_ref idref="fl-f3"/>
      </object_component>
      <object_component id="oc-17f">
         <name>.text</name>
         <load_address>0x240c</load_address>
         <run_address>0x240c</run_address>
         <size>0xfc</size>
         <input_file_ref idref="fl-d7"/>
      </object_component>
      <object_component id="oc-a2">
         <name>.text</name>
         <load_address>0x2508</load_address>
         <run_address>0x2508</run_address>
         <size>0xc4</size>
         <input_file_ref idref="fl-3"/>
      </object_component>
      <object_component id="oc-23a">
         <name>.text:_ltostr</name>
         <load_address>0x25cc</load_address>
         <run_address>0x25cc</run_address>
         <size>0xb1</size>
         <input_file_ref idref="fl-cc"/>
      </object_component>
      <object_component id="oc-3e">
         <name>.text</name>
         <load_address>0x267e</load_address>
         <run_address>0x267e</run_address>
         <size>0x9c</size>
         <input_file_ref idref="fl-dc"/>
      </object_component>
      <object_component id="oc-2b8">
         <name>.text</name>
         <load_address>0x271a</load_address>
         <run_address>0x271a</run_address>
         <size>0x96</size>
         <input_file_ref idref="fl-dd"/>
      </object_component>
      <object_component id="oc-240">
         <name>.text:__aeabi_cdcmple</name>
         <load_address>0x27b0</load_address>
         <run_address>0x27b0</run_address>
         <size>0x86</size>
         <input_file_ref idref="fl-d5"/>
      </object_component>
      <object_component id="oc-2bf">
         <name>.text:__aeabi_cdrcmple</name>
         <load_address>0x2836</load_address>
         <run_address>0x2836</run_address>
         <size>0x86</size>
         <input_file_ref idref="fl-d5"/>
      </object_component>
      <object_component id="oc-96">
         <name>.text</name>
         <load_address>0x28bc</load_address>
         <run_address>0x28bc</run_address>
         <size>0x7a</size>
         <input_file_ref idref="fl-d3"/>
      </object_component>
      <object_component id="oc-2df">
         <name>.text:_mcpy</name>
         <load_address>0x2936</load_address>
         <run_address>0x2936</run_address>
         <size>0x6e</size>
         <input_file_ref idref="fl-cc"/>
      </object_component>
      <object_component id="oc-189">
         <name>.text</name>
         <load_address>0x29a4</load_address>
         <run_address>0x29a4</run_address>
         <size>0x6e</size>
         <input_file_ref idref="fl-d9"/>
      </object_component>
      <object_component id="oc-15">
         <name>.text:decompress:lzss:__TI_decompress_lzss</name>
         <load_address>0x2a12</load_address>
         <run_address>0x2a12</run_address>
         <size>0x68</size>
         <input_file_ref idref="fl-e0"/>
      </object_component>
      <object_component id="oc-2f4">
         <name>.text:frexp</name>
         <load_address>0x2a7c</load_address>
         <run_address>0x2a7c</run_address>
         <size>0x64</size>
         <input_file_ref idref="fl-f2"/>
      </object_component>
      <object_component id="oc-24b">
         <name>.text:_pconv_f</name>
         <load_address>0x2ae0</load_address>
         <run_address>0x2ae0</run_address>
         <size>0x56</size>
         <input_file_ref idref="fl-cc"/>
      </object_component>
      <object_component id="oc-2c9">
         <name>.text:__TI_ltoa</name>
         <load_address>0x2b36</load_address>
         <run_address>0x2b36</run_address>
         <size>0x54</size>
         <input_file_ref idref="fl-e3"/>
      </object_component>
      <object_component id="oc-2d9">
         <name>.text:_ecpy</name>
         <load_address>0x2b8a</load_address>
         <run_address>0x2b8a</run_address>
         <size>0x52</size>
         <input_file_ref idref="fl-cc"/>
      </object_component>
      <object_component id="oc-234">
         <name>.text:atoi</name>
         <load_address>0x2bdc</load_address>
         <run_address>0x2bdc</run_address>
         <size>0x4c</size>
         <input_file_ref idref="fl-e4"/>
      </object_component>
      <object_component id="oc-2c4">
         <name>.text</name>
         <load_address>0x2c28</load_address>
         <run_address>0x2c28</run_address>
         <size>0x48</size>
         <input_file_ref idref="fl-d8"/>
      </object_component>
      <object_component id="oc-110">
         <name>.text:__TI_auto_init_nobinit_nopinit:__TI_auto_init_nobinit_nopinit</name>
         <load_address>0x2c70</load_address>
         <run_address>0x2c70</run_address>
         <size>0x44</size>
         <input_file_ref idref="fl-f9"/>
      </object_component>
      <object_component id="oc-f4">
         <name>.text:sprintf</name>
         <load_address>0x2cb4</load_address>
         <run_address>0x2cb4</run_address>
         <size>0x40</size>
         <input_file_ref idref="fl-cd"/>
      </object_component>
      <object_component id="oc-156">
         <name>.text:vsnprintf</name>
         <load_address>0x2cf4</load_address>
         <run_address>0x2cf4</run_address>
         <size>0x40</size>
         <input_file_ref idref="fl-ce"/>
      </object_component>
      <object_component id="oc-2ec">
         <name>.text:_fcpy</name>
         <load_address>0x2d34</load_address>
         <run_address>0x2d34</run_address>
         <size>0x3e</size>
         <input_file_ref idref="fl-cc"/>
      </object_component>
      <object_component id="oc-ef">
         <name>.text</name>
         <load_address>0x2d72</load_address>
         <run_address>0x2d72</run_address>
         <size>0x38</size>
         <input_file_ref idref="fl-da"/>
      </object_component>
      <object_component id="oc-144">
         <name>.text:IntRegister</name>
         <load_address>0x2dac</load_address>
         <run_address>0x2dac</run_address>
         <size>0x34</size>
         <input_file_ref idref="fl-10e"/>
      </object_component>
      <object_component id="oc-5c">
         <name>.text:_c_int00_noargs:_c_int00_noargs</name>
         <load_address>0x2de0</load_address>
         <run_address>0x2de0</run_address>
         <size>0x34</size>
         <input_file_ref idref="fl-f1"/>
      </object_component>
      <object_component id="oc-1ec">
         <name>.text:_outs</name>
         <load_address>0x2e14</load_address>
         <run_address>0x2e14</run_address>
         <size>0x30</size>
         <input_file_ref idref="fl-ce"/>
      </object_component>
      <object_component id="oc-2cf">
         <name>.text</name>
         <load_address>0x2e44</load_address>
         <run_address>0x2e44</run_address>
         <size>0x2e</size>
         <input_file_ref idref="fl-db"/>
      </object_component>
      <object_component id="oc-4a">
         <name>.text:decompress:ZI:__TI_zero_init_nomemset:__TI_zero_init_nomemset</name>
         <load_address>0x2e72</load_address>
         <run_address>0x2e72</run_address>
         <size>0x1c</size>
         <input_file_ref idref="fl-de"/>
      </object_component>
      <object_component id="oc-25d">
         <name>.text:memccpy</name>
         <load_address>0x2e8e</load_address>
         <run_address>0x2e8e</run_address>
         <size>0x1c</size>
         <input_file_ref idref="fl-e7"/>
      </object_component>
      <object_component id="oc-34e">
         <name>.text:copysign</name>
         <load_address>0x2eaa</load_address>
         <run_address>0x2eaa</run_address>
         <size>0x1a</size>
         <input_file_ref idref="fl-107"/>
      </object_component>
      <object_component id="oc-1f2">
         <name>.text:_outc</name>
         <load_address>0x2ec4</load_address>
         <run_address>0x2ec4</run_address>
         <size>0x18</size>
         <input_file_ref idref="fl-ce"/>
      </object_component>
      <object_component id="oc-1ae">
         <name>.text:_outs</name>
         <load_address>0x2edc</load_address>
         <run_address>0x2edc</run_address>
         <size>0x18</size>
         <input_file_ref idref="fl-cd"/>
      </object_component>
      <object_component id="oc-15c">
         <name>.text:strcmp</name>
         <load_address>0x2ef4</load_address>
         <run_address>0x2ef4</run_address>
         <size>0x18</size>
         <input_file_ref idref="fl-eb"/>
      </object_component>
      <object_component id="oc-300">
         <name>.text:strchr</name>
         <load_address>0x2f0c</load_address>
         <run_address>0x2f0c</run_address>
         <size>0x16</size>
         <input_file_ref idref="fl-ea"/>
      </object_component>
      <object_component id="oc-162">
         <name>.text:strcpy</name>
         <load_address>0x2f22</load_address>
         <run_address>0x2f22</run_address>
         <size>0x14</size>
         <input_file_ref idref="fl-ec"/>
      </object_component>
      <object_component id="oc-22e">
         <name>.text:strlen</name>
         <load_address>0x2f36</load_address>
         <run_address>0x2f36</run_address>
         <size>0x14</size>
         <input_file_ref idref="fl-ed"/>
      </object_component>
      <object_component id="oc-263">
         <name>.text:wcslen</name>
         <load_address>0x2f4a</load_address>
         <run_address>0x2f4a</run_address>
         <size>0x12</size>
         <input_file_ref idref="fl-f4"/>
      </object_component>
      <object_component id="oc-172">
         <name>.text:IntMasterEnable</name>
         <load_address>0x2f5c</load_address>
         <run_address>0x2f5c</run_address>
         <size>0x10</size>
         <input_file_ref idref="fl-10e"/>
      </object_component>
      <object_component id="oc-14f">
         <name>.text:lcd_clear</name>
         <load_address>0x2f6c</load_address>
         <run_address>0x2f6c</run_address>
         <size>0x10</size>
         <input_file_ref idref="fl-4"/>
      </object_component>
      <object_component id="oc-1b">
         <name>.text:decompress:none:__TI_decompress_none</name>
         <load_address>0x2f7c</load_address>
         <run_address>0x2f7c</run_address>
         <size>0xe</size>
         <input_file_ref idref="fl-df"/>
      </object_component>
      <object_component id="oc-20f">
         <name>.text:CPUcpsie</name>
         <load_address>0x2f8a</load_address>
         <run_address>0x2f8a</run_address>
         <size>0xc</size>
         <input_file_ref idref="fl-10f"/>
      </object_component>
      <object_component id="oc-2a">
         <name>.text</name>
         <load_address>0x2f96</load_address>
         <run_address>0x2f96</run_address>
         <size>0xc</size>
         <input_file_ref idref="fl-8"/>
      </object_component>
      <object_component id="oc-1b4">
         <name>.text:_outc</name>
         <load_address>0x2fa2</load_address>
         <run_address>0x2fa2</run_address>
         <size>0xa</size>
         <input_file_ref idref="fl-cd"/>
      </object_component>
      <object_component id="oc-269">
         <name>.text:__aeabi_errno_addr</name>
         <load_address>0x2fac</load_address>
         <run_address>0x2fac</run_address>
         <size>0x8</size>
         <input_file_ref idref="fl-f0"/>
      </object_component>
      <object_component id="oc-9c">
         <name>.text:_system_pre_init</name>
         <load_address>0x2fb4</load_address>
         <run_address>0x2fb4</run_address>
         <size>0x4</size>
         <input_file_ref idref="fl-fa"/>
      </object_component>
      <object_component id="oc-104">
         <name>.text:abort:abort</name>
         <load_address>0x2fb8</load_address>
         <run_address>0x2fb8</run_address>
         <size>0x4</size>
         <input_file_ref idref="fl-e1"/>
      </object_component>
      <object_component id="oc-2b3">
         <name>.const:.string:_ctypes_</name>
         <load_address>0x2fbc</load_address>
         <run_address>0x2fbc</run_address>
         <size>0x101</size>
         <input_file_ref idref="fl-e5"/>
      </object_component>
      <object_component id="oc-168">
         <name>.const:.string:lineAddress$1</name>
         <load_address>0x30bd</load_address>
         <run_address>0x30bd</run_address>
         <size>0x4</size>
         <input_file_ref idref="fl-4"/>
      </object_component>
      <object_component id="oc-169">
         <name>.const:.string:lineAddresses$2</name>
         <load_address>0x30c1</load_address>
         <run_address>0x30c1</run_address>
         <size>0x4</size>
         <input_file_ref idref="fl-4"/>
      </object_component>
      <object_component id="oc-3a4">
         <name>__TI_handler_table</name>
         <load_address>0x30c8</load_address>
         <run_address>0x30c8</run_address>
         <size>0xc</size>
      </object_component>
      <object_component id="oc-3a7">
         <name>.cinit..data.load</name>
         <load_address>0x30d4</load_address>
         <run_address>0x30d4</run_address>
         <size>0xb</size>
      </object_component>
      <object_component id="oc-3a8">
         <name>.cinit..bss.load</name>
         <load_address>0x30e0</load_address>
         <run_address>0x30e0</run_address>
         <size>0x8</size>
      </object_component>
      <object_component id="oc-3a6">
         <name>.cinit..vtable.load</name>
         <load_address>0x30e8</load_address>
         <run_address>0x30e8</run_address>
         <size>0x8</size>
      </object_component>
      <object_component id="oc-3a5">
         <name>__TI_cinit_table</name>
         <load_address>0x30f0</load_address>
         <run_address>0x30f0</run_address>
         <size>0x18</size>
      </object_component>
      <object_component id="oc-1e0">
         <name>.vtable</name>
         <uninitialized>true</uninitialized>
         <run_address>0x20000000</run_address>
         <size>0x26c</size>
         <input_file_ref idref="fl-10e"/>
      </object_component>
      <object_component id="oc-14a">
         <name>.data</name>
         <load_address>0x200022e8</load_address>
         <run_address>0x200022e8</run_address>
         <size>0x1</size>
         <input_file_ref idref="fl-2"/>
      </object_component>
      <object_component id="oc-fa">
         <name>.data</name>
         <load_address>0x200022dc</load_address>
         <run_address>0x200022dc</run_address>
         <size>0x8</size>
         <input_file_ref idref="fl-9"/>
      </object_component>
      <object_component id="oc-310">
         <name>.data</name>
         <load_address>0x200022e4</load_address>
         <run_address>0x200022e4</run_address>
         <size>0x4</size>
         <input_file_ref idref="fl-f0"/>
      </object_component>
      <object_component id="oc-16a">
         <name>.bss:lastbuffer$3</name>
         <uninitialized>true</uninitialized>
         <run_address>0x20002270</run_address>
         <size>0x54</size>
         <input_file_ref idref="fl-4"/>
      </object_component>
      <object_component id="oc-14d">
         <name>.common:_timeout_ticks</name>
         <uninitialized>true</uninitialized>
         <run_address>0x200022c4</run_address>
         <size>0x4</size>
      </object_component>
      <object_component id="oc-223">
         <name>.common:isr_int_value</name>
         <uninitialized>true</uninitialized>
         <run_address>0x200022cc</run_address>
         <size>0x4</size>
      </object_component>
      <object_component id="oc-21f">
         <name>.common:risingEdge</name>
         <uninitialized>true</uninitialized>
         <run_address>0x200022d4</run_address>
         <size>0x4</size>
      </object_component>
      <object_component id="oc-220">
         <name>.common:fallingEdge</name>
         <uninitialized>true</uninitialized>
         <run_address>0x200022c8</run_address>
         <size>0x4</size>
      </object_component>
      <object_component id="oc-221">
         <name>.common:pulseLength</name>
         <uninitialized>true</uninitialized>
         <run_address>0x200022d0</run_address>
         <size>0x4</size>
      </object_component>
      <object_component id="oc-21c">
         <name>.common:isRisingEdge</name>
         <uninitialized>true</uninitialized>
         <run_address>0x200022d8</run_address>
         <size>0x1</size>
      </object_component>
      <object_component id="oc-24">
         <name>.sysmem</name>
         <uninitialized>true</uninitialized>
         <run_address>0x20001270</run_address>
         <size>0x10</size>
         <input_file_ref idref="fl-e9"/>
      </object_component>
      <object_component id="oc-3ab">
         <name>.sysmem</name>
         <uninitialized>true</uninitialized>
         <run_address>0x20001270</run_address>
         <size>0x0</size>
      </object_component>
      <object_component id="oc-27">
         <name>.stack</name>
         <uninitialized>true</uninitialized>
         <run_address>0x20000270</run_address>
         <size>0x4</size>
         <input_file_ref idref="fl-f1"/>
      </object_component>
      <object_component id="oc-3aa">
         <name>.stack</name>
         <uninitialized>true</uninitialized>
         <run_address>0x20000270</run_address>
         <size>0x0</size>
      </object_component>
      <object_component id="oc-c5">
         <name>.debug_info</name>
         <load_address>0x0</load_address>
         <run_address>0x0</run_address>
         <size>0x2b9</size>
         <input_file_ref idref="fl-2"/>
      </object_component>
      <object_component id="oc-14b">
         <name>.debug_info</name>
         <load_address>0x2b9</load_address>
         <run_address>0x2b9</run_address>
         <size>0xc7</size>
         <input_file_ref idref="fl-2"/>
      </object_component>
      <object_component id="oc-d8">
         <name>.debug_info</name>
         <load_address>0x380</load_address>
         <run_address>0x380</run_address>
         <size>0x50f</size>
         <input_file_ref idref="fl-2"/>
      </object_component>
      <object_component id="oc-77">
         <name>.debug_info</name>
         <load_address>0x88f</load_address>
         <run_address>0x88f</run_address>
         <size>0x26b</size>
         <input_file_ref idref="fl-2"/>
      </object_component>
      <object_component id="oc-39">
         <name>.debug_info</name>
         <load_address>0xafa</load_address>
         <run_address>0xafa</run_address>
         <size>0x84</size>
         <input_file_ref idref="fl-2"/>
      </object_component>
      <object_component id="oc-c0">
         <name>.debug_info</name>
         <load_address>0xb7e</load_address>
         <run_address>0xb7e</run_address>
         <size>0x2a4</size>
         <input_file_ref idref="fl-2"/>
      </object_component>
      <object_component id="oc-7c">
         <name>.debug_info</name>
         <load_address>0xe22</load_address>
         <run_address>0xe22</run_address>
         <size>0xbb</size>
         <input_file_ref idref="fl-2"/>
      </object_component>
      <object_component id="oc-103">
         <name>.debug_info</name>
         <load_address>0xedd</load_address>
         <run_address>0xedd</run_address>
         <size>0x3f5</size>
         <input_file_ref idref="fl-3"/>
      </object_component>
      <object_component id="oc-a4">
         <name>.debug_info</name>
         <load_address>0x12d2</load_address>
         <run_address>0x12d2</run_address>
         <size>0x278</size>
         <input_file_ref idref="fl-3"/>
      </object_component>
      <object_component id="oc-fe">
         <name>.debug_info</name>
         <load_address>0x154a</load_address>
         <run_address>0x154a</run_address>
         <size>0x5e</size>
         <input_file_ref idref="fl-3"/>
      </object_component>
      <object_component id="oc-20a">
         <name>.debug_info</name>
         <load_address>0x15a8</load_address>
         <run_address>0x15a8</run_address>
         <size>0xcc</size>
         <input_file_ref idref="fl-3"/>
      </object_component>
      <object_component id="oc-16d">
         <name>.debug_info</name>
         <load_address>0x1674</load_address>
         <run_address>0x1674</run_address>
         <size>0x2c</size>
         <input_file_ref idref="fl-3"/>
      </object_component>
      <object_component id="oc-16c">
         <name>.debug_info</name>
         <load_address>0x16a0</load_address>
         <run_address>0x16a0</run_address>
         <size>0x381</size>
         <input_file_ref idref="fl-4"/>
      </object_component>
      <object_component id="oc-151">
         <name>.debug_info</name>
         <load_address>0x1a21</load_address>
         <run_address>0x1a21</run_address>
         <size>0x11c</size>
         <input_file_ref idref="fl-4"/>
      </object_component>
      <object_component id="oc-df">
         <name>.debug_info</name>
         <load_address>0x1b3d</load_address>
         <run_address>0x1b3d</run_address>
         <size>0x8a8</size>
         <input_file_ref idref="fl-4"/>
      </object_component>
      <object_component id="oc-179">
         <name>.debug_info</name>
         <load_address>0x23e5</load_address>
         <run_address>0x23e5</run_address>
         <size>0x8b</size>
         <input_file_ref idref="fl-6"/>
      </object_component>
      <object_component id="oc-32">
         <name>.debug_info</name>
         <load_address>0x2470</load_address>
         <run_address>0x2470</run_address>
         <size>0x2a3</size>
         <input_file_ref idref="fl-8"/>
      </object_component>
      <object_component id="oc-13">
         <name>.debug_info</name>
         <load_address>0x2713</load_address>
         <run_address>0x2713</run_address>
         <size>0xe2</size>
         <input_file_ref idref="fl-8"/>
      </object_component>
      <object_component id="oc-2c">
         <name>.debug_info</name>
         <load_address>0x27f5</load_address>
         <run_address>0x27f5</run_address>
         <size>0x25e</size>
         <input_file_ref idref="fl-8"/>
      </object_component>
      <object_component id="oc-17e">
         <name>.debug_info</name>
         <load_address>0x2a53</load_address>
         <run_address>0x2a53</run_address>
         <size>0x2cf</size>
         <input_file_ref idref="fl-9"/>
      </object_component>
      <object_component id="oc-fb">
         <name>.debug_info</name>
         <load_address>0x2d22</load_address>
         <run_address>0x2d22</run_address>
         <size>0x101</size>
         <input_file_ref idref="fl-9"/>
      </object_component>
      <object_component id="oc-e4">
         <name>.debug_info</name>
         <load_address>0x2e23</load_address>
         <run_address>0x2e23</run_address>
         <size>0x39a</size>
         <input_file_ref idref="fl-9"/>
      </object_component>
      <object_component id="oc-1a1">
         <name>.debug_info</name>
         <load_address>0x31bd</load_address>
         <run_address>0x31bd</run_address>
         <size>0x386</size>
         <input_file_ref idref="fl-12"/>
      </object_component>
      <object_component id="oc-ec">
         <name>.debug_info</name>
         <load_address>0x3543</load_address>
         <run_address>0x3543</run_address>
         <size>0x4a3</size>
         <input_file_ref idref="fl-12"/>
      </object_component>
      <object_component id="oc-229">
         <name>.debug_info</name>
         <load_address>0x39e6</load_address>
         <run_address>0x39e6</run_address>
         <size>0x72</size>
         <input_file_ref idref="fl-12"/>
      </object_component>
      <object_component id="oc-1a2">
         <name>.debug_info</name>
         <load_address>0x3a58</load_address>
         <run_address>0x3a58</run_address>
         <size>0x5e</size>
         <input_file_ref idref="fl-12"/>
      </object_component>
      <object_component id="oc-224">
         <name>.debug_info</name>
         <load_address>0x3ab6</load_address>
         <run_address>0x3ab6</run_address>
         <size>0x289</size>
         <input_file_ref idref="fl-13"/>
      </object_component>
      <object_component id="oc-19e">
         <name>.debug_info</name>
         <load_address>0x3d3f</load_address>
         <run_address>0x3d3f</run_address>
         <size>0x238</size>
         <input_file_ref idref="fl-13"/>
      </object_component>
      <object_component id="oc-21d">
         <name>.debug_info</name>
         <load_address>0x3f77</load_address>
         <run_address>0x3f77</run_address>
         <size>0x38c</size>
         <input_file_ref idref="fl-14"/>
      </object_component>
      <object_component id="oc-198">
         <name>.debug_info</name>
         <load_address>0x4303</load_address>
         <run_address>0x4303</run_address>
         <size>0x242</size>
         <input_file_ref idref="fl-14"/>
      </object_component>
      <object_component id="oc-190">
         <name>.debug_info</name>
         <load_address>0x4545</load_address>
         <run_address>0x4545</run_address>
         <size>0x268</size>
         <input_file_ref idref="fl-15"/>
      </object_component>
      <object_component id="oc-270">
         <name>.debug_info</name>
         <load_address>0x47ad</load_address>
         <run_address>0x47ad</run_address>
         <size>0x590</size>
         <input_file_ref idref="fl-cc"/>
      </object_component>
      <object_component id="oc-23b">
         <name>.debug_info</name>
         <load_address>0x4d3d</load_address>
         <run_address>0x4d3d</run_address>
         <size>0x21e</size>
         <input_file_ref idref="fl-cc"/>
      </object_component>
      <object_component id="oc-2da">
         <name>.debug_info</name>
         <load_address>0x4f5b</load_address>
         <run_address>0x4f5b</run_address>
         <size>0x1b3</size>
         <input_file_ref idref="fl-cc"/>
      </object_component>
      <object_component id="oc-2e0">
         <name>.debug_info</name>
         <load_address>0x510e</load_address>
         <run_address>0x510e</run_address>
         <size>0x21b</size>
         <input_file_ref idref="fl-cc"/>
      </object_component>
      <object_component id="oc-246">
         <name>.debug_info</name>
         <load_address>0x5329</load_address>
         <run_address>0x5329</run_address>
         <size>0x3c0</size>
         <input_file_ref idref="fl-cc"/>
      </object_component>
      <object_component id="oc-2e7">
         <name>.debug_info</name>
         <load_address>0x56e9</load_address>
         <run_address>0x56e9</run_address>
         <size>0x30a</size>
         <input_file_ref idref="fl-cc"/>
      </object_component>
      <object_component id="oc-2ed">
         <name>.debug_info</name>
         <load_address>0x59f3</load_address>
         <run_address>0x59f3</run_address>
         <size>0x215</size>
         <input_file_ref idref="fl-cc"/>
      </object_component>
      <object_component id="oc-24c">
         <name>.debug_info</name>
         <load_address>0x5c08</load_address>
         <run_address>0x5c08</run_address>
         <size>0x215</size>
         <input_file_ref idref="fl-cc"/>
      </object_component>
      <object_component id="oc-252">
         <name>.debug_info</name>
         <load_address>0x5e1d</load_address>
         <run_address>0x5e1d</run_address>
         <size>0x304</size>
         <input_file_ref idref="fl-cc"/>
      </object_component>
      <object_component id="oc-258">
         <name>.debug_info</name>
         <load_address>0x6121</load_address>
         <run_address>0x6121</run_address>
         <size>0x4b5</size>
         <input_file_ref idref="fl-cc"/>
      </object_component>
      <object_component id="oc-1a9">
         <name>.debug_info</name>
         <load_address>0x65d6</load_address>
         <run_address>0x65d6</run_address>
         <size>0x5f4</size>
         <input_file_ref idref="fl-cc"/>
      </object_component>
      <object_component id="oc-271">
         <name>.debug_info</name>
         <load_address>0x6bca</load_address>
         <run_address>0x6bca</run_address>
         <size>0x86</size>
         <input_file_ref idref="fl-cc"/>
      </object_component>
      <object_component id="oc-317">
         <name>.debug_info</name>
         <load_address>0x6c50</load_address>
         <run_address>0x6c50</run_address>
         <size>0x39</size>
         <input_file_ref idref="fl-cc"/>
      </object_component>
      <object_component id="oc-365">
         <name>.debug_info</name>
         <load_address>0x6c89</load_address>
         <run_address>0x6c89</run_address>
         <size>0xb6</size>
         <input_file_ref idref="fl-cc"/>
      </object_component>
      <object_component id="oc-31c">
         <name>.debug_info</name>
         <load_address>0x6d3f</load_address>
         <run_address>0x6d3f</run_address>
         <size>0x46</size>
         <input_file_ref idref="fl-cc"/>
      </object_component>
      <object_component id="oc-276">
         <name>.debug_info</name>
         <load_address>0x6d85</load_address>
         <run_address>0x6d85</run_address>
         <size>0x46</size>
         <input_file_ref idref="fl-cc"/>
      </object_component>
      <object_component id="oc-1fa">
         <name>.debug_info</name>
         <load_address>0x6dcb</load_address>
         <run_address>0x6dcb</run_address>
         <size>0x2c</size>
         <input_file_ref idref="fl-cc"/>
      </object_component>
      <object_component id="oc-1bb">
         <name>.debug_info</name>
         <load_address>0x6df7</load_address>
         <run_address>0x6df7</run_address>
         <size>0x333</size>
         <input_file_ref idref="fl-cd"/>
      </object_component>
      <object_component id="oc-f5">
         <name>.debug_info</name>
         <load_address>0x712a</load_address>
         <run_address>0x712a</run_address>
         <size>0x1d1</size>
         <input_file_ref idref="fl-cd"/>
      </object_component>
      <object_component id="oc-1af">
         <name>.debug_info</name>
         <load_address>0x72fb</load_address>
         <run_address>0x72fb</run_address>
         <size>0x18d</size>
         <input_file_ref idref="fl-cd"/>
      </object_component>
      <object_component id="oc-1b6">
         <name>.debug_info</name>
         <load_address>0x7488</load_address>
         <run_address>0x7488</run_address>
         <size>0x16d</size>
         <input_file_ref idref="fl-cd"/>
      </object_component>
      <object_component id="oc-1f9">
         <name>.debug_info</name>
         <load_address>0x75f5</load_address>
         <run_address>0x75f5</run_address>
         <size>0x340</size>
         <input_file_ref idref="fl-ce"/>
      </object_component>
      <object_component id="oc-159">
         <name>.debug_info</name>
         <load_address>0x7935</load_address>
         <run_address>0x7935</run_address>
         <size>0x208</size>
         <input_file_ref idref="fl-ce"/>
      </object_component>
      <object_component id="oc-1ef">
         <name>.debug_info</name>
         <load_address>0x7b3d</load_address>
         <run_address>0x7b3d</run_address>
         <size>0x1c6</size>
         <input_file_ref idref="fl-ce"/>
      </object_component>
      <object_component id="oc-1f5">
         <name>.debug_info</name>
         <load_address>0x7d03</load_address>
         <run_address>0x7d03</run_address>
         <size>0x179</size>
         <input_file_ref idref="fl-ce"/>
      </object_component>
      <object_component id="oc-1ff">
         <name>.debug_info</name>
         <load_address>0x7e7c</load_address>
         <run_address>0x7e7c</run_address>
         <size>0x69</size>
         <input_file_ref idref="fl-ce"/>
      </object_component>
      <object_component id="oc-ce">
         <name>.debug_info</name>
         <load_address>0x7ee5</load_address>
         <run_address>0x7ee5</run_address>
         <size>0x2c</size>
         <input_file_ref idref="fl-d0"/>
      </object_component>
      <object_component id="oc-98">
         <name>.debug_info</name>
         <load_address>0x7f11</load_address>
         <run_address>0x7f11</run_address>
         <size>0x147</size>
         <input_file_ref idref="fl-d3"/>
      </object_component>
      <object_component id="oc-2d7">
         <name>.debug_info</name>
         <load_address>0x8058</load_address>
         <run_address>0x8058</run_address>
         <size>0x14c</size>
         <input_file_ref idref="fl-d4"/>
      </object_component>
      <object_component id="oc-243">
         <name>.debug_info</name>
         <load_address>0x81a4</load_address>
         <run_address>0x81a4</run_address>
         <size>0x128</size>
         <input_file_ref idref="fl-d5"/>
      </object_component>
      <object_component id="oc-2c2">
         <name>.debug_info</name>
         <load_address>0x82cc</load_address>
         <run_address>0x82cc</run_address>
         <size>0x12a</size>
         <input_file_ref idref="fl-d5"/>
      </object_component>
      <object_component id="oc-185">
         <name>.debug_info</name>
         <load_address>0x83f6</load_address>
         <run_address>0x83f6</run_address>
         <size>0x13a</size>
         <input_file_ref idref="fl-d6"/>
      </object_component>
      <object_component id="oc-182">
         <name>.debug_info</name>
         <load_address>0x8530</load_address>
         <run_address>0x8530</run_address>
         <size>0x13a</size>
         <input_file_ref idref="fl-d7"/>
      </object_component>
      <object_component id="oc-2c7">
         <name>.debug_info</name>
         <load_address>0x866a</load_address>
         <run_address>0x866a</run_address>
         <size>0x12e</size>
         <input_file_ref idref="fl-d8"/>
      </object_component>
      <object_component id="oc-18c">
         <name>.debug_info</name>
         <load_address>0x8798</load_address>
         <run_address>0x8798</run_address>
         <size>0x13e</size>
         <input_file_ref idref="fl-d9"/>
      </object_component>
      <object_component id="oc-f1">
         <name>.debug_info</name>
         <load_address>0x88d6</load_address>
         <run_address>0x88d6</run_address>
         <size>0x12c</size>
         <input_file_ref idref="fl-da"/>
      </object_component>
      <object_component id="oc-2d0">
         <name>.debug_info</name>
         <load_address>0x8a02</load_address>
         <run_address>0x8a02</run_address>
         <size>0x12c</size>
         <input_file_ref idref="fl-db"/>
      </object_component>
      <object_component id="oc-41">
         <name>.debug_info</name>
         <load_address>0x8b2e</load_address>
         <run_address>0x8b2e</run_address>
         <size>0x119</size>
         <input_file_ref idref="fl-dc"/>
      </object_component>
      <object_component id="oc-2ba">
         <name>.debug_info</name>
         <load_address>0x8c47</load_address>
         <run_address>0x8c47</run_address>
         <size>0x134</size>
         <input_file_ref idref="fl-dd"/>
      </object_component>
      <object_component id="oc-95">
         <name>.debug_info</name>
         <load_address>0x8d7b</load_address>
         <run_address>0x8d7b</run_address>
         <size>0x2d4</size>
         <input_file_ref idref="fl-de"/>
      </object_component>
      <object_component id="oc-4b">
         <name>.debug_info</name>
         <load_address>0x904f</load_address>
         <run_address>0x904f</run_address>
         <size>0x1d2</size>
         <input_file_ref idref="fl-de"/>
      </object_component>
      <object_component id="oc-90">
         <name>.debug_info</name>
         <load_address>0x9221</load_address>
         <run_address>0x9221</run_address>
         <size>0x46</size>
         <input_file_ref idref="fl-de"/>
      </object_component>
      <object_component id="oc-49">
         <name>.debug_info</name>
         <load_address>0x9267</load_address>
         <run_address>0x9267</run_address>
         <size>0x2a8</size>
         <input_file_ref idref="fl-df"/>
      </object_component>
      <object_component id="oc-1c">
         <name>.debug_info</name>
         <load_address>0x950f</load_address>
         <run_address>0x950f</run_address>
         <size>0x1ea</size>
         <input_file_ref idref="fl-df"/>
      </object_component>
      <object_component id="oc-44">
         <name>.debug_info</name>
         <load_address>0x96f9</load_address>
         <run_address>0x96f9</run_address>
         <size>0x46</size>
         <input_file_ref idref="fl-df"/>
      </object_component>
      <object_component id="oc-88">
         <name>.debug_info</name>
         <load_address>0x973f</load_address>
         <run_address>0x973f</run_address>
         <size>0x2c</size>
         <input_file_ref idref="fl-df"/>
      </object_component>
      <object_component id="oc-86">
         <name>.debug_info</name>
         <load_address>0x976b</load_address>
         <run_address>0x976b</run_address>
         <size>0x29e</size>
         <input_file_ref idref="fl-e0"/>
      </object_component>
      <object_component id="oc-17">
         <name>.debug_info</name>
         <load_address>0x9a09</load_address>
         <run_address>0x9a09</run_address>
         <size>0x250</size>
         <input_file_ref idref="fl-e0"/>
      </object_component>
      <object_component id="oc-34">
         <name>.debug_info</name>
         <load_address>0x9c59</load_address>
         <run_address>0x9c59</run_address>
         <size>0x60</size>
         <input_file_ref idref="fl-e0"/>
      </object_component>
      <object_component id="oc-c7">
         <name>.debug_info</name>
         <load_address>0x9cb9</load_address>
         <run_address>0x9cb9</run_address>
         <size>0x46</size>
         <input_file_ref idref="fl-e0"/>
      </object_component>
      <object_component id="oc-81">
         <name>.debug_info</name>
         <load_address>0x9cff</load_address>
         <run_address>0x9cff</run_address>
         <size>0x39</size>
         <input_file_ref idref="fl-e0"/>
      </object_component>
      <object_component id="oc-105">
         <name>.debug_info</name>
         <load_address>0x9d38</load_address>
         <run_address>0x9d38</run_address>
         <size>0x122</size>
         <input_file_ref idref="fl-e1"/>
      </object_component>
      <object_component id="oc-340">
         <name>.debug_info</name>
         <load_address>0x9e5a</load_address>
         <run_address>0x9e5a</run_address>
         <size>0x29c</size>
         <input_file_ref idref="fl-e3"/>
      </object_component>
      <object_component id="oc-2cb">
         <name>.debug_info</name>
         <load_address>0xa0f6</load_address>
         <run_address>0xa0f6</run_address>
         <size>0x1da</size>
         <input_file_ref idref="fl-e3"/>
      </object_component>
      <object_component id="oc-2b7">
         <name>.debug_info</name>
         <load_address>0xa2d0</load_address>
         <run_address>0xa2d0</run_address>
         <size>0x2b9</size>
         <input_file_ref idref="fl-e4"/>
      </object_component>
      <object_component id="oc-236">
         <name>.debug_info</name>
         <load_address>0xa589</load_address>
         <run_address>0xa589</run_address>
         <size>0x17c</size>
         <input_file_ref idref="fl-e4"/>
      </object_component>
      <object_component id="oc-334">
         <name>.debug_info</name>
         <load_address>0xa705</load_address>
         <run_address>0xa705</run_address>
         <size>0xf9</size>
         <input_file_ref idref="fl-e5"/>
      </object_component>
      <object_component id="oc-2b4">
         <name>.debug_info</name>
         <load_address>0xa7fe</load_address>
         <run_address>0xa7fe</run_address>
         <size>0x105</size>
         <input_file_ref idref="fl-e5"/>
      </object_component>
      <object_component id="oc-308">
         <name>.debug_info</name>
         <load_address>0xa903</load_address>
         <run_address>0xa903</run_address>
         <size>0x2a7</size>
         <input_file_ref idref="fl-e7"/>
      </object_component>
      <object_component id="oc-261">
         <name>.debug_info</name>
         <load_address>0xabaa</load_address>
         <run_address>0xabaa</run_address>
         <size>0x1b8</size>
         <input_file_ref idref="fl-e7"/>
      </object_component>
      <object_component id="oc-70">
         <name>.debug_info</name>
         <load_address>0xad62</load_address>
         <run_address>0xad62</run_address>
         <size>0x3b2</size>
         <input_file_ref idref="fl-e9"/>
      </object_component>
      <object_component id="oc-25">
         <name>.debug_info</name>
         <load_address>0xb114</load_address>
         <run_address>0xb114</run_address>
         <size>0x10c</size>
         <input_file_ref idref="fl-e9"/>
      </object_component>
      <object_component id="oc-bb">
         <name>.debug_info</name>
         <load_address>0xb220</load_address>
         <run_address>0xb220</run_address>
         <size>0xb2</size>
         <input_file_ref idref="fl-e9"/>
      </object_component>
      <object_component id="oc-b6">
         <name>.debug_info</name>
         <load_address>0xb2d2</load_address>
         <run_address>0xb2d2</run_address>
         <size>0x2c</size>
         <input_file_ref idref="fl-e9"/>
      </object_component>
      <object_component id="oc-357">
         <name>.debug_info</name>
         <load_address>0xb2fe</load_address>
         <run_address>0xb2fe</run_address>
         <size>0x29a</size>
         <input_file_ref idref="fl-ea"/>
      </object_component>
      <object_component id="oc-301">
         <name>.debug_info</name>
         <load_address>0xb598</load_address>
         <run_address>0xb598</run_address>
         <size>0x262</size>
         <input_file_ref idref="fl-ea"/>
      </object_component>
      <object_component id="oc-205">
         <name>.debug_info</name>
         <load_address>0xb7fa</load_address>
         <run_address>0xb7fa</run_address>
         <size>0x28a</size>
         <input_file_ref idref="fl-eb"/>
      </object_component>
      <object_component id="oc-15f">
         <name>.debug_info</name>
         <load_address>0xba84</load_address>
         <run_address>0xba84</run_address>
         <size>0x273</size>
         <input_file_ref idref="fl-eb"/>
      </object_component>
      <object_component id="oc-207">
         <name>.debug_info</name>
         <load_address>0xbcf7</load_address>
         <run_address>0xbcf7</run_address>
         <size>0x2a4</size>
         <input_file_ref idref="fl-ec"/>
      </object_component>
      <object_component id="oc-164">
         <name>.debug_info</name>
         <load_address>0xbf9b</load_address>
         <run_address>0xbf9b</run_address>
         <size>0x24d</size>
         <input_file_ref idref="fl-ec"/>
      </object_component>
      <object_component id="oc-2b2">
         <name>.debug_info</name>
         <load_address>0xc1e8</load_address>
         <run_address>0xc1e8</run_address>
         <size>0x28f</size>
         <input_file_ref idref="fl-ed"/>
      </object_component>
      <object_component id="oc-231">
         <name>.debug_info</name>
         <load_address>0xc477</load_address>
         <run_address>0xc477</run_address>
         <size>0x245</size>
         <input_file_ref idref="fl-ed"/>
      </object_component>
      <object_component id="oc-314">
         <name>.debug_info</name>
         <load_address>0xc6bc</load_address>
         <run_address>0xc6bc</run_address>
         <size>0x289</size>
         <input_file_ref idref="fl-f0"/>
      </object_component>
      <object_component id="oc-311">
         <name>.debug_info</name>
         <load_address>0xc945</load_address>
         <run_address>0xc945</run_address>
         <size>0x10e</size>
         <input_file_ref idref="fl-f0"/>
      </object_component>
      <object_component id="oc-26d">
         <name>.debug_info</name>
         <load_address>0xca53</load_address>
         <run_address>0xca53</run_address>
         <size>0x14e</size>
         <input_file_ref idref="fl-f0"/>
      </object_component>
      <object_component id="oc-28">
         <name>.debug_info</name>
         <load_address>0xcba1</load_address>
         <run_address>0xcba1</run_address>
         <size>0x10b</size>
         <input_file_ref idref="fl-f1"/>
      </object_component>
      <object_component id="oc-60">
         <name>.debug_info</name>
         <load_address>0xccac</load_address>
         <run_address>0xccac</run_address>
         <size>0x1a9</size>
         <input_file_ref idref="fl-f1"/>
      </object_component>
      <object_component id="oc-348">
         <name>.debug_info</name>
         <load_address>0xce55</load_address>
         <run_address>0xce55</run_address>
         <size>0x29a</size>
         <input_file_ref idref="fl-f2"/>
      </object_component>
      <object_component id="oc-2f7">
         <name>.debug_info</name>
         <load_address>0xd0ef</load_address>
         <run_address>0xd0ef</run_address>
         <size>0x195</size>
         <input_file_ref idref="fl-f2"/>
      </object_component>
      <object_component id="oc-371">
         <name>.debug_info</name>
         <load_address>0xd284</load_address>
         <run_address>0xd284</run_address>
         <size>0x39</size>
         <input_file_ref idref="fl-f2"/>
      </object_component>
      <object_component id="oc-349">
         <name>.debug_info</name>
         <load_address>0xd2bd</load_address>
         <run_address>0xd2bd</run_address>
         <size>0x2c</size>
         <input_file_ref idref="fl-f2"/>
      </object_component>
      <object_component id="oc-355">
         <name>.debug_info</name>
         <load_address>0xd2e9</load_address>
         <run_address>0xd2e9</run_address>
         <size>0x2fd</size>
         <input_file_ref idref="fl-f3"/>
      </object_component>
      <object_component id="oc-2fb">
         <name>.debug_info</name>
         <load_address>0xd5e6</load_address>
         <run_address>0xd5e6</run_address>
         <size>0x225</size>
         <input_file_ref idref="fl-f3"/>
      </object_component>
      <object_component id="oc-30f">
         <name>.debug_info</name>
         <load_address>0xd80b</load_address>
         <run_address>0xd80b</run_address>
         <size>0x28f</size>
         <input_file_ref idref="fl-f4"/>
      </object_component>
      <object_component id="oc-266">
         <name>.debug_info</name>
         <load_address>0xda9a</load_address>
         <run_address>0xda9a</run_address>
         <size>0x15a</size>
         <input_file_ref idref="fl-f4"/>
      </object_component>
      <object_component id="oc-35a">
         <name>.debug_info</name>
         <load_address>0xdbf4</load_address>
         <run_address>0xdbf4</run_address>
         <size>0x46</size>
         <input_file_ref idref="fl-f4"/>
      </object_component>
      <object_component id="oc-30a">
         <name>.debug_info</name>
         <load_address>0xdc3a</load_address>
         <run_address>0xdc3a</run_address>
         <size>0x39</size>
         <input_file_ref idref="fl-f4"/>
      </object_component>
      <object_component id="oc-338">
         <name>.debug_info</name>
         <load_address>0xdc73</load_address>
         <run_address>0xdc73</run_address>
         <size>0x115</size>
         <input_file_ref idref="fl-f8"/>
      </object_component>
      <object_component id="oc-1cb">
         <name>.debug_info</name>
         <load_address>0xdd88</load_address>
         <run_address>0xdd88</run_address>
         <size>0x4b3</size>
         <input_file_ref idref="fl-f9"/>
      </object_component>
      <object_component id="oc-111">
         <name>.debug_info</name>
         <load_address>0xe23b</load_address>
         <run_address>0xe23b</run_address>
         <size>0x1a6</size>
         <input_file_ref idref="fl-f9"/>
      </object_component>
      <object_component id="oc-28f">
         <name>.debug_info</name>
         <load_address>0xe3e1</load_address>
         <run_address>0xe3e1</run_address>
         <size>0x39</size>
         <input_file_ref idref="fl-f9"/>
      </object_component>
      <object_component id="oc-324">
         <name>.debug_info</name>
         <load_address>0xe41a</load_address>
         <run_address>0xe41a</run_address>
         <size>0x39</size>
         <input_file_ref idref="fl-f9"/>
      </object_component>
      <object_component id="oc-294">
         <name>.debug_info</name>
         <load_address>0xe453</load_address>
         <run_address>0xe453</run_address>
         <size>0x39</size>
         <input_file_ref idref="fl-f9"/>
      </object_component>
      <object_component id="oc-299">
         <name>.debug_info</name>
         <load_address>0xe48c</load_address>
         <run_address>0xe48c</run_address>
         <size>0xcd</size>
         <input_file_ref idref="fl-f9"/>
      </object_component>
      <object_component id="oc-a0">
         <name>.debug_info</name>
         <load_address>0xe559</load_address>
         <run_address>0xe559</run_address>
         <size>0x153</size>
         <input_file_ref idref="fl-fa"/>
      </object_component>
      <object_component id="oc-350">
         <name>.debug_info</name>
         <load_address>0xe6ac</load_address>
         <run_address>0xe6ac</run_address>
         <size>0x161</size>
         <input_file_ref idref="fl-107"/>
      </object_component>
      <object_component id="oc-1e9">
         <name>.debug_info</name>
         <load_address>0xe80d</load_address>
         <run_address>0xe80d</run_address>
         <size>0x20e</size>
         <input_file_ref idref="fl-10e"/>
      </object_component>
      <object_component id="oc-1e1">
         <name>.debug_info</name>
         <load_address>0xea1b</load_address>
         <run_address>0xea1b</run_address>
         <size>0x157</size>
         <input_file_ref idref="fl-10e"/>
      </object_component>
      <object_component id="oc-145">
         <name>.debug_info</name>
         <load_address>0xeb72</load_address>
         <run_address>0xeb72</run_address>
         <size>0x2c1</size>
         <input_file_ref idref="fl-10e"/>
      </object_component>
      <object_component id="oc-173">
         <name>.debug_info</name>
         <load_address>0xee33</load_address>
         <run_address>0xee33</run_address>
         <size>0x23e</size>
         <input_file_ref idref="fl-10e"/>
      </object_component>
      <object_component id="oc-1e4">
         <name>.debug_info</name>
         <load_address>0xf071</load_address>
         <run_address>0xf071</run_address>
         <size>0x18b</size>
         <input_file_ref idref="fl-10e"/>
      </object_component>
      <object_component id="oc-212">
         <name>.debug_info</name>
         <load_address>0xf1fc</load_address>
         <run_address>0xf1fc</run_address>
         <size>0x212</size>
         <input_file_ref idref="fl-10f"/>
      </object_component>
      <object_component id="oc-3ac">
         <name>.debug_info</name>
         <load_address>0xf40e</load_address>
         <run_address>0xf40e</run_address>
         <size>0x95</size>
      </object_component>
      <object_component id="oc-143">
         <name>.debug_line</name>
         <load_address>0x0</load_address>
         <run_address>0x0</run_address>
         <size>0x69</size>
         <input_file_ref idref="fl-2"/>
      </object_component>
      <object_component id="oc-1eb">
         <name>.debug_line</name>
         <load_address>0x69</load_address>
         <run_address>0x69</run_address>
         <size>0x2e</size>
         <input_file_ref idref="fl-2"/>
      </object_component>
      <object_component id="oc-db">
         <name>.debug_line</name>
         <load_address>0x97</load_address>
         <run_address>0x97</run_address>
         <size>0x179</size>
         <input_file_ref idref="fl-2"/>
      </object_component>
      <object_component id="oc-7a">
         <name>.debug_line</name>
         <load_address>0x210</load_address>
         <run_address>0x210</run_address>
         <size>0x6f</size>
         <input_file_ref idref="fl-2"/>
      </object_component>
      <object_component id="oc-3c">
         <name>.debug_line</name>
         <load_address>0x27f</load_address>
         <run_address>0x27f</run_address>
         <size>0x20</size>
         <input_file_ref idref="fl-2"/>
      </object_component>
      <object_component id="oc-c3">
         <name>.debug_line</name>
         <load_address>0x29f</load_address>
         <run_address>0x29f</run_address>
         <size>0x73</size>
         <input_file_ref idref="fl-2"/>
      </object_component>
      <object_component id="oc-7f">
         <name>.debug_line</name>
         <load_address>0x312</load_address>
         <run_address>0x312</run_address>
         <size>0x70</size>
         <input_file_ref idref="fl-2"/>
      </object_component>
      <object_component id="oc-1bf">
         <name>.debug_line</name>
         <load_address>0x382</load_address>
         <run_address>0x382</run_address>
         <size>0xae</size>
         <input_file_ref idref="fl-3"/>
      </object_component>
      <object_component id="oc-a6">
         <name>.debug_line</name>
         <load_address>0x430</load_address>
         <run_address>0x430</run_address>
         <size>0x82</size>
         <input_file_ref idref="fl-3"/>
      </object_component>
      <object_component id="oc-101">
         <name>.debug_line</name>
         <load_address>0x4b2</load_address>
         <run_address>0x4b2</run_address>
         <size>0x33</size>
         <input_file_ref idref="fl-3"/>
      </object_component>
      <object_component id="oc-20d">
         <name>.debug_line</name>
         <load_address>0x4e5</load_address>
[...]
      </symbol>
      <symbol id="sm-2">
         <name>__start___llvm_prf_cnts</name>
         <value>0x20000000</value>
      </symbol>
      <symbol id="sm-3">
         <name>__stop___llvm_prf_cnts</name>
         <value>0x20000000</value>
      </symbol>
      <symbol id="sm-4">
         <name>__TI_CINIT_Base</name>
         <value>0x30f0</value>
      </symbol>
      <symbol id="sm-5">
         <name>__TI_CINIT_Limit</name>
         <value>0x3108</value>
      </symbol>
      <symbol id="sm-6">
         <name>__TI_Handler_Table_Base</name>
         <value>0x30c8</value>
      </symbol>
      <symbol id="sm-7">
         <name>__TI_Handler_Table_Limit</name>
         <value>0x30d4</value>
      </symbol>
      <symbol id="sm-8">
         <name>binit</name>
         <value>0xffffffff</value>
      </symbol>
      <symbol id="sm-9">
         <name>__binit__</name>
         <value>0xffffffff</value>
      </symbol>
      <symbol id="sm-a">
         <name>__STACK_SIZE</name>
         <value>0x1000</value>
      </symbol>
      <symbol id="sm-b">
         <name>__STACK_END</name>
         <value>0x20001270</value>
      </symbol>
      <symbol id="sm-c">
         <name>__SYSMEM_SIZE</name>
         <value>0x1000</value>
      </symbol>
      <symbol id="sm-d">
         <name>__c_args__</name>
         <value>0xffffffff</value>
      </symbol>
      <symbol id="sm-e">
         <name>__TI_pprof_out_hndl</name>
         <value>0xffffffff</value>
      </symbol>
      <symbol id="sm-f">
         <name>__TI_prof_data_start</name>
         <value>0xffffffff</value>
      </symbol>
      <symbol id="sm-10">
         <name>__TI_prof_data_size</name>
         <value>0xffffffff</value>
      </symbol>
      <symbol id="sm-76">
         <name>_timeout_ticks</name>
         <value>0x200022c4</value>
      </symbol>
      <symbol id="sm-77">
         <name>timer_pause</name>
         <value>0x12f7</value>
         <object_component_ref idref="oc-d7"/>
      </symbol>
      <symbol id="sm-78">
         <name>timer_resume</name>
         <value>0x1309</value>
         <object_component_ref idref="oc-d7"/>
      </symbol>
      <symbol id="sm-79">
         <name>timer_getMillis</name>
         <value>0x131b</value>
         <object_component_ref idref="oc-d7"/>
      </symbol>
      <symbol id="sm-7a">
         <name>_running</name>
         <value>0x200022e8</value>
         <object_component_ref idref="oc-14a"/>
      </symbol>
      <symbol id="sm-7b">
         <name>timer_init</name>
         <value>0x1255</value>
         <object_component_ref idref="oc-d7"/>
      </symbol>
      <symbol id="sm-7c">
         <name>timer_stop</name>
         <value>0x12cd</value>
         <object_component_ref idref="oc-d7"/>
      </symbol>
      <symbol id="sm-7d">
         <name>timer_getMicros</name>
         <value>0x1373</value>
         <object_component_ref idref="oc-d7"/>
      </symbol>
      <symbol id="sm-7e">
         <name>timer_waitMillis</name>
         <value>0x13ff</value>
         <object_component_ref idref="oc-d7"/>
      </symbol>
      <symbol id="sm-7f">
         <name>timer_waitMicros</name>
         <value>0x13cd</value>
         <object_component_ref idref="oc-d7"/>
      </symbol>
      <symbol id="sm-a3">
         <name>main</name>
         <value>0x2509</value>
         <object_component_ref idref="oc-a2"/>
      </symbol>
      <symbol id="sm-e0">
         <name>lcd_sendCommand</name>
         <value>0xe0f</value>
         <object_component_ref idref="oc-dd"/>
      </symbol>
      <symbol id="sm-e1">
         <name>lcd_sendNibble</name>
         <value>0xe4d</value>
         <object_component_ref idref="oc-dd"/>
      </symbol>
      <symbol id="sm-e2">
         <name>lcd_clear</name>
         <value>0x2f6d</value>
         <object_component_ref idref="oc-14f"/>
      </symbol>
      <symbol id="sm-e3">
         <name>lcd_printf</name>
         <value>0xef7</value>
         <object_component_ref idref="oc-dd"/>
      </symbol>
      <symbol id="sm-e4">
         <name>lcd_setCursorPos</name>
         <value>0xeb9</value>
         <object_component_ref idref="oc-dd"/>
      </symbol>
      <symbol id="sm-e5">
         <name>lcd_init</name>
         <value>0xcf9</value>
         <object_component_ref idref="oc-dd"/>
      </symbol>
      <symbol id="sm-e6">
         <name>lcd_puts</name>
         <value>0xdf1</value>
         <object_component_ref idref="oc-dd"/>
      </symbol>
      <symbol id="sm-e7">
         <name>lcd_putc</name>
         <value>0xdb9</value>
         <object_component_ref idref="oc-dd"/>
      </symbol>
      <symbol id="sm-e8">
         <name>lcd_reverseNibble</name>
         <value>0xcbd</value>
         <object_component_ref idref="oc-dd"/>
      </symbol>
      <symbol id="sm-e9">
         <name>lcd_gotoLine</name>
         <value>0xe91</value>
         <object_component_ref idref="oc-dd"/>
      </symbol>
      <symbol id="sm-10d">
         <name>ResetISR</name>
         <value>0x2f97</value>
         <object_component_ref idref="oc-2a"/>
      </symbol>
      <symbol id="sm-10e">
         <name>g_pfnVectors</name>
         <value>0x0</value>
         <object_component_ref idref="oc-12"/>
      </symbol>
      <symbol id="sm-147">
         <name>UART1_Handler</name>
         <value>0x195b</value>
         <object_component_ref idref="oc-e3"/>
      </symbol>
      <symbol id="sm-148">
         <name>command_byte</name>
         <value>0x200022dc</value>
         <object_component_ref idref="oc-fa"/>
      </symbol>
      <symbol id="sm-149">
         <name>uart_sendChar</name>
         <value>0x190d</value>
         <object_component_ref idref="oc-e3"/>
      </symbol>
      <symbol id="sm-14a">
         <name>uart_interrupt_init</name>
         <value>0x1859</value>
         <object_component_ref idref="oc-e3"/>
      </symbol>
      <symbol id="sm-14b">
         <name>command_flag</name>
         <value>0x200022e0</value>
         <object_component_ref idref="oc-fa"/>
      </symbol>
      <symbol id="sm-14c">
         <name>uart_receive</name>
         <value>0x1929</value>
         <object_component_ref idref="oc-e3"/>
      </symbol>
      <symbol id="sm-14d">
         <name>uart_sendStr</name>
         <value>0x193d</value>
         <object_component_ref idref="oc-e3"/>
      </symbol>
      <symbol id="sm-16f">
         <name>cyBot_FindObjects</name>
         <value>0x1bd1</value>
         <object_component_ref idref="oc-e9"/>
      </symbol>
      <symbol id="sm-170">
         <name>cyBOT_Scan</name>
         <value>0x1ce7</value>
         <object_component_ref idref="oc-e9"/>
      </symbol>
      <symbol id="sm-171">
         <name>cyBOT_init_Scan</name>
         <value>0x1cd7</value>
         <object_component_ref idref="oc-e9"/>
      </symbol>
      <symbol id="sm-198">
         <name>isr_int_value</name>
         <value>0x200022cc</value>
      </symbol>
      <symbol id="sm-199">
         <name>ir_enableInterrupt</name>
         <value>0x2293</value>
         <object_component_ref idref="oc-19a"/>
      </symbol>
      <symbol id="sm-19a">
         <name>ir_getDistance</name>
         <value>0x2275</value>
         <object_component_ref idref="oc-19a"/>
      </symbol>
      <symbol id="sm-19b">
         <name>ir_init</name>
         <value>0x21e5</value>
         <object_component_ref idref="oc-19a"/>
      </symbol>
      <symbol id="sm-19c">
         <name>ADC0SS0_Handler</name>
         <value>0x227d</value>
         <object_component_ref idref="oc-19a"/>
      </symbol>
      <symbol id="sm-19d">
         <name>ir_getValue</name>
         <value>0x224d</value>
         <object_component_ref idref="oc-19a"/>
      </symbol>
      <symbol id="sm-1cc">
         <name>risingEdge</name>
         <value>0x200022d4</value>
      </symbol>
      <symbol id="sm-1cd">
         <name>fallingEdge</name>
         <value>0x200022c8</value>
      </symbol>
      <symbol id="sm-1ce">
         <name>pulseLength</name>
         <value>0x200022d0</value>
      </symbol>
      <symbol id="sm-1cf">
         <name>isRisingEdge</name>
         <value>0x200022d8</value>
      </symbol>
      <symbol id="sm-1d0">
         <name>TIMER3B_Handler</name>
         <value>0x158d</value>
         <object_component_ref idref="oc-194"/>
      </symbol>
      <symbol id="sm-1d1">
         <name>ping_init</name>
         <value>0x149d</value>
         <object_component_ref idref="oc-194"/>
      </symbol>
      <symbol id="sm-1d2">
         <name>ping_getDistance</name>
         <value>0x15df</value>
         <object_component_ref idref="oc-194"/>
      </symbol>
      <symbol id="sm-1d3">
         <name>ping_trigger</name>
         <value>0x1523</value>
         <object_component_ref idref="oc-194"/>
      </symbol>
      <symbol id="sm-1f1">
         <name>servo_move</name>
         <value>0x2145</value>
         <object_component_ref idref="oc-18e"/>
      </symbol>
      <symbol id="sm-1f2">
         <name>servo_init</name>
         <value>0x20c1</value>
         <object_component_ref idref="oc-18e"/>
      </symbol>
      <symbol id="sm-1f3">
         <name>servo_stop</name>
         <value>0x2139</value>
         <object_component_ref idref="oc-18e"/>
      </symbol>
      <symbol id="sm-1f4">
         <name>servo_setPWM</name>
         <value>0x218f</value>
         <object_component_ref idref="oc-18e"/>
      </symbol>
      <symbol id="sm-35f">
         <name>__TI_printfi</name>
         <value>0x26d</value>
         <object_component_ref idref="oc-1a8"/>
      </symbol>
      <symbol id="sm-381">
         <name>sprintf</name>
         <value>0x2cb5</value>
         <object_component_ref idref="oc-f4"/>
      </symbol>
      <symbol id="sm-3ab">
         <name>vsnprintf</name>
         <value>0x2cf5</value>
         <object_component_ref idref="oc-156"/>
      </symbol>
      <symbol id="sm-3c3">
         <name>__aeabi_memset</name>
         <value>0x28bf</value>
         <object_component_ref idref="oc-96"/>
      </symbol>
      <symbol id="sm-3c4">
         <name>memset</name>
         <value>0x28c5</value>
         <object_component_ref idref="oc-96"/>
      </symbol>
      <symbol id="sm-3c5">
         <name>__aeabi_memset8</name>
         <value>0x28bf</value>
         <object_component_ref idref="oc-96"/>
      </symbol>
      <symbol id="sm-3c6">
         <name>__aeabi_memset4</name>
         <value>0x28bf</value>
         <object_component_ref idref="oc-96"/>
      </symbol>
      <symbol id="sm-3c7">
         <name>__aeabi_memclr8</name>
         <value>0x28bd</value>
         <object_component_ref idref="oc-96"/>
      </symbol>
      <symbol id="sm-3c8">
         <name>__aeabi_memclr4</name>
         <value>0x28bd</value>
         <object_component_ref idref="oc-96"/>
      </symbol>
      <symbol id="sm-3c9">
         <name>__aeabi_memclr</name>
         <value>0x28bd</value>
         <object_component_ref idref="oc-96"/>
      </symbol>
      <symbol id="sm-3e0">
         <name>__aeabi_dsub</name>
         <value>0x1a19</value>
         <object_component_ref idref="oc-2d4"/>
      </symbol>
      <symbol id="sm-3e1">
         <name>__aeabi_dadd</name>
         <value>0x1a23</value>
         <object_component_ref idref="oc-2d4"/>
      </symbol>
      <symbol id="sm-403">
         <name>__aeabi_cdcmpeq</name>
         <value>0x27b1</value>
         <object_component_ref idref="oc-240"/>
      </symbol>
      <symbol id="sm-404">
         <name>__aeabi_cdcmple</name>
         <value>0x27b1</value>
         <object_component_ref idref="oc-240"/>
      </symbol>
      <symbol id="sm-405">
         <name>__aeabi_cdrcmple</name>
         <value>0x2837</value>
         <object_component_ref idref="oc-2bf"/>
      </symbol>
      <symbol id="sm-419">
         <name>__aeabi_ddiv</name>
         <value>0x1e65</value>
         <object_component_ref idref="oc-184"/>
      </symbol>
      <symbol id="sm-424">
         <name>__aeabi_dmul</name>
         <value>0x240d</value>
         <object_component_ref idref="oc-17f"/>
      </symbol>
      <symbol id="sm-42e">
         <name>__aeabi_d2iz</name>
         <value>0x2c29</value>
         <object_component_ref idref="oc-2c4"/>
      </symbol>
      <symbol id="sm-43a">
         <name>__aeabi_d2f</name>
         <value>0x29a5</value>
         <object_component_ref idref="oc-189"/>
      </symbol>
      <symbol id="sm-445">
         <name>__aeabi_f2d</name>
         <value>0x2d73</value>
         <object_component_ref idref="oc-ef"/>
      </symbol>
      <symbol id="sm-44f">
         <name>__aeabi_i2d</name>
         <value>0x2e45</value>
         <object_component_ref idref="oc-2cf"/>
      </symbol>
      <symbol id="sm-46a">
         <name>memcpy</name>
         <value>0x267f</value>
         <object_component_ref idref="oc-3e"/>
      </symbol>
      <symbol id="sm-46b">
         <name>__aeabi_memcpy</name>
         <value>0x267f</value>
         <object_component_ref idref="oc-3e"/>
      </symbol>
      <symbol id="sm-46c">
         <name>__aeabi_memcpy8</name>
         <value>0x267f</value>
         <object_component_ref idref="oc-3e"/>
      </symbol>
      <symbol id="sm-46d">
         <name>__aeabi_memcpy4</name>
         <value>0x267f</value>
         <object_component_ref idref="oc-3e"/>
      </symbol>
      <symbol id="sm-47a">
         <name>__aeabi_uldivmod</name>
         <value>0x271b</value>
         <object_component_ref idref="oc-2b8"/>
      </symbol>
      <symbol id="sm-48e">
         <name>__TI_zero_init_nomemset</name>
         <value>0x2e73</value>
         <object_component_ref idref="oc-4a"/>
      </symbol>
      <symbol id="sm-4a5">
         <name>__TI_decompress_none</name>
         <value>0x2f7d</value>
         <object_component_ref idref="oc-1b"/>
      </symbol>
      <symbol id="sm-4c8">
         <name>__TI_decompress_lzss</name>
         <value>0x2a13</value>
         <object_component_ref idref="oc-15"/>
      </symbol>
      <symbol id="sm-4d3">
         <name>C$$EXIT</name>
         <value>0x2fb9</value>
         <object_component_ref idref="oc-104"/>
      </symbol>
      <symbol id="sm-4d4">
         <name>abort</name>
         <value>0x2fb9</value>
         <object_component_ref idref="oc-104"/>
      </symbol>
      <symbol id="sm-4e4">
         <name>__TI_ltoa</name>
         <value>0x2b37</value>
         <object_component_ref idref="oc-2c9"/>
      </symbol>
      <symbol id="sm-4fa">
         <name>atoi</name>
         <value>0x2bdd</value>
         <object_component_ref idref="oc-234"/>
      </symbol>
      <symbol id="sm-505">
         <name>_ctypes_</name>
         <value>0x2fbc</value>
         <object_component_ref idref="oc-2b3"/>
      </symbol>
      <symbol id="sm-516">
         <name>memccpy</name>
         <value>0x2e8f</value>
         <object_component_ref idref="oc-25d"/>
      </symbol>
      <symbol id="sm-52c">
         <name>_sys_memory</name>
         <value>0x20001270</value>
         <object_component_ref idref="oc-24"/>
      </symbol>
      <symbol id="sm-53c">
         <name>strchr</name>
         <value>0x2f0d</value>
         <object_component_ref idref="oc-300"/>
      </symbol>
      <symbol id="sm-54b">
         <name>strcmp</name>
         <value>0x2ef5</value>
         <object_component_ref idref="oc-15c"/>
      </symbol>
      <symbol id="sm-559">
         <name>strcpy</name>
         <value>0x2f23</value>
         <object_component_ref idref="oc-162"/>
      </symbol>
      <symbol id="sm-567">
         <name>strlen</name>
         <value>0x2f37</value>
         <object_component_ref idref="oc-22e"/>
      </symbol>
      <symbol id="sm-57f">
         <name>__aeabi_errno_addr</name>
         <value>0x2fad</value>
         <object_component_ref idref="oc-269"/>
      </symbol>
      <symbol id="sm-580">
         <name>errno</name>
         <value>0x200022e4</value>
         <object_component_ref idref="oc-310"/>
      </symbol>
      <symbol id="sm-593">
         <name>__stack</name>
         <value>0x20000270</value>
         <object_component_ref idref="oc-27"/>
      </symbol>
      <symbol id="sm-594">
         <name>_c_int00_noargs</name>
         <value>0x2de1</value>
         <object_component_ref idref="oc-5c"/>
      </symbol>
      <symbol id="sm-5b4">
         <name>frexpl</name>
         <value>0x2a7d</value>
         <object_component_ref idref="oc-2f4"/>
      </symbol>
      <symbol id="sm-5b5">
         <name>frexp</name>
         <value>0x2a7d</value>
         <object_component_ref idref="oc-2f4"/>
      </symbol>
      <symbol id="sm-5d2">
         <name>scalbn</name>
         <value>0x22fd</value>
         <object_component_ref idref="oc-2fa"/>
      </symbol>
      <symbol id="sm-5d3">
         <name>scalbnl</name>
         <value>0x22fd</value>
         <object_component_ref idref="oc-2fa"/>
      </symbol>
      <symbol id="sm-5d4">
         <name>ldexpl</name>
         <value>0x22fd</value>
         <object_component_ref idref="oc-2fa"/>
      </symbol>
      <symbol id="sm-5d5">
         <name>ldexp</name>
         <value>0x22fd</value>
         <object_component_ref idref="oc-2fa"/>
      </symbol>
      <symbol id="sm-5ee">
         <name>wcslen</name>
         <value>0x2f4b</value>
         <object_component_ref idref="oc-263"/>
      </symbol>
      <symbol id="sm-5fb">
         <name>__aeabi_idiv0</name>
         <value>0xcbb</value>
         <object_component_ref idref="oc-337"/>
      </symbol>
      <symbol id="sm-5fc">
         <name>__aeabi_ldiv0</name>
         <value>0xcbb</value>
         <object_component_ref idref="oc-337"/>
      </symbol>
      <symbol id="sm-624">
         <name>__TI_auto_init_nobinit_nopinit</name>
         <value>0x2c71</value>
         <object_component_ref idref="oc-110"/>
      </symbol>
      <symbol id="sm-62e">
         <name>_system_pre_init</name>
         <value>0x2fb5</value>
         <object_component_ref idref="oc-9c"/>
      </symbol>
      <symbol id="sm-644">
         <name>copysign</name>
         <value>0x2eab</value>
         <object_component_ref idref="oc-34e"/>
      </symbol>
      <symbol id="sm-645">
         <name>copysignl</name>
         <value>0x2eab</value>
         <object_component_ref idref="oc-34e"/>
      </symbol>
      <symbol id="sm-670">
         <name>IntRegister</name>
         <value>0x2dad</value>
         <object_component_ref idref="oc-144"/>
      </symbol>
      <symbol id="sm-671">
         <name>g_pfnRAMVectors</name>
         <value>0x20000000</value>
         <object_component_ref idref="oc-1e0"/>
      </symbol>
      <symbol id="sm-672">
         <name>IntMasterEnable</name>
         <value>0x2f5d</value>
         <object_component_ref idref="oc-172"/>
      </symbol>
      <symbol id="sm-67c">
         <name>CPUcpsie</name>
         <value>0x2f8b</value>
         <object_component_ref idref="oc-20f"/>
      </symbol>
      <symbol id="sm-67d">
         <name>__TI_static_base__</name>
         <value>0x0</value>
      </symbol>
      <symbol id="sm-680">
         <name>__mpu_init</name>
         <value>0x0</value>
      </symbol>
      <symbol id="sm-681">
         <name>_system_post_cinit</name>
         <value>0x0</value>
      </symbol>
   </symbol_table>
   <title>Link successful</title>
</link_info>
