******************************************************************************
                  TI ARM Linker PC v20.2.1                     
******************************************************************************
>> Linked Wed Mar 17 19:00:35 2021

OUTPUT FILE NAME:   <Lab6.out>
ENTRY POINT SYMBOL: "_c_int00_noargs"  address: 00002de1


MEMORY CONFIGURATION

         name            origin    length      used     unused   attr    fill
----------------------  --------  ---------  --------  --------  ----  --------
  FLASH                 00000000   00040000  00003105  0003cefb  R  X
  SRAM                  20000000   00008000  000022e2  00005d1e  RW X


SEGMENT ALLOCATION MAP

run origin  load origin   length   init length attrs members
----------  ----------- ---------- ----------- ----- -------
00000000    00000000    00003108   00003108    r-x
  00000000    00000000    0000026c   0000026c    r-- .intvecs
  0000026c    0000026c    00002d50   00002d50    r-x .text
  00002fbc    00002fbc    00000109   00000109    r-- .const
  000030c8    000030c8    00000040   00000040    r-- .cinit
20000000    20000000    000022e9   00000000    rw-
  20000000    20000000    0000026c   00000000    rw- .vtable
  20000270    20000270    00001000   00000000    rw- .stack
  20001270    20001270    00001000   00000000    rw- .sysmem
  20002270    20002270    00000069   00000000    rw- .bss
  200022dc    200022dc    0000000d   00000000    rw- .data


SECTION ALLOCATION MAP

 output                                  attributes/
section   page    origin      length       input sections
--------  ----  ----------  ----------   ----------------
.intvecs   0    00000000    0000026c     
                  00000000    0000026c     tm4c123gh6pm_startup_ccs.obj (.intvecs)

.text      0    0000026c    00002d50     
                  0000026c    00000a4e     rtsv7M4_T_le_v4SPD16_eabi.lib : _printfi.c.obj (.text:__TI_printfi)
                  00000cba    00000002                                   : div0.asm.obj (.text)
                  00000cbc    00000328     lcd.obj (.text)
                  00000fe4    00000270     rtsv7M4_T_le_v4SPD16_eabi.lib : _printfi.c.obj (.text:_pconv_a)
                  00001254    00000248     Timer.obj (.text)
                  0000149c    000001ec     libcybotFindObjects.lib : ping.obj (.text)
                  00001688    000001d0     rtsv7M4_T_le_v4SPD16_eabi.lib : _printfi.c.obj (.text:_pconv_g)
                  00001858    000001c0     uart-interrupt.obj (.text)
                  00001a18    000001b6     rtsv7M4_T_le_v4SPD16_eabi.lib : fd_add_t2.asm.obj (.text)
                  00001bce    00000002     --HOLE-- [fill = 0]
                  00001bd0    00000158     libcybotFindObjects.lib : cyBot_FindObjects.obj (.text)
                  00001d28    0000013c     rtsv7M4_T_le_v4SPD16_eabi.lib : _printfi.c.obj (.text:_pconv_e)
                  00001e64    00000136                                   : fd_div_t2.asm.obj (.text)
                  00001f9a    00000002     --HOLE-- [fill = 0]
                  00001f9c    00000124                                   : _printfi.c.obj (.text:fcvt)
                  000020c0    00000124     libcybotFindObjects.lib : servo.obj (.text)
                  000021e4    00000118                             : ir.obj (.text)
                  000022fc    00000110     rtsv7M4_T_le_v4SPD16_eabi.lib : s_scalbn.c.obj (.text:scalbn)
                  0000240c    000000fc                                   : fd_mul_t2.asm.obj (.text)
                  00002508    000000c4     lab6-interrupt_template.obj (.text)
                  000025cc    000000b1     rtsv7M4_T_le_v4SPD16_eabi.lib : _printfi.c.obj (.text:_ltostr)
                  0000267d    00000001     --HOLE-- [fill = 0]
                  0000267e    0000009c                                   : memcpy_t2.asm.obj (.text)
                  0000271a    00000096                                   : ull_div_t2.asm.obj (.text)
                  000027b0    00000086                                   : fd_cmp_t2.asm.obj (.text:__aeabi_cdcmple)
                  00002836    00000086                                   : fd_cmp_t2.asm.obj (.text:__aeabi_cdrcmple)
                  000028bc    0000007a                                   : memset_t2.asm.obj (.text)
                  00002936    0000006e                                   : _printfi.c.obj (.text:_mcpy)
                  000029a4    0000006e                                   : fd_tos_t2.asm.obj (.text)
                  00002a12    00000068                                   : copy_decompress_lzss.c.obj (.text:decompress:lzss:__TI_decompress_lzss)
                  00002a7a    00000002     --HOLE-- [fill = 0]
                  00002a7c    00000064                                   : s_frexp.c.obj (.text:frexp)
                  00002ae0    00000056                                   : _printfi.c.obj (.text:_pconv_f)
                  00002b36    00000054                                   : _ltoa.c.obj (.text:__TI_ltoa)
                  00002b8a    00000052                                   : _printfi.c.obj (.text:_ecpy)
                  00002bdc    0000004c                                   : atoi.c.obj (.text:atoi)
                  00002c28    00000048                                   : fd_toi_t2.asm.obj (.text)
                  00002c70    00000044                                   : autoinit.c.obj (.text:__TI_auto_init_nobinit_nopinit:__TI_auto_init_nobinit_nopinit)
                  00002cb4    00000040                                   : sprintf.c.obj (.text:sprintf)
                  00002cf4    00000040                                   : vsnprintf.c.obj (.text:vsnprintf)
                  00002d34    0000003e                                   : _printfi.c.obj (.text:_fcpy)
                  00002d72    00000038                                   : fs_tod_t2.asm.obj (.text)
                  00002daa    00000002     --HOLE-- [fill = 0]
                  00002dac    00000034     driverlib.lib : interrupt.obj (.text:IntRegister)
                  00002de0    00000034     rtsv7M4_T_le_v4SPD16_eabi.lib : boot_cortex_m.c.obj (.text:_c_int00_noargs:_c_int00_noargs)
                  00002e14    00000030                                   : vsnprintf.c.obj (.text:_outs)
                  00002e44    0000002e                                   : i_tofd_t2.asm.obj (.text)
                  00002e72    0000001c                                   : copy_zero_init.c.obj (.text:decompress:ZI:__TI_zero_init_nomemset:__TI_zero_init_nomemset)
                  00002e8e    0000001c                                   : memccpy.c.obj (.text:memccpy)
                  00002eaa    0000001a                                   : s_copysign.c.obj (.text:copysign)
                  00002ec4    00000018                                   : vsnprintf.c.obj (.text:_outc)
                  00002edc    00000018                                   : sprintf.c.obj (.text:_outs)
                  00002ef4    00000018                                   : strcmp.c.obj (.text:strcmp)
                  00002f0c    00000016                                   : strchr.c.obj (.text:strchr)
                  00002f22    00000014                                   : strcpy.c.obj (.text:strcpy)
                  00002f36    00000014                                   : strlen.c.obj (.text:strlen)
                  00002f4a    00000012                                   : wcslen.c.obj (.text:wcslen)
                  00002f5c    00000010     driverlib.lib : interrupt.obj (.text:IntMasterEnable)
                  00002f6c    00000010     lcd.obj (.text:lcd_clear)
                  00002f7c    0000000e     rtsv7M4_T_le_v4SPD16_eabi.lib : copy_decompress_none.c.obj (.text:decompress:none:__TI_decompress_none)
                  00002f8a    0000000c     driverlib.lib : cpu.obj (.text:CPUcpsie)
                  00002f96    0000000c     tm4c123gh6pm_startup_ccs.obj (.text)
                  00002fa2    0000000a     rtsv7M4_T_le_v4SPD16_eabi.lib : sprintf.c.obj (.text:_outc)
                  00002fac    00000008                                   : errno.c.obj (.text:__aeabi_errno_addr)
                  00002fb4    00000004                                   : pre_init.c.obj (.text:_system_pre_init)
                  00002fb8    00000004                                   : exit.c.obj (.text:abort:abort)

.const     0    00002fbc    00000109     
                  00002fbc    00000101     rtsv7M4_T_le_v4SPD16_eabi.lib : ctype.c.obj (.const:.string:_ctypes_)
                  000030bd    00000004     lcd.obj (.const:.string:lineAddress$1)
                  000030c1    00000004     lcd.obj (.const:.string:lineAddresses$2)

.cinit     0    000030c8    00000040     
                  000030c8    0000000c     (__TI_handler_table)
                  000030d4    0000000b     (.cinit..data.load) [load image, compression = lzss]
                  000030df    00000001     --HOLE-- [fill = 0]
                  000030e0    00000008     (.cinit..bss.load) [load image, compression = zero_init]
                  000030e8    00000008     (.cinit..vtable.load) [load image, compression = zero_init]
                  000030f0    00000018     (__TI_cinit_table)

.init_array 
*          0    00000000    00000000     UNINITIALIZED

.vtable    0    20000000    0000026c     UNINITIALIZED
                  20000000    0000026c     driverlib.lib : interrupt.obj (.vtable)

.stack     0    20000270    00001000     UNINITIALIZED
                  20000270    00000004     rtsv7M4_T_le_v4SPD16_eabi.lib : boot_cortex_m.c.obj (.stack)
                  20000274    00000ffc     --HOLE--

.sysmem    0    20001270    00001000     UNINITIALIZED
                  20001270    00000010     rtsv7M4_T_le_v4SPD16_eabi.lib : memory.c.obj (.sysmem)
                  20001280    00000ff0     --HOLE--

.bss       0    20002270    00000069     UNINITIALIZED
                  20002270    00000054     lcd.obj (.bss:lastbuffer$3)
                  200022c4    00000004     (.common:_timeout_ticks)
                  200022c8    00000004     (.common:fallingEdge)
                  200022cc    00000004     (.common:isr_int_value)
                  200022d0    00000004     (.common:pulseLength)
                  200022d4    00000004     (.common:risingEdge)
                  200022d8    00000001     (.common:isRisingEdge)

.data      0    200022dc    0000000d     UNINITIALIZED
                  200022dc    00000008     uart-interrupt.obj (.data)
                  200022e4    00000004     rtsv7M4_T_le_v4SPD16_eabi.lib : errno.c.obj (.data)
                  200022e8    00000001     Timer.obj (.data)

__llvm_prf_cnts 
*          0    20000000    00000000     UNINITIALIZED

MODULE SUMMARY

       Module                         code    ro data   rw data
       ------                         ----    -------   -------
    .\
       lcd.obj                        824     8         84     
       tm4c123gh6pm_startup_ccs.obj   12      620       0      
       Timer.obj                      584     0         5      
       uart-interrupt.obj             448     0         8      
       lab6-interrupt_template.obj    196     0         0      
    +--+------------------------------+-------+---------+---------+
       Total:                         2064    628       97     
                                                               
    ../libcybotFindObjects.lib
       ping.obj                       492     0         13     
       cyBot_FindObjects.obj          344     0         0      
       servo.obj                      292     0         0      
       ir.obj                         280     0         4      
    +--+------------------------------+-------+---------+---------+
       Total:                         1408    0         17     
                                                               
    C:/ti/TivaWare_C_Series-2.1.4.178/driverlib/ccs/Debug/driverlib.lib
       interrupt.obj                  68      0         620    
       cpu.obj                        12      0         0      
    +--+------------------------------+-------+---------+---------+
       Total:                         80      0         620    
                                                               
    C:\ti\ccs1010\ccs\tools\compiler\ti-cgt-arm_20.2.1.LTS\lib\rtsv7M4_T_le_v4SPD16_eabi.lib
       _printfi.c.obj                 4851    0         0      
       fd_add_t2.asm.obj              438     0         0      
       fd_div_t2.asm.obj              310     0         0      
       s_scalbn.c.obj                 272     0         0      
       fd_cmp_t2.asm.obj              268     0         0      
       ctype.c.obj                    0       257       0      
       fd_mul_t2.asm.obj              252     0         0      
       memcpy_t2.asm.obj              156     0         0      
       ull_div_t2.asm.obj             150     0         0      
       vsnprintf.c.obj                136     0         0      
       memset_t2.asm.obj              122     0         0      
       fd_tos_t2.asm.obj              110     0         0      
       copy_decompress_lzss.c.obj     104     0         0      
       s_frexp.c.obj                  100     0         0      
       sprintf.c.obj                  98      0         0      
       _ltoa.c.obj                    84      0         0      
       atoi.c.obj                     76      0         0      
       fd_toi_t2.asm.obj              72      0         0      
       autoinit.c.obj                 68      0         0      
       fs_tod_t2.asm.obj              56      0         0      
       boot_cortex_m.c.obj            52      0         0      
       i_tofd_t2.asm.obj              46      0         0      
       copy_zero_init.c.obj           28      0         0      
       memccpy.c.obj                  28      0         0      
       s_copysign.c.obj               26      0         0      
       strcmp.c.obj                   24      0         0      
       strchr.c.obj                   22      0         0      
       strcpy.c.obj                   20      0         0      
       strlen.c.obj                   20      0         0      
       wcslen.c.obj                   18      0         0      
       copy_decompress_none.c.obj     14      0         0      
       errno.c.obj                    8       0         4      
       exit.c.obj                     4       0         0      
       pre_init.c.obj                 4       0         0      
       div0.asm.obj                   2       0         0      
    +--+------------------------------+-------+---------+---------+
       Total:                         8039    257       4      
                                                               
       Heap:                          0       0         4096   
       Stack:                         0       0         4096   
       Linker Generated:              0       63        0      
    +--+------------------------------+-------+---------+---------+
       Grand Total:                   11591   948       8930   


LINKER GENERATED COPY TABLES

__TI_cinit_table @ 000030f0 records: 3, size/record: 8, table size: 24
	.data: load addr=000030d4, load size=0000000b bytes, run addr=200022dc, run size=0000000d bytes, compression=lzss
	.bss: load addr=000030e0, load size=00000008 bytes, run addr=20002270, run size=00000069 bytes, compression=zero_init
	.vtable: load addr=000030e8, load size=00000008 bytes, run addr=20000000, run size=0000026c bytes, compression=zero_init


LINKER GENERATED HANDLER TABLE

__TI_handler_table @ 000030c8 records: 3, size/record: 4, table size: 12
	index: 0, handler: __TI_zero_init
	index: 1, handler: __TI_decompress_lzss
	index: 2, handler: __TI_decompress_none


GLOBAL SYMBOLS: SORTED ALPHABETICALLY BY Name 

address   name                          
-------   ----                          
0000227d  ADC0SS0_Handler               
00002fb9  C$$EXIT                       
00002f8b  CPUcpsie                      
00002f5d  IntMasterEnable               
00002dad  IntRegister                   
00002f97  ResetISR                      
0000158d  TIMER3B_Handler               
0000195b  UART1_Handler                 
20001270  __STACK_END                   
00001000  __STACK_SIZE                  
20000470  __STACK_TOP                   
00001000  __SYSMEM_SIZE                 
000030f0  __TI_CINIT_Base               
00003108  __TI_CINIT_Limit              
000030c8  __TI_Handler_Table_Base       
000030d4  __TI_Handler_Table_Limit      
00002c71  __TI_auto_init_nobinit_nopinit
00002a13  __TI_decompress_lzss          
00002f7d  __TI_decompress_none          
00002b37  __TI_ltoa                     
ffffffff  __TI_pprof_out_hndl           
0000026d  __TI_printfi                  
ffffffff  __TI_prof_data_size           
ffffffff  __TI_prof_data_start          
00000000  __TI_static_base__            
00002e73  __TI_zero_init_nomemset       
000027b1  __aeabi_cdcmpeq               
000027b1  __aeabi_cdcmple               
00002837  __aeabi_cdrcmple              
000029a5  __aeabi_d2f                   
00002c29  __aeabi_d2iz                  
00001a23  __aeabi_dadd                  
00001e65  __aeabi_ddiv                  
0000240d  __aeabi_dmul                  
00001a19  __aeabi_dsub                  
00002fad  __aeabi_errno_addr            
00002d73  __aeabi_f2d                   
00002e45  __aeabi_i2d                   
00000cbb  __aeabi_idiv0                 
00000cbb  __aeabi_ldiv0                 
000028bd  __aeabi_memclr                
000028bd  __aeabi_memclr4               
000028bd  __aeabi_memclr8               
0000267f  __aeabi_memcpy                
0000267f  __aeabi_memcpy4               
0000267f  __aeabi_memcpy8               
000028bf  __aeabi_memset                
000028bf  __aeabi_memset4               
000028bf  __aeabi_memset8               
0000271b  __aeabi_uldivmod              
ffffffff  __binit__                     
ffffffff  __c_args__                    
UNDEFED   __mpu_init                    
20000270  __stack                       
20000000  __start___llvm_prf_cnts       
20000000  __stop___llvm_prf_cnts        
00002de1  _c_int00_noargs               
00002fbc  _ctypes_                      
200022e8  _running                      
20001270  _sys_memory                   
UNDEFED   _system_post_cinit            
00002fb5  _system_pre_init              
200022c4  _timeout_ticks                
00002fb9  abort                         
00002bdd  atoi                          
ffffffff  binit                         
200022dc  command_byte                  
200022e0  command_flag                  
00002eab  copysign                      
00002eab  copysignl                     
00001ce7  cyBOT_Scan                    
00001cd7  cyBOT_init_Scan               
00001bd1  cyBot_FindObjects             
200022e4  errno                         
200022c8  fallingEdge                   
00002a7d  frexp                         
00002a7d  frexpl                        
20000000  g_pfnRAMVectors               
00000000  g_pfnVectors                  
00002293  ir_enableInterrupt            
00002275  ir_getDistance                
0000224d  ir_getValue                   
000021e5  ir_init                       
200022d8  isRisingEdge                  
200022cc  isr_int_value                 
00002f6d  lcd_clear                     
00000e91  lcd_gotoLine                  
00000cf9  lcd_init                      
00000ef7  lcd_printf                    
00000db9  lcd_putc                      
00000df1  lcd_puts                      
00000cbd  lcd_reverseNibble             
00000e0f  lcd_sendCommand               
00000e4d  lcd_sendNibble                
00000eb9  lcd_setCursorPos              
000022fd  ldexp                         
000022fd  ldexpl                        
00002509  main                          
00002e8f  memccpy                       
0000267f  memcpy                        
000028c5  memset                        
000015df  ping_getDistance              
0000149d  ping_init                     
00001523  ping_trigger                  
200022d0  pulseLength                   
200022d4  risingEdge                    
000022fd  scalbn                        
000022fd  scalbnl                       
000020c1  servo_init                    
00002145  servo_move                    
0000218f  servo_setPWM                  
00002139  servo_stop                    
00002cb5  sprintf                       
00002f0d  strchr                        
00002ef5  strcmp                        
00002f23  strcpy                        
00002f37  strlen                        
00001373  timer_getMicros               
0000131b  timer_getMillis               
00001255  timer_init                    
000012f7  timer_pause                   
00001309  timer_resume                  
000012cd  timer_stop                    
000013cd  timer_waitMicros              
000013ff  timer_waitMillis              
00001859  uart_interrupt_init           
00001929  uart_receive                  
0000190d  uart_sendChar                 
0000193d  uart_sendStr                  
00002cf5  vsnprintf                     
00002f4b  wcslen                        


GLOBAL SYMBOLS: SORTED BY Symbol Address 

address   name                          
-------   ----                          
00000000  __TI_static_base__            
00000000  g_pfnVectors                  
0000026d  __TI_printfi                  
00000cbb  __aeabi_idiv0                 
00000cbb  __aeabi_ldiv0                 
00000cbd  lcd_reverseNibble             
00000cf9  lcd_init                      
00000db9  lcd_putc                      
00000df1  lcd_puts                      
00000e0f  lcd_sendCommand               
00000e4d  lcd_sendNibble                
00000e91  lcd_gotoLine                  
00000eb9  lcd_setCursorPos              
00000ef7  lcd_printf                    
00001000  __STACK_SIZE                  
00001000  __SYSMEM_SIZE                 
00001255  timer_init                    
000012cd  timer_stop                    
000012f7  timer_pause                   
00001309  timer_resume                  
0000131b  timer_getMillis               
00001373  timer_getMicros               
000013cd  timer_waitMicros              
000013ff  timer_waitMillis              
0000149d  ping_init                     
00001523  ping_trigger                  
0000158d  TIMER3B_Handler               
000015df  ping_getDistance              
00001859  uart_interrupt_init           
0000190d  uart_sendChar                 
00001929  uart_receive                  
0000193d  uart_sendStr                  
0000195b  UART1_Handler                 
00001a19  __aeabi_dsub                  
00001a23  __aeabi_dadd                  
00001bd1  cyBot_FindObjects             
00001cd7  cyBOT_init_Scan               
00001ce7  cyBOT_Scan                    
00001e65  __aeabi_ddiv                  
000020c1  servo_init                    
00002139  servo_stop                    
00002145  servo_move                    
0000218f  servo_setPWM                  
000021e5  ir_init                       
0000224d  ir_getValue                   
00002275  ir_getDistance                
0000227d  ADC0SS0_Handler               
00002293  ir_enableInterrupt            
000022fd  ldexp                         
000022fd  ldexpl                        
000022fd  scalbn                        
000022fd  scalbnl                       
0000240d  __aeabi_dmul                  
00002509  main                          
0000267f  __aeabi_memcpy                
0000267f  __aeabi_memcpy4               
0000267f  __aeabi_memcpy8               
0000267f  memcpy                        
0000271b  __aeabi_uldivmod              
000027b1  __aeabi_cdcmpeq               
000027b1  __aeabi_cdcmple               
00002837  __aeabi_cdrcmple              
000028bd  __aeabi_memclr                
000028bd  __aeabi_memclr4               
000028bd  __aeabi_memclr8               
000028bf  __aeabi_memset                
000028bf  __aeabi_memset4               
000028bf  __aeabi_memset8               
000028c5  memset                        
000029a5  __aeabi_d2f                   
00002a13  __TI_decompress_lzss          
00002a7d  frexp                         
00002a7d  frexpl                        
00002b37  __TI_ltoa                     
00002bdd  atoi                          
00002c29  __aeabi_d2iz                  
00002c71  __TI_auto_init_nobinit_nopinit
00002cb5  sprintf                       
00002cf5  vsnprintf                     
00002d73  __aeabi_f2d                   
00002dad  IntRegister                   
00002de1  _c_int00_noargs               
00002e45  __aeabi_i2d                   
00002e73  __TI_zero_init_nomemset       
00002e8f  memccpy                       
00002eab  copysign                      
00002eab  copysignl                     
00002ef5  strcmp                        
00002f0d  strchr                        
00002f23  strcpy                        
00002f37  strlen                        
00002f4b  wcslen                        
00002f5d  IntMasterEnable               
00002f6d  lcd_clear                     
00002f7d  __TI_decompress_none          
00002f8b  CPUcpsie                      
00002f97  ResetISR                      
00002fad  __aeabi_errno_addr            
00002fb5  _system_pre_init              
00002fb9  C$$EXIT                       
00002fb9  abort                         
00002fbc  _ctypes_                      
000030c8  __TI_Handler_Table_Base       
000030d4  __TI_Handler_Table_Limit      
000030f0  __TI_CINIT_Base               
00003108  __TI_CINIT_Limit              
20000000  __start___llvm_prf_cnts       
20000000  __stop___llvm_prf_cnts        
20000000  g_pfnRAMVectors               
20000270  __stack                       
20000470  __STACK_TOP                   
20001270  __STACK_END                   
20001270  _sys_memory                   
200022c4  _timeout_ticks                
200022c8  fallingEdge                   
200022cc  isr_int_value                 
200022d0  pulseLength                   
200022d4  risingEdge                    
200022d8  isRisingEdge                  
200022dc  command_byte                  
200022e0  command_flag                  
200022e4  errno                         
200022e8  _running                      
ffffffff  __TI_pprof_out_hndl           
ffffffff  __TI_prof_data_size           
ffffffff  __TI_prof_data_start          
ffffffff  __binit__                     
ffffffff  __c_args__                    
ffffffff  binit                         
UNDEFED   __mpu_init                    
UNDEFED   _system_post_cinit            

[131 symbols]
