******************************************************************************
                  TI ARM Linker PC v20.2.1                     
******************************************************************************
>> Linked Tue Mar 23 18:44:57 2021

OUTPUT FILE NAME:   <Lab7.out>
ENTRY POINT SYMBOL: "_c_int00_noargs"  address: 000035e9


MEMORY CONFIGURATION

         name            origin    length      used     unused   attr    fill
----------------------  --------  ---------  --------  --------  ----  --------
  FLASH                 00000000   00040000  00003924  0003c6dc  R  X
  SRAM                  20000000   00008000  00002301  00005cff  RW X


SEGMENT ALLOCATION MAP

run origin  load origin   length   init length attrs members
----------  ----------- ---------- ----------- ----- -------
00000000    00000000    00003928   00003928    r-x
  00000000    00000000    0000026c   0000026c    r-- .intvecs
  0000026c    0000026c    0000353c   0000353c    r-x .text
  000037a8    000037a8    0000013c   0000013c    r-- .const
  000038e8    000038e8    00000040   00000040    r-- .cinit
20000000    20000000    00002305   00000000    rw-
  20000000    20000000    0000026c   00000000    rw- .vtable
  20000270    20000270    00001000   00000000    rw- .stack
  20001270    20001270    00001000   00000000    rw- .sysmem
  20002270    20002270    0000008c   00000000    rw- .bss
  200022fc    200022fc    00000009   00000000    rw- .data


SECTION ALLOCATION MAP

 output                                  attributes/
section   page    origin      length       input sections
--------  ----  ----------  ----------   ----------------
.intvecs   0    00000000    0000026c     
                  00000000    0000026c     tm4c123gh6pm_startup_ccs.obj (.intvecs)

.text      0    0000026c    0000353c     
                  0000026c    00000a4e     rtsv7M4_T_le_v4SPD16_eabi.lib : _printfi.c.obj (.text:__TI_printfi)
                  00000cba    00000002                                   : div0.asm.obj (.text)
                  00000cbc    000009c0                                   : e_pow.c.obj (.text:pow)
                  0000167c    00000328     lcd.obj (.text)
                  000019a4    000002a8     libcybotUART.lib : uart.obj (.text)
                  00001c4c    00000270     rtsv7M4_T_le_v4SPD16_eabi.lib : _printfi.c.obj (.text:_pconv_a)
                  00001ebc    00000248     Timer.obj (.text)
                  00002104    000001d0     rtsv7M4_T_le_v4SPD16_eabi.lib : _printfi.c.obj (.text:_pconv_g)
                  000022d4    000001b6                                   : fd_add_t2.asm.obj (.text)
                  0000248a    00000002     --HOLE-- [fill = 0]
                  0000248c    00000158                                   : e_sqrt.c.obj (.text:sqrt)
                  000025e4    0000013c                                   : _printfi.c.obj (.text:_pconv_e)
                  00002720    00000136                                   : fd_div_t2.asm.obj (.text)
                  00002856    00000002     --HOLE-- [fill = 0]
                  00002858    00000124                                   : _printfi.c.obj (.text:fcvt)
                  0000297c    00000110                                   : s_scalbn.c.obj (.text:scalbn)
                  00002a8c    000000fc     adc.obj (.text)
                  00002b88    000000fc     rtsv7M4_T_le_v4SPD16_eabi.lib : fd_mul_t2.asm.obj (.text)
                  00002c84    000000dc     lab7.obj (.text)
                  00002d60    000000bc     uart.obj (.text)
                  00002e1c    000000b1     rtsv7M4_T_le_v4SPD16_eabi.lib : _printfi.c.obj (.text:_ltostr)
                  00002ecd    00000001     --HOLE-- [fill = 0]
                  00002ece    0000009c                                   : memcpy_t2.asm.obj (.text)
                  00002f6a    00000096                                   : ull_div_t2.asm.obj (.text)
                  00003000    00000086                                   : fd_cmp_t2.asm.obj (.text:__aeabi_cdcmple)
                  00003086    00000086                                   : fd_cmp_t2.asm.obj (.text:__aeabi_cdrcmple)
                  0000310c    0000007a                                   : memset_t2.asm.obj (.text)
                  00003186    0000006e                                   : _printfi.c.obj (.text:_mcpy)
                  000031f4    00000068                                   : copy_decompress_lzss.c.obj (.text:decompress:lzss:__TI_decompress_lzss)
                  0000325c    00000064                                   : s_frexp.c.obj (.text:frexp)
                  000032c0    00000060     resetSimulation.obj (.text)
                  00003320    00000056     rtsv7M4_T_le_v4SPD16_eabi.lib : _printfi.c.obj (.text:_pconv_f)
                  00003376    00000054                                   : _ltoa.c.obj (.text:__TI_ltoa)
                  000033ca    00000052                                   : _printfi.c.obj (.text:_ecpy)
                  0000341c    0000004c                                   : atoi.c.obj (.text:atoi)
                  00003468    00000048                                   : fd_toi_t2.asm.obj (.text)
                  000034b0    00000044                                   : autoinit.c.obj (.text:__TI_auto_init_nobinit_nopinit:__TI_auto_init_nobinit_nopinit)
                  000034f4    00000040                                   : sprintf.c.obj (.text:sprintf)
                  00003534    00000040                                   : vsnprintf.c.obj (.text:vsnprintf)
                  00003574    0000003e                                   : _printfi.c.obj (.text:_fcpy)
                  000035b2    00000002     --HOLE-- [fill = 0]
                  000035b4    00000034     driverlib.lib : interrupt.obj (.text:IntRegister)
                  000035e8    00000034     rtsv7M4_T_le_v4SPD16_eabi.lib : boot_cortex_m.c.obj (.text:_c_int00_noargs:_c_int00_noargs)
                  0000361c    00000030                                   : vsnprintf.c.obj (.text:_outs)
                  0000364c    0000002e                                   : i_tofd_t2.asm.obj (.text)
                  0000367a    0000001c                                   : copy_zero_init.c.obj (.text:decompress:ZI:__TI_zero_init_nomemset:__TI_zero_init_nomemset)
                  00003696    0000001c                                   : memccpy.c.obj (.text:memccpy)
                  000036b2    0000001a                                   : s_copysign.c.obj (.text:copysign)
                  000036cc    00000018                                   : vsnprintf.c.obj (.text:_outc)
                  000036e4    00000018                                   : sprintf.c.obj (.text:_outs)
                  000036fc    00000018                                   : strcmp.c.obj (.text:strcmp)
                  00003714    00000016                                   : strchr.c.obj (.text:strchr)
                  0000372a    00000014                                   : strcpy.c.obj (.text:strcpy)
                  0000373e    00000014                                   : strlen.c.obj (.text:strlen)
                  00003752    00000012                                   : wcslen.c.obj (.text:wcslen)
                  00003764    00000010     lcd.obj (.text:lcd_clear)
                  00003774    0000000e     rtsv7M4_T_le_v4SPD16_eabi.lib : copy_decompress_none.c.obj (.text:decompress:none:__TI_decompress_none)
                  00003782    0000000c     tm4c123gh6pm_startup_ccs.obj (.text)
                  0000378e    0000000a     rtsv7M4_T_le_v4SPD16_eabi.lib : sprintf.c.obj (.text:_outc)
                  00003798    00000008                                   : errno.c.obj (.text:__aeabi_errno_addr)
                  000037a0    00000004                                   : pre_init.c.obj (.text:_system_pre_init)
                  000037a4    00000004                                   : exit.c.obj (.text:abort:abort)

.const     0    000037a8    0000013c     
                  000037a8    00000101     rtsv7M4_T_le_v4SPD16_eabi.lib : ctype.c.obj (.const:.string:_ctypes_)
                  000038a9    00000004     lcd.obj (.const:.string:lineAddress$1)
                  000038ad    00000003     --HOLE-- [fill = 0]
                  000038b0    00000030     rtsv7M4_T_le_v4SPD16_eabi.lib : e_pow.c.obj (.const:$O1$$)
                  000038e0    00000004     lcd.obj (.const:.string:lineAddresses$2)

.cinit     0    000038e8    00000040     
                  000038e8    0000000c     (__TI_handler_table)
                  000038f4    00000004     --HOLE-- [fill = 0]
                  000038f8    00000008     (.cinit..bss.load) [load image, compression = zero_init]
                  00003900    00000008     (.cinit..vtable.load) [load image, compression = zero_init]
                  00003908    00000007     (.cinit..data.load) [load image, compression = lzss]
                  0000390f    00000001     --HOLE-- [fill = 0]
                  00003910    00000018     (__TI_cinit_table)

.init_array 
*          0    00000000    00000000     UNINITIALIZED

.vtable    0    20000000    0000026c     UNINITIALIZED
                  20000000    0000026c     driverlib.lib : interrupt.obj (.vtable)

.stack     0    20000270    00001000     UNINITIALIZED
                  20000270    00000004     rtsv7M4_T_le_v4SPD16_eabi.lib : boot_cortex_m.c.obj (.stack)
                  20000274    00000ffc     --HOLE--

.sysmem    0    20001270    00001000     UNINITIALIZED
                  20001270    00000010     rtsv7M4_T_le_v4SPD16_eabi.lib : memory.c.obj (.sysmem)
                  20001280    00000ff0     --HOLE--

.bss       0    20002270    0000008c     UNINITIALIZED
                  20002270    00000054     lcd.obj (.bss:lastbuffer$3)
                  200022c4    00000034     (.common:isr_char_buffer)
                  200022f8    00000004     (.common:_timeout_ticks)

.data      0    200022fc    00000009     UNINITIALIZED
                  200022fc    00000004     libcybotUART.lib : uart.obj (.data)
                  20002300    00000004     rtsv7M4_T_le_v4SPD16_eabi.lib : errno.c.obj (.data)
                  20002304    00000001     Timer.obj (.data)

__llvm_prf_cnts 
*          0    20000000    00000000     UNINITIALIZED

MODULE SUMMARY

       Module                         code    ro data   rw data
       ------                         ----    -------   -------
    .\
       lcd.obj                        824     8         84     
       tm4c123gh6pm_startup_ccs.obj   12      620       0      
       Timer.obj                      584     0         5      
       adc.obj                        252     0         0      
       lab7.obj                       220     0         0      
       uart.obj                       188     0         0      
       resetSimulation.obj            96      0         0      
    +--+------------------------------+-------+---------+---------+
       Total:                         2176    628       89     
                                                               
    ../libcybotUART.lib
       uart.obj                       680     0         56     
    +--+------------------------------+-------+---------+---------+
       Total:                         680     0         56     
                                                               
    C:/ti/TivaWare_C_Series-2.1.4.178/driverlib/ccs/Debug/driverlib.lib
       interrupt.obj                  52      0         620    
    +--+------------------------------+-------+---------+---------+
       Total:                         52      0         620    
                                                               
    C:\ti\ccs1010\ccs\tools\compiler\ti-cgt-arm_20.2.1.LTS\lib\rtsv7M4_T_le_v4SPD16_eabi.lib
       _printfi.c.obj                 4851    0         0      
       e_pow.c.obj                    2496    48        0      
       fd_add_t2.asm.obj              438     0         0      
       e_sqrt.c.obj                   344     0         0      
       fd_div_t2.asm.obj              310     0         0      
       s_scalbn.c.obj                 272     0         0      
       fd_cmp_t2.asm.obj              268     0         0      
       ctype.c.obj                    0       257       0      
       fd_mul_t2.asm.obj              252     0         0      
       memcpy_t2.asm.obj              156     0         0      
       ull_div_t2.asm.obj             150     0         0      
       vsnprintf.c.obj                136     0         0      
       memset_t2.asm.obj              122     0         0      
       copy_decompress_lzss.c.obj     104     0         0      
       s_frexp.c.obj                  100     0         0      
       sprintf.c.obj                  98      0         0      
       _ltoa.c.obj                    84      0         0      
       atoi.c.obj                     76      0         0      
       fd_toi_t2.asm.obj              72      0         0      
       autoinit.c.obj                 68      0         0      
       boot_cortex_m.c.obj            52      0         0      
       i_tofd_t2.asm.obj              46      0         0      
       copy_zero_init.c.obj           28      0         0      
       memccpy.c.obj                  28      0         0      
       s_copysign.c.obj               26      0         0      
       strcmp.c.obj                   24      0         0      
       strchr.c.obj                   22      0         0      
       strcpy.c.obj                   20      0         0      
       strlen.c.obj                   20      0         0      
       wcslen.c.obj                   18      0         0      
       copy_decompress_none.c.obj     14      0         0      
       errno.c.obj                    8       0         4      
       exit.c.obj                     4       0         0      
       pre_init.c.obj                 4       0         0      
       div0.asm.obj                   2       0         0      
    +--+------------------------------+-------+---------+---------+
       Total:                         10713   305       4      
                                                               
       Heap:                          0       0         4096   
       Stack:                         0       0         4096   
       Linker Generated:              0       59        0      
    +--+------------------------------+-------+---------+---------+
       Grand Total:                   13621   992       8961   


LINKER GENERATED COPY TABLES

__TI_cinit_table @ 00003910 records: 3, size/record: 8, table size: 24
	.bss: load addr=000038f8, load size=00000008 bytes, run addr=20002270, run size=0000008c bytes, compression=zero_init
	.vtable: load addr=00003900, load size=00000008 bytes, run addr=20000000, run size=0000026c bytes, compression=zero_init
	.data: load addr=00003908, load size=00000007 bytes, run addr=200022fc, run size=00000009 bytes, compression=lzss


LINKER GENERATED HANDLER TABLE

__TI_handler_table @ 000038e8 records: 3, size/record: 4, table size: 12
	index: 0, handler: __TI_zero_init
	index: 1, handler: __TI_decompress_lzss
	index: 2, handler: __TI_decompress_none


GLOBAL SYMBOLS: SORTED ALPHABETICALLY BY Name 

address   name                          
-------   ----                          
000037a5  C$$EXIT                       
000035b5  IntRegister                   
00003783  ResetISR                      
20001270  __STACK_END                   
00001000  __STACK_SIZE                  
20000470  __STACK_TOP                   
00001000  __SYSMEM_SIZE                 
00003910  __TI_CINIT_Base               
00003928  __TI_CINIT_Limit              
000038e8  __TI_Handler_Table_Base       
000038f4  __TI_Handler_Table_Limit      
000034b1  __TI_auto_init_nobinit_nopinit
000031f5  __TI_decompress_lzss          
00003775  __TI_decompress_none          
00003377  __TI_ltoa                     
ffffffff  __TI_pprof_out_hndl           
0000026d  __TI_printfi                  
ffffffff  __TI_prof_data_size           
ffffffff  __TI_prof_data_start          
00000000  __TI_static_base__            
0000367b  __TI_zero_init_nomemset       
00003001  __aeabi_cdcmpeq               
00003001  __aeabi_cdcmple               
00003087  __aeabi_cdrcmple              
00003469  __aeabi_d2iz                  
000022df  __aeabi_dadd                  
00002721  __aeabi_ddiv                  
00002b89  __aeabi_dmul                  
000022d5  __aeabi_dsub                  
00003799  __aeabi_errno_addr            
0000364d  __aeabi_i2d                   
00000cbb  __aeabi_idiv0                 
00000cbb  __aeabi_ldiv0                 
0000310d  __aeabi_memclr                
0000310d  __aeabi_memclr4               
0000310d  __aeabi_memclr8               
00002ecf  __aeabi_memcpy                
00002ecf  __aeabi_memcpy4               
00002ecf  __aeabi_memcpy8               
0000310f  __aeabi_memset                
0000310f  __aeabi_memset4               
0000310f  __aeabi_memset8               
00002f6b  __aeabi_uldivmod              
ffffffff  __binit__                     
ffffffff  __c_args__                    
UNDEFED   __mpu_init                    
20000270  __stack                       
20000000  __start___llvm_prf_cnts       
20000000  __stop___llvm_prf_cnts        
000035e9  _c_int00_noargs               
000037a8  _ctypes_                      
20002304  _running                      
20001270  _sys_memory                   
UNDEFED   _system_post_cinit            
000037a1  _system_pre_init              
200022f8  _timeout_ticks                
000037a5  abort                         
00002a8d  adc_init                      
00002b1b  adc_read                      
0000341d  atoi                          
ffffffff  binit                         
00002c85  convertToDistance             
000036b3  copysign                      
000036b3  copysignl                     
00001bf1  cyBot_UART1_Handler           
00001be3  cyBot_getByte_blocking        
00001bc3  cyBot_getByte_nonblocking     
000019a5  cyBot_sendByte                
00001ba9  cyBot_uart_flush              
00001b13  cyBot_uart_init               
00001ab3  cyBot_uart_init_PHJ_first_half
00001a5b  cyBot_uart_init_clean         
000019e3  cyBot_uart_init_last_half     
000019cb  cyBot_uart_sendBuffer         
000019b1  cyBot_uart_sendStr            
20002300  errno                         
0000325d  frexp                         
0000325d  frexpl                        
20000000  g_pfnRAMVectors               
00000000  g_pfnVectors                  
200022c4  isr_char_buffer               
200022fc  isr_counter                   
00003765  lcd_clear                     
00001851  lcd_gotoLine                  
000016b9  lcd_init                      
000018b7  lcd_printf                    
00001779  lcd_putc                      
000017b1  lcd_puts                      
0000167d  lcd_reverseNibble             
000017cf  lcd_sendCommand               
0000180d  lcd_sendNibble                
00001879  lcd_setCursorPos              
0000297d  ldexp                         
0000297d  ldexpl                        
00002ccf  main                          
00003697  memccpy                       
00002ecf  memcpy                        
00003115  memset                        
00000cbd  pow                           
00000cbd  powl                          
000032c1  resetSimulationBoard          
0000297d  scalbn                        
0000297d  scalbnl                       
000034f5  sprintf                       
0000248d  sqrt                          
0000248d  sqrtl                         
00003715  strchr                        
000036fd  strcmp                        
0000372b  strcpy                        
0000373f  strlen                        
00001fdb  timer_getMicros               
00001f83  timer_getMillis               
00001ebd  timer_init                    
00001f5f  timer_pause                   
00001f71  timer_resume                  
00001f35  timer_stop                    
00002035  timer_waitMicros              
00002067  timer_waitMillis              
00002d61  uart_init                     
00002dc9  uart_receive                  
00002dad  uart_sendChar                 
00002ddd  uart_sendStr                  
00003535  vsnprintf                     
00003753  wcslen                        


GLOBAL SYMBOLS: SORTED BY Symbol Address 

address   name                          
-------   ----                          
00000000  __TI_static_base__            
00000000  g_pfnVectors                  
0000026d  __TI_printfi                  
00000cbb  __aeabi_idiv0                 
00000cbb  __aeabi_ldiv0                 
00000cbd  pow                           
00000cbd  powl                          
00001000  __STACK_SIZE                  
00001000  __SYSMEM_SIZE                 
0000167d  lcd_reverseNibble             
000016b9  lcd_init                      
00001779  lcd_putc                      
000017b1  lcd_puts                      
000017cf  lcd_sendCommand               
0000180d  lcd_sendNibble                
00001851  lcd_gotoLine                  
00001879  lcd_setCursorPos              
000018b7  lcd_printf                    
000019a5  cyBot_sendByte                
000019b1  cyBot_uart_sendStr            
000019cb  cyBot_uart_sendBuffer         
000019e3  cyBot_uart_init_last_half     
00001a5b  cyBot_uart_init_clean         
00001ab3  cyBot_uart_init_PHJ_first_half
00001b13  cyBot_uart_init               
00001ba9  cyBot_uart_flush              
00001bc3  cyBot_getByte_nonblocking     
00001be3  cyBot_getByte_blocking        
00001bf1  cyBot_UART1_Handler           
00001ebd  timer_init                    
00001f35  timer_stop                    
00001f5f  timer_pause                   
00001f71  timer_resume                  
00001f83  timer_getMillis               
00001fdb  timer_getMicros               
00002035  timer_waitMicros              
00002067  timer_waitMillis              
000022d5  __aeabi_dsub                  
000022df  __aeabi_dadd                  
0000248d  sqrt                          
0000248d  sqrtl                         
00002721  __aeabi_ddiv                  
0000297d  ldexp                         
0000297d  ldexpl                        
0000297d  scalbn                        
0000297d  scalbnl                       
00002a8d  adc_init                      
00002b1b  adc_read                      
00002b89  __aeabi_dmul                  
00002c85  convertToDistance             
00002ccf  main                          
00002d61  uart_init                     
00002dad  uart_sendChar                 
00002dc9  uart_receive                  
00002ddd  uart_sendStr                  
00002ecf  __aeabi_memcpy                
00002ecf  __aeabi_memcpy4               
00002ecf  __aeabi_memcpy8               
00002ecf  memcpy                        
00002f6b  __aeabi_uldivmod              
00003001  __aeabi_cdcmpeq               
00003001  __aeabi_cdcmple               
00003087  __aeabi_cdrcmple              
0000310d  __aeabi_memclr                
0000310d  __aeabi_memclr4               
0000310d  __aeabi_memclr8               
0000310f  __aeabi_memset                
0000310f  __aeabi_memset4               
0000310f  __aeabi_memset8               
00003115  memset                        
000031f5  __TI_decompress_lzss          
0000325d  frexp                         
0000325d  frexpl                        
000032c1  resetSimulationBoard          
00003377  __TI_ltoa                     
0000341d  atoi                          
00003469  __aeabi_d2iz                  
000034b1  __TI_auto_init_nobinit_nopinit
000034f5  sprintf                       
00003535  vsnprintf                     
000035b5  IntRegister                   
000035e9  _c_int00_noargs               
0000364d  __aeabi_i2d                   
0000367b  __TI_zero_init_nomemset       
00003697  memccpy                       
000036b3  copysign                      
000036b3  copysignl                     
000036fd  strcmp                        
00003715  strchr                        
0000372b  strcpy                        
0000373f  strlen                        
00003753  wcslen                        
00003765  lcd_clear                     
00003775  __TI_decompress_none          
00003783  ResetISR                      
00003799  __aeabi_errno_addr            
000037a1  _system_pre_init              
000037a5  C$$EXIT                       
000037a5  abort                         
000037a8  _ctypes_                      
000038e8  __TI_Handler_Table_Base       
000038f4  __TI_Handler_Table_Limit      
00003910  __TI_CINIT_Base               
00003928  __TI_CINIT_Limit              
20000000  __start___llvm_prf_cnts       
20000000  __stop___llvm_prf_cnts        
20000000  g_pfnRAMVectors               
20000270  __stack                       
20000470  __STACK_TOP                   
20001270  __STACK_END                   
20001270  _sys_memory                   
200022c4  isr_char_buffer               
200022f8  _timeout_ticks                
200022fc  isr_counter                   
20002300  errno                         
20002304  _running                      
ffffffff  __TI_pprof_out_hndl           
ffffffff  __TI_prof_data_size           
ffffffff  __TI_prof_data_start          
ffffffff  __binit__                     
ffffffff  __c_args__                    
ffffffff  binit                         
UNDEFED   __mpu_init                    
UNDEFED   _system_post_cinit            

[124 symbols]
