******************************************************************************
                  TI ARM Linker PC v20.2.1                     
******************************************************************************
>> Linked Sat Apr 10 03:20:47 2021

OUTPUT FILE NAME:   <Lab8.out>
ENTRY POINT SYMBOL: "_c_int00_noargs"  address: 00002669


MEMORY CONFIGURATION

         name            origin    length      used     unused   attr    fill
----------------------  --------  ---------  --------  --------  ----  --------
  FLASH                 00000000   00040000  00002981  0003d67f  R  X
  SRAM                  20000000   00008000  000022d4  00005d2c  RW X


SEGMENT ALLOCATION MAP

run origin  load origin   length   init length attrs members
----------  ----------- ---------- ----------- ----- -------
00000000    00000000    00002988   00002988    r-x
  00000000    00000000    0000026c   0000026c    r-- .intvecs
  0000026c    0000026c    000025cc   000025cc    r-x .text
  00002838    00002838    00000109   00000109    r-- .const
  00002948    00002948    00000040   00000040    r-- .cinit
20000000    20000000    000022d8   00000000    rw-
  20000000    20000000    0000026c   00000000    rw- .vtable
  20000270    20000270    00001000   00000000    rw- .stack
  20001270    20001270    00001000   00000000    rw- .sysmem
  20002270    20002270    00000058   00000000    rw- .bss
  200022c8    200022c8    00000010   00000000    rw- .data


SECTION ALLOCATION MAP

 output                                  attributes/
section   page    origin      length       input sections
--------  ----  ----------  ----------   ----------------
.intvecs   0    00000000    0000026c     
                  00000000    0000026c     tm4c123gh6pm_startup_ccs.obj (.intvecs)

.text      0    0000026c    000025cc     
                  0000026c    00000a4e     rtsv7M4_T_le_v4SPD16_eabi.lib : _printfi.c.obj (.text:__TI_printfi)
                  00000cba    00000002                                   : div0.asm.obj (.text)
                  00000cbc    00000328     lcd.obj (.text)
                  00000fe4    00000270     rtsv7M4_T_le_v4SPD16_eabi.lib : _printfi.c.obj (.text:_pconv_a)
                  00001254    00000248     Timer.obj (.text)
                  0000149c    000001d0     rtsv7M4_T_le_v4SPD16_eabi.lib : _printfi.c.obj (.text:_pconv_g)
                  0000166c    000001b6                                   : fd_add_t2.asm.obj (.text)
                  00001822    00000002     --HOLE-- [fill = 0]
                  00001824    00000174     ping.obj (.text)
                  00001998    0000013c     rtsv7M4_T_le_v4SPD16_eabi.lib : _printfi.c.obj (.text:_pconv_e)
                  00001ad4    00000136                                   : fd_div_t2.asm.obj (.text)
                  00001c0a    00000002     --HOLE-- [fill = 0]
                  00001c0c    00000124                                   : _printfi.c.obj (.text:fcvt)
                  00001d30    00000110                                   : s_scalbn.c.obj (.text:scalbn)
                  00001e40    000000fc                                   : fd_mul_t2.asm.obj (.text)
                  00001f3c    000000b1                                   : _printfi.c.obj (.text:_ltostr)
                  00001fed    00000001     --HOLE-- [fill = 0]
                  00001fee    0000009c                                   : memcpy_t2.asm.obj (.text)
                  0000208a    00000096                                   : ull_div_t2.asm.obj (.text)
                  00002120    00000086                                   : fd_cmp_t2.asm.obj (.text:__aeabi_cdcmple)
                  000021a6    00000086                                   : fd_cmp_t2.asm.obj (.text:__aeabi_cdrcmple)
                  0000222c    0000007a                                   : memset_t2.asm.obj (.text)
                  000022a6    0000006e                                   : _printfi.c.obj (.text:_mcpy)
                  00002314    00000068                                   : copy_decompress_lzss.c.obj (.text:decompress:lzss:__TI_decompress_lzss)
                  0000237c    00000064                                   : s_frexp.c.obj (.text:frexp)
                  000023e0    00000056                                   : _printfi.c.obj (.text:_pconv_f)
                  00002436    00000054                                   : _ltoa.c.obj (.text:__TI_ltoa)
                  0000248a    00000052                                   : _printfi.c.obj (.text:_ecpy)
                  000024dc    0000004c                                   : atoi.c.obj (.text:atoi)
                  00002528    00000048                                   : fd_toi_t2.asm.obj (.text)
                  00002570    00000044                                   : autoinit.c.obj (.text:__TI_auto_init_nobinit_nopinit:__TI_auto_init_nobinit_nopinit)
                  000025b4    00000040                                   : vsnprintf.c.obj (.text:vsnprintf)
                  000025f4    0000003e                                   : _printfi.c.obj (.text:_fcpy)
                  00002632    00000002     --HOLE-- [fill = 0]
                  00002634    00000034     driverlib.lib : interrupt.obj (.text:IntRegister)
                  00002668    00000034     rtsv7M4_T_le_v4SPD16_eabi.lib : boot_cortex_m.c.obj (.text:_c_int00_noargs:_c_int00_noargs)
                  0000269c    00000030                                   : vsnprintf.c.obj (.text:_outs)
                  000026cc    0000002e                                   : i_tofd_t2.asm.obj (.text)
                  000026fa    0000001c                                   : copy_zero_init.c.obj (.text:decompress:ZI:__TI_zero_init_nomemset:__TI_zero_init_nomemset)
                  00002716    0000001c                                   : memccpy.c.obj (.text:memccpy)
                  00002732    0000001a                                   : s_copysign.c.obj (.text:copysign)
                  0000274c    00000018                                   : vsnprintf.c.obj (.text:_outc)
                  00002764    00000018                                   : strcmp.c.obj (.text:strcmp)
                  0000277c    00000016                                   : strchr.c.obj (.text:strchr)
                  00002792    00000014     lab8_template.obj (.text)
                  000027a6    00000014     rtsv7M4_T_le_v4SPD16_eabi.lib : strcpy.c.obj (.text:strcpy)
                  000027ba    00000014                                   : strlen.c.obj (.text:strlen)
                  000027ce    00000012                                   : wcslen.c.obj (.text:wcslen)
                  000027e0    00000010     driverlib.lib : interrupt.obj (.text:IntMasterEnable)
                  000027f0    00000010     lcd.obj (.text:lcd_clear)
                  00002800    0000000e     rtsv7M4_T_le_v4SPD16_eabi.lib : copy_decompress_none.c.obj (.text:decompress:none:__TI_decompress_none)
                  0000280e    0000000c     driverlib.lib : cpu.obj (.text:CPUcpsie)
                  0000281a    0000000c     tm4c123gh6pm_startup_ccs.obj (.text)
                  00002826    00000002     --HOLE-- [fill = 0]
                  00002828    00000008     rtsv7M4_T_le_v4SPD16_eabi.lib : errno.c.obj (.text:__aeabi_errno_addr)
                  00002830    00000004                                   : pre_init.c.obj (.text:_system_pre_init)
                  00002834    00000004                                   : exit.c.obj (.text:abort:abort)

.const     0    00002838    00000109     
                  00002838    00000101     rtsv7M4_T_le_v4SPD16_eabi.lib : ctype.c.obj (.const:.string:_ctypes_)
                  00002939    00000004     lcd.obj (.const:.string:lineAddress$1)
                  0000293d    00000004     lcd.obj (.const:.string:lineAddresses$2)

.cinit     0    00002948    00000040     
                  00002948    0000000c     (__TI_handler_table)
                  00002954    00000004     --HOLE-- [fill = 0]
                  00002958    00000008     (.cinit..bss.load) [load image, compression = zero_init]
                  00002960    00000008     (.cinit..vtable.load) [load image, compression = zero_init]
                  00002968    00000007     (.cinit..data.load) [load image, compression = lzss]
                  0000296f    00000001     --HOLE-- [fill = 0]
                  00002970    00000018     (__TI_cinit_table)

.init_array 
*          0    00000000    00000000     UNINITIALIZED

.vtable    0    20000000    0000026c     UNINITIALIZED
                  20000000    0000026c     driverlib.lib : interrupt.obj (.vtable)

.stack     0    20000270    00001000     UNINITIALIZED
                  20000270    00000004     rtsv7M4_T_le_v4SPD16_eabi.lib : boot_cortex_m.c.obj (.stack)
                  20000274    00000ffc     --HOLE--

.sysmem    0    20001270    00001000     UNINITIALIZED
                  20001270    00000010     rtsv7M4_T_le_v4SPD16_eabi.lib : memory.c.obj (.sysmem)
                  20001280    00000ff0     --HOLE--

.bss       0    20002270    00000058     UNINITIALIZED
                  20002270    00000054     lcd.obj (.bss:lastbuffer$3)
                  200022c4    00000004     (.common:_timeout_ticks)

.data      0    200022c8    00000010     UNINITIALIZED
                  200022c8    00000009     ping.obj (.data)
                  200022d1    00000001     Timer.obj (.data)
                  200022d2    00000002     --HOLE--
                  200022d4    00000004     rtsv7M4_T_le_v4SPD16_eabi.lib : errno.c.obj (.data)

__llvm_prf_cnts 
*          0    20000000    00000000     UNINITIALIZED

MODULE SUMMARY

       Module                         code   ro data   rw data
       ------                         ----   -------   -------
    .\
       lcd.obj                        824    8         84     
       tm4c123gh6pm_startup_ccs.obj   12     620       0      
       Timer.obj                      584    0         5      
       ping.obj                       372    0         9      
       lab8_template.obj              20     0         0      
    +--+------------------------------+------+---------+---------+
       Total:                         1812   628       98     
                                                              
    C:/ti/TivaWare_C_Series-2.1.4.178/driverlib/ccs/Debug/driverlib.lib
       interrupt.obj                  68     0         620    
       cpu.obj                        12     0         0      
    +--+------------------------------+------+---------+---------+
       Total:                         80     0         620    
                                                              
    C:\ti\ccs1010\ccs\tools\compiler\ti-cgt-arm_20.2.1.LTS\lib\rtsv7M4_T_le_v4SPD16_eabi.lib
       _printfi.c.obj                 4851   0         0      
       fd_add_t2.asm.obj              438    0         0      
       fd_div_t2.asm.obj              310    0         0      
       s_scalbn.c.obj                 272    0         0      
       fd_cmp_t2.asm.obj              268    0         0      
       ctype.c.obj                    0      257       0      
       fd_mul_t2.asm.obj              252    0         0      
       memcpy_t2.asm.obj              156    0         0      
       ull_div_t2.asm.obj             150    0         0      
       vsnprintf.c.obj                136    0         0      
       memset_t2.asm.obj              122    0         0      
       copy_decompress_lzss.c.obj     104    0         0      
       s_frexp.c.obj                  100    0         0      
       _ltoa.c.obj                    84     0         0      
       atoi.c.obj                     76     0         0      
       fd_toi_t2.asm.obj              72     0         0      
       autoinit.c.obj                 68     0         0      
       boot_cortex_m.c.obj            52     0         0      
       i_tofd_t2.asm.obj              46     0         0      
       copy_zero_init.c.obj           28     0         0      
       memccpy.c.obj                  28     0         0      
       s_copysign.c.obj               26     0         0      
       strcmp.c.obj                   24     0         0      
       strchr.c.obj                   22     0         0      
       strcpy.c.obj                   20     0         0      
       strlen.c.obj                   20     0         0      
       wcslen.c.obj                   18     0         0      
       copy_decompress_none.c.obj     14     0         0      
       errno.c.obj                    8      0         4      
       exit.c.obj                     4      0         0      
       pre_init.c.obj                 4      0         0      
       div0.asm.obj                   2      0         0      
    +--+------------------------------+------+---------+---------+
       Total:                         7775   257       4      
                                                              
       Heap:                          0      0         4096   
       Stack:                         0      0         4096   
       Linker Generated:              0      59        0      
    +--+------------------------------+------+---------+---------+
       Grand Total:                   9667   944       8914   


LINKER GENERATED COPY TABLES

__TI_cinit_table @ 00002970 records: 3, size/record: 8, table size: 24
	.bss: load addr=00002958, load size=00000008 bytes, run addr=20002270, run size=00000058 bytes, compression=zero_init
	.vtable: load addr=00002960, load size=00000008 bytes, run addr=20000000, run size=0000026c bytes, compression=zero_init
	.data: load addr=00002968, load size=00000007 bytes, run addr=200022c8, run size=00000010 bytes, compression=lzss


LINKER GENERATED HANDLER TABLE

__TI_handler_table @ 00002948 records: 3, size/record: 4, table size: 12
	index: 0, handler: __TI_zero_init
	index: 1, handler: __TI_decompress_lzss
	index: 2, handler: __TI_decompress_none


GLOBAL SYMBOLS: SORTED ALPHABETICALLY BY Name 

address   name                          
-------   ----                          
00002835  C$$EXIT                       
0000280f  CPUcpsie                      
200022cc  END_TIME                      
000027e1  IntMasterEnable               
00002635  IntRegister                   
0000281b  ResetISR                      
200022c8  START_TIME                    
200022d0  STATE                         
00001951  TIMER3B_Handler               
20001270  __STACK_END                   
00001000  __STACK_SIZE                  
20000470  __STACK_TOP                   
00001000  __SYSMEM_SIZE                 
00002970  __TI_CINIT_Base               
00002988  __TI_CINIT_Limit              
00002948  __TI_Handler_Table_Base       
00002954  __TI_Handler_Table_Limit      
00002571  __TI_auto_init_nobinit_nopinit
00002315  __TI_decompress_lzss          
00002801  __TI_decompress_none          
00002437  __TI_ltoa                     
ffffffff  __TI_pprof_out_hndl           
0000026d  __TI_printfi                  
ffffffff  __TI_prof_data_size           
ffffffff  __TI_prof_data_start          
00000000  __TI_static_base__            
000026fb  __TI_zero_init_nomemset       
00002121  __aeabi_cdcmpeq               
00002121  __aeabi_cdcmple               
000021a7  __aeabi_cdrcmple              
00002529  __aeabi_d2iz                  
00001677  __aeabi_dadd                  
00001ad5  __aeabi_ddiv                  
00001e41  __aeabi_dmul                  
0000166d  __aeabi_dsub                  
00002829  __aeabi_errno_addr            
000026cd  __aeabi_i2d                   
00000cbb  __aeabi_idiv0                 
00000cbb  __aeabi_ldiv0                 
0000222d  __aeabi_memclr                
0000222d  __aeabi_memclr4               
0000222d  __aeabi_memclr8               
00001fef  __aeabi_memcpy                
00001fef  __aeabi_memcpy4               
00001fef  __aeabi_memcpy8               
0000222f  __aeabi_memset                
0000222f  __aeabi_memset4               
0000222f  __aeabi_memset8               
0000208b  __aeabi_uldivmod              
ffffffff  __binit__                     
ffffffff  __c_args__                    
UNDEFED   __mpu_init                    
20000270  __stack                       
20000000  __start___llvm_prf_cnts       
20000000  __stop___llvm_prf_cnts        
00002669  _c_int00_noargs               
00002838  _ctypes_                      
200022d1  _running                      
20001270  _sys_memory                   
UNDEFED   _system_post_cinit            
00002831  _system_pre_init              
200022c4  _timeout_ticks                
00002835  abort                         
000024dd  atoi                          
ffffffff  binit                         
00002733  copysign                      
00002733  copysignl                     
200022d4  errno                         
0000237d  frexp                         
0000237d  frexpl                        
20000000  g_pfnRAMVectors               
00000000  g_pfnVectors                  
000027f1  lcd_clear                     
00000e91  lcd_gotoLine                  
00000cf9  lcd_init                      
00000ef7  lcd_printf                    
00000db9  lcd_putc                      
00000df1  lcd_puts                      
00000cbd  lcd_reverseNibble             
00000e0f  lcd_sendCommand               
00000e4d  lcd_sendNibble                
00000eb9  lcd_setCursorPos              
00001d31  ldexp                         
00001d31  ldexpl                        
00002793  main                          
00002717  memccpy                       
00001fef  memcpy                        
00002235  memset                        
00001953  ping_getDistance              
00001825  ping_init                     
000018dd  ping_trigger                  
00001d31  scalbn                        
00001d31  scalbnl                       
0000277d  strchr                        
00002765  strcmp                        
000027a7  strcpy                        
000027bb  strlen                        
00001373  timer_getMicros               
0000131b  timer_getMillis               
00001255  timer_init                    
000012f7  timer_pause                   
00001309  timer_resume                  
000012cd  timer_stop                    
000013cd  timer_waitMicros              
000013ff  timer_waitMillis              
000025b5  vsnprintf                     
000027cf  wcslen                        


GLOBAL SYMBOLS: SORTED BY Symbol Address 

address   name                          
-------   ----                          
00000000  __TI_static_base__            
00000000  g_pfnVectors                  
0000026d  __TI_printfi                  
00000cbb  __aeabi_idiv0                 
00000cbb  __aeabi_ldiv0                 
00000cbd  lcd_reverseNibble             
00000cf9  lcd_init                      
00000db9  lcd_putc                      
00000df1  lcd_puts                      
00000e0f  lcd_sendCommand               
00000e4d  lcd_sendNibble                
00000e91  lcd_gotoLine                  
00000eb9  lcd_setCursorPos              
00000ef7  lcd_printf                    
00001000  __STACK_SIZE                  
00001000  __SYSMEM_SIZE                 
00001255  timer_init                    
000012cd  timer_stop                    
000012f7  timer_pause                   
00001309  timer_resume                  
0000131b  timer_getMillis               
00001373  timer_getMicros               
000013cd  timer_waitMicros              
000013ff  timer_waitMillis              
0000166d  __aeabi_dsub                  
00001677  __aeabi_dadd                  
00001825  ping_init                     
000018dd  ping_trigger                  
00001951  TIMER3B_Handler               
00001953  ping_getDistance              
00001ad5  __aeabi_ddiv                  
00001d31  ldexp                         
00001d31  ldexpl                        
00001d31  scalbn                        
00001d31  scalbnl                       
00001e41  __aeabi_dmul                  
00001fef  __aeabi_memcpy                
00001fef  __aeabi_memcpy4               
00001fef  __aeabi_memcpy8               
00001fef  memcpy                        
0000208b  __aeabi_uldivmod              
00002121  __aeabi_cdcmpeq               
00002121  __aeabi_cdcmple               
000021a7  __aeabi_cdrcmple              
0000222d  __aeabi_memclr                
0000222d  __aeabi_memclr4               
0000222d  __aeabi_memclr8               
0000222f  __aeabi_memset                
0000222f  __aeabi_memset4               
0000222f  __aeabi_memset8               
00002235  memset                        
00002315  __TI_decompress_lzss          
0000237d  frexp                         
0000237d  frexpl                        
00002437  __TI_ltoa                     
000024dd  atoi                          
00002529  __aeabi_d2iz                  
00002571  __TI_auto_init_nobinit_nopinit
000025b5  vsnprintf                     
00002635  IntRegister                   
00002669  _c_int00_noargs               
000026cd  __aeabi_i2d                   
000026fb  __TI_zero_init_nomemset       
00002717  memccpy                       
00002733  copysign                      
00002733  copysignl                     
00002765  strcmp                        
0000277d  strchr                        
00002793  main                          
000027a7  strcpy                        
000027bb  strlen                        
000027cf  wcslen                        
000027e1  IntMasterEnable               
000027f1  lcd_clear                     
00002801  __TI_decompress_none          
0000280f  CPUcpsie                      
0000281b  ResetISR                      
00002829  __aeabi_errno_addr            
00002831  _system_pre_init              
00002835  C$$EXIT                       
00002835  abort                         
00002838  _ctypes_                      
00002948  __TI_Handler_Table_Base       
00002954  __TI_Handler_Table_Limit      
00002970  __TI_CINIT_Base               
00002988  __TI_CINIT_Limit              
20000000  __start___llvm_prf_cnts       
20000000  __stop___llvm_prf_cnts        
20000000  g_pfnRAMVectors               
20000270  __stack                       
20000470  __STACK_TOP                   
20001270  __STACK_END                   
20001270  _sys_memory                   
200022c4  _timeout_ticks                
200022c8  START_TIME                    
200022cc  END_TIME                      
200022d0  STATE                         
200022d1  _running                      
200022d4  errno                         
ffffffff  __TI_pprof_out_hndl           
ffffffff  __TI_prof_data_size           
ffffffff  __TI_prof_data_start          
ffffffff  __binit__                     
ffffffff  __c_args__                    
ffffffff  binit                         
UNDEFED   __mpu_init                    
UNDEFED   _system_post_cinit            

[107 symbols]
