******************************************************************************
                  TI ARM Linker PC v20.2.1                     
******************************************************************************
>> Linked Sat Apr 24 09:47:28 2021

OUTPUT FILE NAME:   <Lab9.out>
ENTRY POINT SYMBOL: "_c_int00_noargs"  address: 000026a1


MEMORY CONFIGURATION

         name            origin    length      used     unused   attr    fill
----------------------  --------  ---------  --------  --------  ----  --------
  FLASH                 00000000   00040000  00002989  0003d677  R  X
  SRAM                  20000000   00008000  000012cd  00006d33  RW X


SEGMENT ALLOCATION MAP

run origin  load origin   length   init length attrs members
----------  ----------- ---------- ----------- ----- -------
00000000    00000000    00002990   00002990    r-x
  00000000    00000000    0000026c   0000026c    r-- .intvecs
  0000026c    0000026c    000025d4   000025d4    r-x .text
  00002840    00002840    00000109   00000109    r-- .const
  00002950    00002950    00000040   00000040    r-- .cinit
20000000    20000000    000012d1   00000000    rw-
  20000000    20000000    0000026c   00000000    rw- .vtable
  20000270    20000270    00001000   00000000    rw- .stack
  20001270    20001270    00000058   00000000    rw- .bss
  200012c8    200012c8    00000009   00000000    rw- .data


SECTION ALLOCATION MAP

 output                                  attributes/
section   page    origin      length       input sections
--------  ----  ----------  ----------   ----------------
.intvecs   0    00000000    0000026c     
                  00000000    0000026c     tm4c123gh6pm_startup_ccs.obj (.intvecs)

.text      0    0000026c    000025d4     
                  0000026c    00000a4e     rtsv7M4_T_le_v4SPD16_eabi.lib : _printfi.c.obj (.text:__TI_printfi)
                  00000cba    00000002                                   : div0.asm.obj (.text)
                  00000cbc    00000328     lcd.obj (.text)
                  00000fe4    00000270     rtsv7M4_T_le_v4SPD16_eabi.lib : _printfi.c.obj (.text:_pconv_a)
                  00001254    00000248     Timer.obj (.text)
                  0000149c    000001d0     rtsv7M4_T_le_v4SPD16_eabi.lib : _printfi.c.obj (.text:_pconv_g)
                  0000166c    000001b6                                   : fd_add_t2.asm.obj (.text)
                  00001822    00000002     --HOLE-- [fill = 0]
                  00001824    0000013c                                   : _printfi.c.obj (.text:_pconv_e)
                  00001960    00000138     servo.obj (.text)
                  00001a98    00000136     rtsv7M4_T_le_v4SPD16_eabi.lib : fd_div_t2.asm.obj (.text)
                  00001bce    00000002     --HOLE-- [fill = 0]
                  00001bd0    00000124                                   : _printfi.c.obj (.text:fcvt)
                  00001cf4    00000110                                   : s_scalbn.c.obj (.text:scalbn)
                  00001e04    000000fc                                   : fd_mul_t2.asm.obj (.text)
                  00001f00    000000b1                                   : _printfi.c.obj (.text:_ltostr)
                  00001fb1    00000001     --HOLE-- [fill = 0]
                  00001fb2    0000009c                                   : memcpy_t2.asm.obj (.text)
                  0000204e    00000096                                   : ull_div_t2.asm.obj (.text)
                  000020e4    00000086                                   : fd_cmp_t2.asm.obj (.text:__aeabi_cdcmple)
                  0000216a    00000086                                   : fd_cmp_t2.asm.obj (.text:__aeabi_cdrcmple)
                  000021f0    0000007a                                   : memset_t2.asm.obj (.text)
                  0000226a    0000006e                                   : _printfi.c.obj (.text:_mcpy)
                  000022d8    00000068                                   : copy_decompress_lzss.c.obj (.text:decompress:lzss:__TI_decompress_lzss)
                  00002340    00000064                                   : s_frexp.c.obj (.text:frexp)
                  000023a4    00000056                                   : _printfi.c.obj (.text:_pconv_f)
                  000023fa    00000054                                   : _ltoa.c.obj (.text:__TI_ltoa)
                  0000244e    00000052                                   : _printfi.c.obj (.text:_ecpy)
                  000024a0    0000004c                                   : atoi.c.obj (.text:atoi)
                  000024ec    00000048                                   : fd_toi_t2.asm.obj (.text)
                  00002534    00000044                                   : autoinit.c.obj (.text:__TI_auto_init_nobinit_nopinit:__TI_auto_init_nobinit_nopinit)
                  00002578    00000040                                   : vsnprintf.c.obj (.text:vsnprintf)
                  000025b8    0000003e                                   : _printfi.c.obj (.text:_fcpy)
                  000025f6    0000003c     lab9_template.obj (.text)
                  00002632    00000038     rtsv7M4_T_le_v4SPD16_eabi.lib : fs_tod_t2.asm.obj (.text)
                  0000266a    00000002     --HOLE-- [fill = 0]
                  0000266c    00000034     driverlib.lib : interrupt.obj (.text:IntRegister)
                  000026a0    00000034     rtsv7M4_T_le_v4SPD16_eabi.lib : boot_cortex_m.c.obj (.text:_c_int00_noargs:_c_int00_noargs)
                  000026d4    00000030                                   : vsnprintf.c.obj (.text:_outs)
                  00002704    0000002e                                   : i_tofd_t2.asm.obj (.text)
                  00002732    0000001c                                   : copy_zero_init.c.obj (.text:decompress:ZI:__TI_zero_init_nomemset:__TI_zero_init_nomemset)
                  0000274e    0000001c                                   : memccpy.c.obj (.text:memccpy)
                  0000276a    0000001a                                   : s_copysign.c.obj (.text:copysign)
                  00002784    00000018                                   : vsnprintf.c.obj (.text:_outc)
                  0000279c    00000018                                   : strcmp.c.obj (.text:strcmp)
                  000027b4    00000016                                   : strchr.c.obj (.text:strchr)
                  000027ca    00000014                                   : strcpy.c.obj (.text:strcpy)
                  000027de    00000014                                   : strlen.c.obj (.text:strlen)
                  000027f2    00000012                                   : wcslen.c.obj (.text:wcslen)
                  00002804    00000010     lcd.obj (.text:lcd_clear)
                  00002814    0000000e     rtsv7M4_T_le_v4SPD16_eabi.lib : copy_decompress_none.c.obj (.text:decompress:none:__TI_decompress_none)
                  00002822    0000000c     tm4c123gh6pm_startup_ccs.obj (.text)
                  0000282e    00000002     --HOLE-- [fill = 0]
                  00002830    00000008     rtsv7M4_T_le_v4SPD16_eabi.lib : errno.c.obj (.text:__aeabi_errno_addr)
                  00002838    00000004                                   : pre_init.c.obj (.text:_system_pre_init)
                  0000283c    00000004                                   : exit.c.obj (.text:abort:abort)

.const     0    00002840    00000109     
                  00002840    00000101     rtsv7M4_T_le_v4SPD16_eabi.lib : ctype.c.obj (.const:.string:_ctypes_)
                  00002941    00000004     lcd.obj (.const:.string:lineAddress$1)
                  00002945    00000004     lcd.obj (.const:.string:lineAddresses$2)

.cinit     0    00002950    00000040     
                  00002950    0000000c     (__TI_handler_table)
                  0000295c    0000000b     (.cinit..data.load) [load image, compression = lzss]
                  00002967    00000001     --HOLE-- [fill = 0]
                  00002968    00000008     (.cinit..bss.load) [load image, compression = zero_init]
                  00002970    00000008     (.cinit..vtable.load) [load image, compression = zero_init]
                  00002978    00000018     (__TI_cinit_table)

.init_array 
*          0    00000000    00000000     UNINITIALIZED

.vtable    0    20000000    0000026c     UNINITIALIZED
                  20000000    0000026c     driverlib.lib : interrupt.obj (.vtable)

.bss       0    20001270    00000058     UNINITIALIZED
                  20001270    00000054     lcd.obj (.bss:lastbuffer$3)
                  200012c4    00000004     (.common:_timeout_ticks)

.data      0    200012c8    00000009     UNINITIALIZED
                  200012c8    00000004     rtsv7M4_T_le_v4SPD16_eabi.lib : errno.c.obj (.data)
                  200012cc    00000004     servo.obj (.data)
                  200012d0    00000001     Timer.obj (.data)

.stack     0    20000270    00001000     UNINITIALIZED
                  20000270    00000004     rtsv7M4_T_le_v4SPD16_eabi.lib : boot_cortex_m.c.obj (.stack)
                  20000274    00000ffc     --HOLE--

__llvm_prf_cnts 
*          0    20000000    00000000     UNINITIALIZED

MODULE SUMMARY

       Module                         code   ro data   rw data
       ------                         ----   -------   -------
    .\
       lcd.obj                        824    8         84     
       tm4c123gh6pm_startup_ccs.obj   12     620       0      
       Timer.obj                      584    0         5      
       servo.obj                      312    0         4      
       lab9_template.obj              60     0         0      
    +--+------------------------------+------+---------+---------+
       Total:                         1792   628       93     
                                                              
    C:/ti/TivaWare_C_Series-2.1.4.178/driverlib/ccs/Debug/driverlib.lib
       interrupt.obj                  52     0         620    
    +--+------------------------------+------+---------+---------+
       Total:                         52     0         620    
                                                              
    C:\ti\ccs1010\ccs\tools\compiler\ti-cgt-arm_20.2.1.LTS\lib\rtsv7M4_T_le_v4SPD16_eabi.lib
       _printfi.c.obj                 4851   0         0      
       fd_add_t2.asm.obj              438    0         0      
       fd_div_t2.asm.obj              310    0         0      
       s_scalbn.c.obj                 272    0         0      
       fd_cmp_t2.asm.obj              268    0         0      
       ctype.c.obj                    0      257       0      
       fd_mul_t2.asm.obj              252    0         0      
       memcpy_t2.asm.obj              156    0         0      
       ull_div_t2.asm.obj             150    0         0      
       vsnprintf.c.obj                136    0         0      
       memset_t2.asm.obj              122    0         0      
       copy_decompress_lzss.c.obj     104    0         0      
       s_frexp.c.obj                  100    0         0      
       _ltoa.c.obj                    84     0         0      
       atoi.c.obj                     76     0         0      
       fd_toi_t2.asm.obj              72     0         0      
       autoinit.c.obj                 68     0         0      
       fs_tod_t2.asm.obj              56     0         0      
       boot_cortex_m.c.obj            52     0         0      
       i_tofd_t2.asm.obj              46     0         0      
       copy_zero_init.c.obj           28     0         0      
       memccpy.c.obj                  28     0         0      
       s_copysign.c.obj               26     0         0      
       strcmp.c.obj                   24     0         0      
       strchr.c.obj                   22     0         0      
       strcpy.c.obj                   20     0         0      
       strlen.c.obj                   20     0         0      
       wcslen.c.obj                   18     0         0      
       copy_decompress_none.c.obj     14     0         0      
       errno.c.obj                    8      0         4      
       exit.c.obj                     4      0         0      
       pre_init.c.obj                 4      0         0      
       div0.asm.obj                   2      0         0      
    +--+------------------------------+------+---------+---------+
       Total:                         7831   257       4      
                                                              
       Stack:                         0      0         4096   
       Linker Generated:              0      63        0      
    +--+------------------------------+------+---------+---------+
       Grand Total:                   9675   948       4813   


LINKER GENERATED COPY TABLES

__TI_cinit_table @ 00002978 records: 3, size/record: 8, table size: 24
	.data: load addr=0000295c, load size=0000000b bytes, run addr=200012c8, run size=00000009 bytes, compression=lzss
	.bss: load addr=00002968, load size=00000008 bytes, run addr=20001270, run size=00000058 bytes, compression=zero_init
	.vtable: load addr=00002970, load size=00000008 bytes, run addr=20000000, run size=0000026c bytes, compression=zero_init


LINKER GENERATED HANDLER TABLE

__TI_handler_table @ 00002950 records: 3, size/record: 4, table size: 12
	index: 0, handler: __TI_zero_init
	index: 1, handler: __TI_decompress_lzss
	index: 2, handler: __TI_decompress_none


GLOBAL SYMBOLS: SORTED ALPHABETICALLY BY Name 

address   name                          
-------   ----                          
0000283d  C$$EXIT                       
0000266d  IntRegister                   
00002823  ResetISR                      
20001270  __STACK_END                   
00001000  __STACK_SIZE                  
20000470  __STACK_TOP                   
00002978  __TI_CINIT_Base               
00002990  __TI_CINIT_Limit              
00002950  __TI_Handler_Table_Base       
0000295c  __TI_Handler_Table_Limit      
00002535  __TI_auto_init_nobinit_nopinit
000022d9  __TI_decompress_lzss          
00002815  __TI_decompress_none          
000023fb  __TI_ltoa                     
ffffffff  __TI_pprof_out_hndl           
0000026d  __TI_printfi                  
ffffffff  __TI_prof_data_size           
ffffffff  __TI_prof_data_start          
00000000  __TI_static_base__            
00002733  __TI_zero_init_nomemset       
000020e5  __aeabi_cdcmpeq               
000020e5  __aeabi_cdcmple               
0000216b  __aeabi_cdrcmple              
000024ed  __aeabi_d2iz                  
00001677  __aeabi_dadd                  
00001a99  __aeabi_ddiv                  
00001e05  __aeabi_dmul                  
0000166d  __aeabi_dsub                  
00002831  __aeabi_errno_addr            
00002633  __aeabi_f2d                   
00002705  __aeabi_i2d                   
00000cbb  __aeabi_idiv0                 
00000cbb  __aeabi_ldiv0                 
000021f1  __aeabi_memclr                
000021f1  __aeabi_memclr4               
000021f1  __aeabi_memclr8               
00001fb3  __aeabi_memcpy                
00001fb3  __aeabi_memcpy4               
00001fb3  __aeabi_memcpy8               
000021f3  __aeabi_memset                
000021f3  __aeabi_memset4               
000021f3  __aeabi_memset8               
0000204f  __aeabi_uldivmod              
ffffffff  __binit__                     
ffffffff  __c_args__                    
UNDEFED   __mpu_init                    
20000270  __stack                       
20000000  __start___llvm_prf_cnts       
20000000  __stop___llvm_prf_cnts        
000026a1  _c_int00_noargs               
00002840  _ctypes_                      
200012d0  _running                      
UNDEFED   _system_post_cinit            
00002839  _system_pre_init              
200012c4  _timeout_ticks                
0000283d  abort                         
000024a1  atoi                          
ffffffff  binit                         
0000276b  copysign                      
0000276b  copysignl                     
200012c8  errno                         
00002341  frexp                         
00002341  frexpl                        
20000000  g_pfnRAMVectors               
00000000  g_pfnVectors                  
00002805  lcd_clear                     
00000e91  lcd_gotoLine                  
00000cf9  lcd_init                      
00000ef7  lcd_printf                    
00000db9  lcd_putc                      
00000df1  lcd_puts                      
00000cbd  lcd_reverseNibble             
00000e0f  lcd_sendCommand               
00000e4d  lcd_sendNibble                
00000eb9  lcd_setCursorPos              
00001cf5  ldexp                         
00001cf5  ldexpl                        
000025f7  main                          
0000274f  memccpy                       
00001fb3  memcpy                        
000021f9  memset                        
200012cc  pulse                         
00001cf5  scalbn                        
00001cf5  scalbnl                       
00001961  servo_init                    
000019f5  servo_move                    
000027b5  strchr                        
0000279d  strcmp                        
000027cb  strcpy                        
000027df  strlen                        
00001373  timer_getMicros               
0000131b  timer_getMillis               
00001255  timer_init                    
000012f7  timer_pause                   
00001309  timer_resume                  
000012cd  timer_stop                    
000013cd  timer_waitMicros              
000013ff  timer_waitMillis              
00002579  vsnprintf                     
000027f3  wcslen                        


GLOBAL SYMBOLS: SORTED BY Symbol Address 

address   name                          
-------   ----                          
00000000  __TI_static_base__            
00000000  g_pfnVectors                  
0000026d  __TI_printfi                  
00000cbb  __aeabi_idiv0                 
00000cbb  __aeabi_ldiv0                 
00000cbd  lcd_reverseNibble             
00000cf9  lcd_init                      
00000db9  lcd_putc                      
00000df1  lcd_puts                      
00000e0f  lcd_sendCommand               
00000e4d  lcd_sendNibble                
00000e91  lcd_gotoLine                  
00000eb9  lcd_setCursorPos              
00000ef7  lcd_printf                    
00001000  __STACK_SIZE                  
00001255  timer_init                    
000012cd  timer_stop                    
000012f7  timer_pause                   
00001309  timer_resume                  
0000131b  timer_getMillis               
00001373  timer_getMicros               
000013cd  timer_waitMicros              
000013ff  timer_waitMillis              
0000166d  __aeabi_dsub                  
00001677  __aeabi_dadd                  
00001961  servo_init                    
000019f5  servo_move                    
00001a99  __aeabi_ddiv                  
00001cf5  ldexp                         
00001cf5  ldexpl                        
00001cf5  scalbn                        
00001cf5  scalbnl                       
00001e05  __aeabi_dmul                  
00001fb3  __aeabi_memcpy                
00001fb3  __aeabi_memcpy4               
00001fb3  __aeabi_memcpy8               
00001fb3  memcpy                        
0000204f  __aeabi_uldivmod              
000020e5  __aeabi_cdcmpeq               
000020e5  __aeabi_cdcmple               
0000216b  __aeabi_cdrcmple              
000021f1  __aeabi_memclr                
000021f1  __aeabi_memclr4               
000021f1  __aeabi_memclr8               
000021f3  __aeabi_memset                
000021f3  __aeabi_memset4               
000021f3  __aeabi_memset8               
000021f9  memset                        
000022d9  __TI_decompress_lzss          
00002341  frexp                         
00002341  frexpl                        
000023fb  __TI_ltoa                     
000024a1  atoi                          
000024ed  __aeabi_d2iz                  
00002535  __TI_auto_init_nobinit_nopinit
00002579  vsnprintf                     
000025f7  main                          
00002633  __aeabi_f2d                   
0000266d  IntRegister                   
000026a1  _c_int00_noargs               
00002705  __aeabi_i2d                   
00002733  __TI_zero_init_nomemset       
0000274f  memccpy                       
0000276b  copysign                      
0000276b  copysignl                     
0000279d  strcmp                        
000027b5  strchr                        
000027cb  strcpy                        
000027df  strlen                        
000027f3  wcslen                        
00002805  lcd_clear                     
00002815  __TI_decompress_none          
00002823  ResetISR                      
00002831  __aeabi_errno_addr            
00002839  _system_pre_init              
0000283d  C$$EXIT                       
0000283d  abort                         
00002840  _ctypes_                      
00002950  __TI_Handler_Table_Base       
0000295c  __TI_Handler_Table_Limit      
00002978  __TI_CINIT_Base               
00002990  __TI_CINIT_Limit              
20000000  __start___llvm_prf_cnts       
20000000  __stop___llvm_prf_cnts        
20000000  g_pfnRAMVectors               
20000270  __stack                       
20000470  __STACK_TOP                   
20001270  __STACK_END                   
200012c4  _timeout_ticks                
200012c8  errno                         
200012cc  pulse                         
200012d0  _running                      
ffffffff  __TI_pprof_out_hndl           
ffffffff  __TI_prof_data_size           
ffffffff  __TI_prof_data_start          
ffffffff  __binit__                     
ffffffff  __c_args__                    
ffffffff  binit                         
UNDEFED   __mpu_init                    
UNDEFED   _system_post_cinit            

[100 symbols]
